Archive member included to satisfy reference by file (symbol)

C:/ST/STM32CubeCLT_1.18.0/GNU-tools-for-STM32/bin/../lib/gcc/arm-none-eabi/13.3.1/../../../../arm-none-eabi/lib/thumb/v7-m/nofp\libc_nano.a(libc_a-exit.o)
                              C:/ST/STM32CubeCLT_1.18.0/GNU-tools-for-STM32/bin/../lib/gcc/arm-none-eabi/13.3.1/../../../../arm-none-eabi/lib/thumb/v7-m/nofp/crt0.o (exit)
C:/ST/STM32CubeCLT_1.18.0/GNU-tools-for-STM32/bin/../lib/gcc/arm-none-eabi/13.3.1/../../../../arm-none-eabi/lib/thumb/v7-m/nofp\libc_nano.a(libc_a-findfp.o)
                              C:/ST/STM32CubeCLT_1.18.0/GNU-tools-for-STM32/bin/../lib/gcc/arm-none-eabi/13.3.1/../../../../arm-none-eabi/lib/thumb/v7-m/nofp\libc_nano.a(libc_a-exit.o) (__stdio_exit_handler)
C:/ST/STM32CubeCLT_1.18.0/GNU-tools-for-STM32/bin/../lib/gcc/arm-none-eabi/13.3.1/../../../../arm-none-eabi/lib/thumb/v7-m/nofp\libc_nano.a(libc_a-fwalk.o)
                              C:/ST/STM32CubeCLT_1.18.0/GNU-tools-for-STM32/bin/../lib/gcc/arm-none-eabi/13.3.1/../../../../arm-none-eabi/lib/thumb/v7-m/nofp\libc_nano.a(libc_a-findfp.o) (_fwalk_sglue)
C:/ST/STM32CubeCLT_1.18.0/GNU-tools-for-STM32/bin/../lib/gcc/arm-none-eabi/13.3.1/../../../../arm-none-eabi/lib/thumb/v7-m/nofp\libc_nano.a(libc_a-stdio.o)
                              C:/ST/STM32CubeCLT_1.18.0/GNU-tools-for-STM32/bin/../lib/gcc/arm-none-eabi/13.3.1/../../../../arm-none-eabi/lib/thumb/v7-m/nofp\libc_nano.a(libc_a-findfp.o) (__sread)
C:/ST/STM32CubeCLT_1.18.0/GNU-tools-for-STM32/bin/../lib/gcc/arm-none-eabi/13.3.1/../../../../arm-none-eabi/lib/thumb/v7-m/nofp\libc_nano.a(libc_a-memset.o)
                              C:/ST/STM32CubeCLT_1.18.0/GNU-tools-for-STM32/bin/../lib/gcc/arm-none-eabi/13.3.1/../../../../arm-none-eabi/lib/thumb/v7-m/nofp/crt0.o (memset)
C:/ST/STM32CubeCLT_1.18.0/GNU-tools-for-STM32/bin/../lib/gcc/arm-none-eabi/13.3.1/../../../../arm-none-eabi/lib/thumb/v7-m/nofp\libc_nano.a(libc_a-closer.o)
                              C:/ST/STM32CubeCLT_1.18.0/GNU-tools-for-STM32/bin/../lib/gcc/arm-none-eabi/13.3.1/../../../../arm-none-eabi/lib/thumb/v7-m/nofp\libc_nano.a(libc_a-stdio.o) (_close_r)
C:/ST/STM32CubeCLT_1.18.0/GNU-tools-for-STM32/bin/../lib/gcc/arm-none-eabi/13.3.1/../../../../arm-none-eabi/lib/thumb/v7-m/nofp\libc_nano.a(libc_a-reent.o)
                              C:/ST/STM32CubeCLT_1.18.0/GNU-tools-for-STM32/bin/../lib/gcc/arm-none-eabi/13.3.1/../../../../arm-none-eabi/lib/thumb/v7-m/nofp\libc_nano.a(libc_a-closer.o) (errno)
C:/ST/STM32CubeCLT_1.18.0/GNU-tools-for-STM32/bin/../lib/gcc/arm-none-eabi/13.3.1/../../../../arm-none-eabi/lib/thumb/v7-m/nofp\libc_nano.a(libc_a-impure.o)
                              C:/ST/STM32CubeCLT_1.18.0/GNU-tools-for-STM32/bin/../lib/gcc/arm-none-eabi/13.3.1/../../../../arm-none-eabi/lib/thumb/v7-m/nofp\libc_nano.a(libc_a-reent.o) (_impure_ptr)
C:/ST/STM32CubeCLT_1.18.0/GNU-tools-for-STM32/bin/../lib/gcc/arm-none-eabi/13.3.1/../../../../arm-none-eabi/lib/thumb/v7-m/nofp\libc_nano.a(libc_a-lseekr.o)
                              C:/ST/STM32CubeCLT_1.18.0/GNU-tools-for-STM32/bin/../lib/gcc/arm-none-eabi/13.3.1/../../../../arm-none-eabi/lib/thumb/v7-m/nofp\libc_nano.a(libc_a-stdio.o) (_lseek_r)
C:/ST/STM32CubeCLT_1.18.0/GNU-tools-for-STM32/bin/../lib/gcc/arm-none-eabi/13.3.1/../../../../arm-none-eabi/lib/thumb/v7-m/nofp\libc_nano.a(libc_a-readr.o)
                              C:/ST/STM32CubeCLT_1.18.0/GNU-tools-for-STM32/bin/../lib/gcc/arm-none-eabi/13.3.1/../../../../arm-none-eabi/lib/thumb/v7-m/nofp\libc_nano.a(libc_a-stdio.o) (_read_r)
C:/ST/STM32CubeCLT_1.18.0/GNU-tools-for-STM32/bin/../lib/gcc/arm-none-eabi/13.3.1/../../../../arm-none-eabi/lib/thumb/v7-m/nofp\libc_nano.a(libc_a-writer.o)
                              C:/ST/STM32CubeCLT_1.18.0/GNU-tools-for-STM32/bin/../lib/gcc/arm-none-eabi/13.3.1/../../../../arm-none-eabi/lib/thumb/v7-m/nofp\libc_nano.a(libc_a-stdio.o) (_write_r)
C:/ST/STM32CubeCLT_1.18.0/GNU-tools-for-STM32/bin/../lib/gcc/arm-none-eabi/13.3.1/../../../../arm-none-eabi/lib/thumb/v7-m/nofp\libc_nano.a(libc_a-init.o)
                              C:/ST/STM32CubeCLT_1.18.0/GNU-tools-for-STM32/bin/../lib/gcc/arm-none-eabi/13.3.1/../../../../arm-none-eabi/lib/thumb/v7-m/nofp/crt0.o (__libc_init_array)
C:/ST/STM32CubeCLT_1.18.0/GNU-tools-for-STM32/bin/../lib/gcc/arm-none-eabi/13.3.1/../../../../arm-none-eabi/lib/thumb/v7-m/nofp\libc_nano.a(libc_a-lock.o)
                              C:/ST/STM32CubeCLT_1.18.0/GNU-tools-for-STM32/bin/../lib/gcc/arm-none-eabi/13.3.1/../../../../arm-none-eabi/lib/thumb/v7-m/nofp\libc_nano.a(libc_a-findfp.o) (__retarget_lock_init_recursive)
C:/ST/STM32CubeCLT_1.18.0/GNU-tools-for-STM32/bin/../lib/gcc/arm-none-eabi/13.3.1/../../../../arm-none-eabi/lib/thumb/v7-m/nofp\libc_nano.a(libc_a-freer.o)
                              C:/ST/STM32CubeCLT_1.18.0/GNU-tools-for-STM32/bin/../lib/gcc/arm-none-eabi/13.3.1/../../../../arm-none-eabi/lib/thumb/v7-m/nofp\libc_nano.a(libc_a-reent.o) (_free_r)
[...]
Memory Configuration

Name             Origin             Length             Attributes
RAM              0x20000000         0x00005000         xrw
FLASH            0x08000000         0x00010000         xr
*default*        0x00000000         0xffffffff

Linker script and memory map

LOAD C:/ST/STM32CubeCLT_1.18.0/GNU-tools-for-STM32/bin/../lib/gcc/arm-none-eabi/13.3.1/thumb/v7-m/nofp/crti.o
LOAD C:/ST/STM32CubeCLT_1.18.0/GNU-tools-for-STM32/bin/../lib/gcc/arm-none-eabi/13.3.1/thumb/v7-m/nofp/crtbegin.o
LOAD C:/ST/STM32CubeCLT_1.18.0/GNU-tools-for-STM32/bin/../lib/gcc/arm-none-eabi/13.3.1/../../../../arm-none-eabi/lib/thumb/v7-m/nofp/crt0.o
START GROUP
LOAD C:/ST/STM32CubeCLT_1.18.0/GNU-tools-for-STM32/bin/../lib/gcc/arm-none-eabi/13.3.1/../../../../arm-none-eabi/lib/thumb/v7-m/nofp\libc_nano.a
LOAD C:/ST/STM32CubeCLT_1.18.0/GNU-tools-for-STM32/bin/../lib/gcc/arm-none-eabi/13.3.1/../../../../arm-none-eabi/lib/thumb/v7-m/nofp\libm.a
END GROUP
LOAD cmake/stm32cubemx/CMakeFiles/STM32_Drivers.dir/__/__/Core/Src/system_stm32f1xx.c.obj
LOAD cmake/stm32cubemx/CMakeFiles/STM32_Drivers.dir/__/__/Drivers/STM32F1xx_HAL_Driver/Src/stm32f1xx_hal_gpio_ex.c.obj
LOAD cmake/stm32cubemx/CMakeFiles/STM32_Drivers.dir/__/__/Drivers/STM32F1xx_HAL_Driver/Src/stm32f1xx_hal_pcd.c.obj
LOAD cmake/stm32cubemx/CMakeFiles/STM32_Drivers.dir/__/__/Drivers/STM32F1xx_HAL_Driver/Src/stm32f1xx_hal_pcd_ex.c.obj
LOAD cmake/stm32cubemx/CMakeFiles/STM32_Drivers.dir/__/__/Drivers/STM32F1xx_HAL_Driver/Src/stm32f1xx_ll_usb.c.obj
LOAD cmake/stm32cubemx/CMakeFiles/STM32_Drivers.dir/__/__/Drivers/STM32F1xx_HAL_Driver/Src/stm32f1xx_hal.c.obj
LOAD cmake/stm32cubemx/CMakeFiles/STM32_Drivers.dir/__/__/Drivers/STM32F1xx_HAL_Driver/Src/stm32f1xx_hal_rcc.c.obj
LOAD cmake/stm32cubemx/CMakeFiles/STM32_Drivers.dir/__/__/Drivers/STM32F1xx_HAL_Driver/Src/stm32f1xx_hal_rcc_ex.c.obj
LOAD cmake/stm32cubemx/CMakeFiles/STM32_Drivers.dir/__/__/Drivers/STM32F1xx_HAL_Driver/Src/stm32f1xx_hal_gpio.c.obj
LOAD cmake/stm32cubemx/CMakeFiles/STM32_Drivers.dir/__/__/Drivers/STM32F1xx_HAL_Driver/Src/stm32f1xx_hal_dma.c.obj
LOAD cmake/stm32cubemx/CMakeFiles/STM32_Drivers.dir/__/__/Drivers/STM32F1xx_HAL_Driver/Src/stm32f1xx_hal_cortex.c.obj
LOAD cmake/stm32cubemx/CMakeFiles/STM32_Drivers.dir/__/__/Drivers/STM32F1xx_HAL_Driver/Src/stm32f1xx_hal_pwr.c.obj
LOAD cmake/stm32cubemx/CMakeFiles/STM32_Drivers.dir/__/__/Drivers/STM32F1xx_HAL_Driver/Src/stm32f1xx_hal_flash.c.obj
LOAD cmake/stm32cubemx/CMakeFiles/STM32_Drivers.dir/__/__/Drivers/STM32F1xx_HAL_Driver/Src/stm32f1xx_hal_flash_ex.c.obj
LOAD cmake/stm32cubemx/CMakeFiles/STM32_Drivers.dir/__/__/Drivers/STM32F1xx_HAL_Driver/Src/stm32f1xx_hal_exti.c.obj
LOAD cmake/stm32cubemx/CMakeFiles/STM32_Drivers.dir/__/__/Drivers/STM32F1xx_HAL_Driver/Src/stm32f1xx_hal_tim.c.obj
LOAD cmake/stm32cubemx/CMakeFiles/STM32_Drivers.dir/__/__/Drivers/STM32F1xx_HAL_Driver/Src/stm32f1xx_hal_tim_ex.c.obj
LOAD cmake/stm32cubemx/CMakeFiles/STM32_Drivers.dir/__/__/Drivers/STM32F1xx_HAL_Driver/Src/stm32f1xx_hal_uart.c.obj
LOAD cmake/stm32cubemx/CMakeFiles/USB_Device_Library.dir/__/__/Middlewares/ST/STM32_USB_Device_Library/Core/Src/usbd_core.c.obj
LOAD cmake/stm32cubemx/CMakeFiles/USB_Device_Library.dir/__/__/Middlewares/ST/STM32_USB_Device_Library/Core/Src/usbd_ctlreq.c.obj
LOAD cmake/stm32cubemx/CMakeFiles/USB_Device_Library.dir/__/__/Middlewares/ST/STM32_USB_Device_Library/Core/Src/usbd_ioreq.c.obj
LOAD cmake/stm32cubemx/CMakeFiles/USB_Device_Library.dir/__/__/Middlewares/ST/STM32_USB_Device_Library/Class/CDC/Src/usbd_cdc.c.obj
LOAD CMakeFiles/Multi_Controller.dir/USB_DEVICE/Target/usbd_conf.c.obj
LOAD CMakeFiles/Multi_Controller.dir/USB_DEVICE/App/usb_device.c.obj
LOAD CMakeFiles/Multi_Controller.dir/USB_DEVICE/App/usbd_desc.c.obj
LOAD CMakeFiles/Multi_Controller.dir/USB_DEVICE/App/usbd_cdc_if.c.obj
LOAD CMakeFiles/Multi_Controller.dir/Core/Src/main.c.obj
LOAD CMakeFiles/Multi_Controller.dir/Core/Src/stm32f1xx_it.c.obj
LOAD CMakeFiles/Multi_Controller.dir/Core/Src/stm32f1xx_hal_msp.c.obj
LOAD CMakeFiles/Multi_Controller.dir/Core/Src/sysmem.c.obj
LOAD CMakeFiles/Multi_Controller.dir/Core/Src/syscalls.c.obj
LOAD CMakeFiles/Multi_Controller.dir/startup_stm32f103xb.s.obj
START GROUP
LOAD C:/ST/STM32CubeCLT_1.18.0/GNU-tools-for-STM32/bin/../lib/gcc/arm-none-eabi/13.3.1/thumb/v7-m/nofp\libgcc.a
LOAD C:/ST/STM32CubeCLT_1.18.0/GNU-tools-for-STM32/bin/../lib/gcc/arm-none-eabi/13.3.1/../../../../arm-none-eabi/lib/thumb/v7-m/nofp\libg_nano.a
LOAD C:/ST/STM32CubeCLT_1.18.0/GNU-tools-for-STM32/bin/../lib/gcc/arm-none-eabi/13.3.1/../../../../arm-none-eabi/lib/thumb/v7-m/nofp\libc_nano.a
END GROUP
START GROUP
LOAD C:/ST/STM32CubeCLT_1.18.0/GNU-tools-for-STM32/bin/../lib/gcc/arm-none-eabi/13.3.1/thumb/v7-m/nofp\libgcc.a
LOAD C:/ST/STM32CubeCLT_1.18.0/GNU-tools-for-STM32/bin/../lib/gcc/arm-none-eabi/13.3.1/../../../../arm-none-eabi/lib/thumb/v7-m/nofp\libc_nano.a
END GROUP
LOAD C:/ST/STM32CubeCLT_1.18.0/GNU-tools-for-STM32/bin/../lib/gcc/arm-none-eabi/13.3.1/thumb/v7-m/nofp/crtend.o
LOAD C:/ST/STM32CubeCLT_1.18.0/GNU-tools-for-STM32/bin/../lib/gcc/arm-none-eabi/13.3.1/thumb/v7-m/nofp/crtn.o
                0x20005000                        _estack = (ORIGIN (RAM) + LENGTH (RAM))
                0x00000200                        _Min_Heap_Size = 0x200
                0x00000400                        _Min_Stack_Size = 0x400

.isr_vector     0x08000000      0x10c
                0x08000000                        . = ALIGN (0x4)
 *(.isr_vector)
 .isr_vector    0x08000000      0x10c CMakeFiles/Multi_Controller.dir/startup_stm32f103xb.s.obj
                0x08000000                g_pfnVectors
                0x0800010c                        . = ALIGN (0x4)

.text           0x0800010c     0xa788
                0x0800010c                        . = ALIGN (0x4)
 *(.text)
 .text          0x0800010c       0x40 C:/ST/STM32CubeCLT_1.18.0/GNU-tools-for-STM32/bin/../lib/gcc/arm-none-eabi/13.3.1/thumb/v7-m/nofp/crtbegin.o
 *(.text*)
 .text.std      0x0800014c       0x6c C:/ST/STM32CubeCLT_1.18.0/GNU-tools-for-STM32/bin/../lib/gcc/arm-none-eabi/13.3.1/../../../../arm-none-eabi/lib/thumb/v7-m/nofp\libc_nano.a(libc_a-findfp.o)
 .text.stdio_exit_handler
                0x080001b8       0x18 C:/ST/STM32CubeCLT_1.18.0/GNU-tools-for-STM32/bin/../lib/gcc/arm-none-eabi/13.3.1/../../../../arm-none-eabi/lib/thumb/v7-m/nofp\libc_nano.a(libc_a-findfp.o)
 .text.cleanup_stdio
                0x080001d0       0x40 C:/ST/STM32CubeCLT_1.18.0/GNU-tools-for-STM32/bin/../lib/gcc/arm-none-eabi/13.3.1/../../../../arm-none-eabi/lib/thumb/v7-m/nofp\libc_nano.a(libc_a-findfp.o)
 .text.global_stdio_init.part.0
                0x08000210       0x3c C:/ST/STM32CubeCLT_1.18.0/GNU-tools-for-STM32/bin/../lib/gcc/arm-none-eabi/13.3.1/../../../../arm-none-eabi/lib/thumb/v7-m/nofp\libc_nano.a(libc_a-findfp.o)
 .text.__sfp_lock_acquire
                0x0800024c        0xc C:/ST/STM32CubeCLT_1.18.0/GNU-tools-for-STM32/bin/../lib/gcc/arm-none-eabi/13.3.1/../../../../arm-none-eabi/lib/thumb/v7-m/nofp\libc_nano.a(libc_a-findfp.o)
                0x0800024c                __sfp_lock_acquire
 .text.__sfp_lock_release
                0x08000258        0xc C:/ST/STM32CubeCLT_1.18.0/GNU-tools-for-STM32/bin/../lib/gcc/arm-none-eabi/13.3.1/../../../../arm-none-eabi/lib/thumb/v7-m/nofp\libc_nano.a(libc_a-findfp.o)
                0x08000258                __sfp_lock_release
 .text.__sinit  0x08000264       0x30 C:/ST/STM32CubeCLT_1.18.0/GNU-tools-for-STM32/bin/../lib/gcc/arm-none-eabi/13.3.1/../../../../arm-none-eabi/lib/thumb/v7-m/nofp\libc_nano.a(libc_a-findfp.o)
                0x08000264                __sinit
 .text._fwalk_sglue
                0x08000294       0x3c C:/ST/STM32CubeCLT_1.18.0/GNU-tools-for-STM32/bin/../lib/gcc/arm-none-eabi/13.3.1/../../../../arm-none-eabi/lib/thumb/v7-m/nofp\libc_nano.a(libc_a-fwalk.o)
                0x08000294                _fwalk_sglue
 .text.__sread  0x080002d0       0x22 C:/ST/STM32CubeCLT_1.18.0/GNU-tools-for-STM32/bin/../lib/gcc/arm-none-eabi/13.3.1/../../../../arm-none-eabi/lib/thumb/v7-m/nofp\libc_nano.a(libc_a-stdio.o)
                0x080002d0                __sread
 .text.__swrite
                0x080002f2       0x38 C:/ST/STM32CubeCLT_1.18.0/GNU-tools-for-STM32/bin/../lib/gcc/arm-none-eabi/13.3.1/../../../../arm-none-eabi/lib/thumb/v7-m/nofp\libc_nano.a(libc_a-stdio.o)
                0x080002f2                __swrite
 .text.__sseek  0x0800032a       0x24 C:/ST/STM32CubeCLT_1.18.0/GNU-tools-for-STM32/bin/../lib/gcc/arm-none-eabi/13.3.1/../../../../arm-none-eabi/lib/thumb/v7-m/nofp\libc_nano.a(libc_a-stdio.o)
                0x0800032a                __sseek
 .text.__sclose
                0x0800034e        0x8 C:/ST/STM32CubeCLT_1.18.0/GNU-tools-for-STM32/bin/../lib/gcc/arm-none-eabi/13.3.1/../../../../arm-none-eabi/lib/thumb/v7-m/nofp\libc_nano.a(libc_a-stdio.o)
                0x0800034e                __sclose
 .text.memset   0x08000356       0x10 C:/ST/STM32CubeCLT_1.18.0/GNU-tools-for-STM32/bin/../lib/gcc/arm-none-eabi/13.3.1/../../../../arm-none-eabi/lib/thumb/v7-m/nofp\libc_nano.a(libc_a-memset.o)
                0x08000356                memset
 *fill*         0x08000366        0x2 
 .text._close_r
                0x08000368       0x20 C:/ST/STM32CubeCLT_1.18.0/GNU-tools-for-STM32/bin/../lib/gcc/arm-none-eabi/13.3.1/../../../../arm-none-eabi/lib/thumb/v7-m/nofp\libc_nano.a(libc_a-closer.o)
                0x08000368                _close_r
 .text._lseek_r
                0x08000388       0x24 C:/ST/STM32CubeCLT_1.18.0/GNU-tools-for-STM32/bin/../lib/gcc/arm-none-eabi/13.3.1/../../../../arm-none-eabi/lib/thumb/v7-m/nofp\libc_nano.a(libc_a-lseekr.o)
                0x08000388                _lseek_r
 .text._read_r  0x080003ac       0x24 C:/ST/STM32CubeCLT_1.18.0/GNU-tools-for-STM32/bin/../lib/gcc/arm-none-eabi/13.3.1/../../../../arm-none-eabi/lib/thumb/v7-m/nofp\libc_nano.a(libc_a-readr.o)
                0x080003ac                _read_r
 .text._write_r
                0x080003d0       0x24 C:/ST/STM32CubeCLT_1.18.0/GNU-tools-for-STM32/bin/../lib/gcc/arm-none-eabi/13.3.1/../../../../arm-none-eabi/lib/thumb/v7-m/nofp\libc_nano.a(libc_a-writer.o)
                0x080003d0                _write_r
 .text.__libc_init_array
                0x080003f4       0x48 C:/ST/STM32CubeCLT_1.18.0/GNU-tools-for-STM32/bin/../lib/gcc/arm-none-eabi/13.3.1/../../../../arm-none-eabi/lib/thumb/v7-m/nofp\libc_nano.a(libc_a-init.o)
                0x080003f4                __libc_init_array
 .text.__retarget_lock_init_recursive
                0x0800043c        0x2 C:/ST/STM32CubeCLT_1.18.0/GNU-tools-for-STM32/bin/../lib/gcc/arm-none-eabi/13.3.1/../../../../arm-none-eabi/lib/thumb/v7-m/nofp\libc_nano.a(libc_a-lock.o)
                0x0800043c                __retarget_lock_init_recursive
 .text.__retarget_lock_acquire_recursive
                0x0800043e        0x2 C:/ST/STM32CubeCLT_1.18.0/GNU-tools-for-STM32/bin/../lib/gcc/arm-none-eabi/13.3.1/../../../../arm-none-eabi/lib/thumb/v7-m/nofp\libc_nano.a(libc_a-lock.o)
                0x0800043e                __retarget_lock_acquire_recursive
 .text.__retarget_lock_release_recursive
                0x08000440        0x2 C:/ST/STM32CubeCLT_1.18.0/GNU-tools-for-STM32/bin/../lib/gcc/arm-none-eabi/13.3.1/../../../../arm-none-eabi/lib/thumb/v7-m/nofp\libc_nano.a(libc_a-lock.o)
                0x08000440                __retarget_lock_release_recursive
 *fill*         0x08000442        0x2 
 .text._free_r  0x08000444       0x90 C:/ST/STM32CubeCLT_1.18.0/GNU-tools-for-STM32/bin/../lib/gcc/arm-none-eabi/13.3.1/../../../../arm-none-eabi/lib/thumb/v7-m/nofp\libc_nano.a(libc_a-freer.o)
                0x08000444                _free_r
 .text.sbrk_aligned
                0x080004d4       0x44 C:/ST/STM32CubeCLT_1.18.0/GNU-tools-for-STM32/bin/../lib/gcc/arm-none-eabi/13.3.1/../../../../arm-none-eabi/lib/thumb/v7-m/nofp\libc_nano.a(libc_a-mallocr.o)
 .text._malloc_r
                0x08000518      0x100 C:/ST/STM32CubeCLT_1.18.0/GNU-tools-for-STM32/bin/../lib/gcc/arm-none-eabi/13.3.1/../../../../arm-none-eabi/lib/thumb/v7-m/nofp\libc_nano.a(libc_a-mallocr.o)
                0x08000518                _malloc_r
 .text.__malloc_lock
                0x08000618        0xc C:/ST/STM32CubeCLT_1.18.0/GNU-tools-for-STM32/bin/../lib/gcc/arm-none-eabi/13.3.1/../../../../arm-none-eabi/lib/thumb/v7-m/nofp\libc_nano.a(libc_a-mlock.o)
                0x08000618                __malloc_lock
 .text.__malloc_unlock
                0x08000624        0xc C:/ST/STM32CubeCLT_1.18.0/GNU-tools-for-STM32/bin/../lib/gcc/arm-none-eabi/13.3.1/../../../../arm-none-eabi/lib/thumb/v7-m/nofp\libc_nano.a(libc_a-mlock.o)
                0x08000624                __malloc_unlock
 .text.__sflush_r
                0x08000630      0x100 C:/ST/STM32CubeCLT_1.18.0/GNU-tools-for-STM32/bin/../lib/gcc/arm-none-eabi/13.3.1/../../../../arm-none-eabi/lib/thumb/v7-m/nofp\libc_nano.a(libc_a-fflush.o)
                0x08000630                __sflush_r
 .text._fflush_r
                0x08000730       0x50 C:/ST/STM32CubeCLT_1.18.0/GNU-tools-for-STM32/bin/../lib/gcc/arm-none-eabi/13.3.1/../../../../arm-none-eabi/lib/thumb/v7-m/nofp\libc_nano.a(libc_a-fflush.o)
                0x08000730                _fflush_r
 .text._sbrk_r  0x08000780       0x20 C:/ST/STM32CubeCLT_1.18.0/GNU-tools-for-STM32/bin/../lib/gcc/arm-none-eabi/13.3.1/../../../../arm-none-eabi/lib/thumb/v7-m/nofp\libc_nano.a(libc_a-sbrkr.o)
                0x08000780                _sbrk_r
 .text.SystemInit
                0x080007a0        0xc cmake/stm32cubemx/CMakeFiles/STM32_Drivers.dir/__/__/Core/Src/system_stm32f1xx.c.obj
                0x080007a0                SystemInit
 .text.HAL_PCD_Init
                0x080007ac      0x1ec cmake/stm32cubemx/CMakeFiles/STM32_Drivers.dir/__/__/Drivers/STM32F1xx_HAL_Driver/Src/stm32f1xx_hal_pcd.c.obj
                0x080007ac                HAL_PCD_Init
 .text.HAL_PCD_Start
                0x08000998       0x4c cmake/stm32cubemx/CMakeFiles/STM32_Drivers.dir/__/__/Drivers/STM32F1xx_HAL_Driver/Src/stm32f1xx_hal_pcd.c.obj
                0x08000998                HAL_PCD_Start
 .text.HAL_PCD_IRQHandler
                0x080009e4      0x260 cmake/stm32cubemx/CMakeFiles/STM32_Drivers.dir/__/__/Drivers/STM32F1xx_HAL_Driver/Src/stm32f1xx_hal_pcd.c.obj
                0x080009e4                HAL_PCD_IRQHandler
 .text.HAL_PCD_SetAddress
                0x08000c44       0x48 cmake/stm32cubemx/CMakeFiles/STM32_Drivers.dir/__/__/Drivers/STM32F1xx_HAL_Driver/Src/stm32f1xx_hal_pcd.c.obj
                0x08000c44                HAL_PCD_SetAddress
 .text.HAL_PCD_EP_Open
                0x08000c8c       0xba cmake/stm32cubemx/CMakeFiles/STM32_Drivers.dir/__/__/Drivers/STM32F1xx_HAL_Driver/Src/stm32f1xx_hal_pcd.c.obj
                0x08000c8c                HAL_PCD_EP_Open
 .text.HAL_PCD_EP_Close
                0x08000d46       0x90 cmake/stm32cubemx/CMakeFiles/STM32_Drivers.dir/__/__/Drivers/STM32F1xx_HAL_Driver/Src/stm32f1xx_hal_pcd.c.obj
                0x08000d46                HAL_PCD_EP_Close
 .text.HAL_PCD_EP_Receive
                0x08000dd6       0x62 cmake/stm32cubemx/CMakeFiles/STM32_Drivers.dir/__/__/Drivers/STM32F1xx_HAL_Driver/Src/stm32f1xx_hal_pcd.c.obj
                0x08000dd6                HAL_PCD_EP_Receive
 .text.HAL_PCD_EP_GetRxCount
                0x08000e38       0x2e cmake/stm32cubemx/CMakeFiles/STM32_Drivers.dir/__/__/Drivers/STM32F1xx_HAL_Driver/Src/stm32f1xx_hal_pcd.c.obj
                0x08000e38                HAL_PCD_EP_GetRxCount
 .text.HAL_PCD_EP_Transmit
                0x08000e66       0x6e cmake/stm32cubemx/CMakeFiles/STM32_Drivers.dir/__/__/Drivers/STM32F1xx_HAL_Driver/Src/stm32f1xx_hal_pcd.c.obj
                0x08000e66                HAL_PCD_EP_Transmit
 .text.HAL_PCD_EP_SetStall
                0x08000ed4       0xc0 cmake/stm32cubemx/CMakeFiles/STM32_Drivers.dir/__/__/Drivers/STM32F1xx_HAL_Driver/Src/stm32f1xx_hal_pcd.c.obj
                0x08000ed4                HAL_PCD_EP_SetStall
 .text.HAL_PCD_EP_ClrStall
                0x08000f94       0xa8 cmake/stm32cubemx/CMakeFiles/STM32_Drivers.dir/__/__/Drivers/STM32F1xx_HAL_Driver/Src/stm32f1xx_hal_pcd.c.obj
                0x08000f94                HAL_PCD_EP_ClrStall
 .text.PCD_EP_ISR_Handler
                0x0800103c      0x79e cmake/stm32cubemx/CMakeFiles/STM32_Drivers.dir/__/__/Drivers/STM32F1xx_HAL_Driver/Src/stm32f1xx_hal_pcd.c.obj
 .text.HAL_PCD_EP_DB_Receive
                0x080017da      0x21a cmake/stm32cubemx/CMakeFiles/STM32_Drivers.dir/__/__/Drivers/STM32F1xx_HAL_Driver/Src/stm32f1xx_hal_pcd.c.obj
 .text.HAL_PCD_EP_DB_Transmit
                0x080019f4      0x7f4 cmake/stm32cubemx/CMakeFiles/STM32_Drivers.dir/__/__/Drivers/STM32F1xx_HAL_Driver/Src/stm32f1xx_hal_pcd.c.obj
 .text.HAL_PCDEx_PMAConfig
                0x080021e8       0x84 cmake/stm32cubemx/CMakeFiles/STM32_Drivers.dir/__/__/Drivers/STM32F1xx_HAL_Driver/Src/stm32f1xx_hal_pcd_ex.c.obj
                0x080021e8                HAL_PCDEx_PMAConfig
 .text.USB_CoreInit
                0x0800226c       0x1a cmake/stm32cubemx/CMakeFiles/STM32_Drivers.dir/__/__/Drivers/STM32F1xx_HAL_Driver/Src/stm32f1xx_ll_usb.c.obj
                0x0800226c                USB_CoreInit
 .text.USB_EnableGlobalInt
                0x08002286       0x2c cmake/stm32cubemx/CMakeFiles/STM32_Drivers.dir/__/__/Drivers/STM32F1xx_HAL_Driver/Src/stm32f1xx_ll_usb.c.obj
                0x08002286                USB_EnableGlobalInt
 .text.USB_DisableGlobalInt
                0x080022b2       0x34 cmake/stm32cubemx/CMakeFiles/STM32_Drivers.dir/__/__/Drivers/STM32F1xx_HAL_Driver/Src/stm32f1xx_ll_usb.c.obj
                0x080022b2                USB_DisableGlobalInt
 .text.USB_SetCurrentMode
                0x080022e6       0x18 cmake/stm32cubemx/CMakeFiles/STM32_Drivers.dir/__/__/Drivers/STM32F1xx_HAL_Driver/Src/stm32f1xx_ll_usb.c.obj
                0x080022e6                USB_SetCurrentMode
 .text.USB_DevInit
                0x080022fe       0x3a cmake/stm32cubemx/CMakeFiles/STM32_Drivers.dir/__/__/Drivers/STM32F1xx_HAL_Driver/Src/stm32f1xx_ll_usb.c.obj
                0x080022fe                USB_DevInit
 .text.USB_ActivateEndpoint
                0x08002338      0x780 cmake/stm32cubemx/CMakeFiles/STM32_Drivers.dir/__/__/Drivers/STM32F1xx_HAL_Driver/Src/stm32f1xx_ll_usb.c.obj
                0x08002338                USB_ActivateEndpoint
 .text.USB_DeactivateEndpoint
                0x08002ab8      0x3d8 cmake/stm32cubemx/CMakeFiles/STM32_Drivers.dir/__/__/Drivers/STM32F1xx_HAL_Driver/Src/stm32f1xx_ll_usb.c.obj
                0x08002ab8                USB_DeactivateEndpoint
 .text.USB_EPStartXfer
                0x08002e90     0x1762 cmake/stm32cubemx/CMakeFiles/STM32_Drivers.dir/__/__/Drivers/STM32F1xx_HAL_Driver/Src/stm32f1xx_ll_usb.c.obj
                0x08002e90                USB_EPStartXfer
 .text.USB_EPSetStall
                0x080045f2       0xa0 cmake/stm32cubemx/CMakeFiles/STM32_Drivers.dir/__/__/Drivers/STM32F1xx_HAL_Driver/Src/stm32f1xx_ll_usb.c.obj
                0x080045f2                USB_EPSetStall
 .text.USB_EPClearStall
                0x08004692      0x15a cmake/stm32cubemx/CMakeFiles/STM32_Drivers.dir/__/__/Drivers/STM32F1xx_HAL_Driver/Src/stm32f1xx_ll_usb.c.obj
                0x08004692                USB_EPClearStall
 .text.USB_SetDevAddress
                0x080047ec       0x26 cmake/stm32cubemx/CMakeFiles/STM32_Drivers.dir/__/__/Drivers/STM32F1xx_HAL_Driver/Src/stm32f1xx_ll_usb.c.obj
                0x080047ec                USB_SetDevAddress
 .text.USB_DevConnect
                0x08004812       0x14 cmake/stm32cubemx/CMakeFiles/STM32_Drivers.dir/__/__/Drivers/STM32F1xx_HAL_Driver/Src/stm32f1xx_ll_usb.c.obj
                0x08004812                USB_DevConnect
 .text.USB_DevDisconnect
                0x08004826       0x14 cmake/stm32cubemx/CMakeFiles/STM32_Drivers.dir/__/__/Drivers/STM32F1xx_HAL_Driver/Src/stm32f1xx_ll_usb.c.obj
                0x08004826                USB_DevDisconnect
 .text.USB_ReadInterrupts
                0x0800483a       0x1e cmake/stm32cubemx/CMakeFiles/STM32_Drivers.dir/__/__/Drivers/STM32F1xx_HAL_Driver/Src/stm32f1xx_ll_usb.c.obj
                0x0800483a                USB_ReadInterrupts
 .text.USB_EP0_OutStart
                0x08004858       0x16 cmake/stm32cubemx/CMakeFiles/STM32_Drivers.dir/__/__/Drivers/STM32F1xx_HAL_Driver/Src/stm32f1xx_ll_usb.c.obj
                0x08004858                USB_EP0_OutStart
 .text.USB_WritePMA
                0x0800486e       0x8c cmake/stm32cubemx/CMakeFiles/STM32_Drivers.dir/__/__/Drivers/STM32F1xx_HAL_Driver/Src/stm32f1xx_ll_usb.c.obj
                0x0800486e                USB_WritePMA
 .text.USB_ReadPMA
                0x080048fa       0x9e cmake/stm32cubemx/CMakeFiles/STM32_Drivers.dir/__/__/Drivers/STM32F1xx_HAL_Driver/Src/stm32f1xx_ll_usb.c.obj
                0x080048fa                USB_ReadPMA
 .text.HAL_Init
                0x08004998       0x2c cmake/stm32cubemx/CMakeFiles/STM32_Drivers.dir/__/__/Drivers/STM32F1xx_HAL_Driver/Src/stm32f1xx_hal.c.obj
                0x08004998                HAL_Init
 .text.HAL_InitTick
                0x080049c4       0x60 cmake/stm32cubemx/CMakeFiles/STM32_Drivers.dir/__/__/Drivers/STM32F1xx_HAL_Driver/Src/stm32f1xx_hal.c.obj
                0x080049c4                HAL_InitTick
 .text.HAL_IncTick
                0x08004a24       0x24 cmake/stm32cubemx/CMakeFiles/STM32_Drivers.dir/__/__/Drivers/STM32F1xx_HAL_Driver/Src/stm32f1xx_hal.c.obj
                0x08004a24                HAL_IncTick
 .text.HAL_GetTick
                0x08004a48       0x14 cmake/stm32cubemx/CMakeFiles/STM32_Drivers.dir/__/__/Drivers/STM32F1xx_HAL_Driver/Src/stm32f1xx_hal.c.obj
                0x08004a48                HAL_GetTick
 .text.HAL_RCC_OscConfig
                0x08004a5c      0x504 cmake/stm32cubemx/CMakeFiles/STM32_Drivers.dir/__/__/Drivers/STM32F1xx_HAL_Driver/Src/stm32f1xx_hal_rcc.c.obj
                0x08004a5c                HAL_RCC_OscConfig
 .text.HAL_RCC_ClockConfig
                0x08004f60      0x1d4 cmake/stm32cubemx/CMakeFiles/STM32_Drivers.dir/__/__/Drivers/STM32F1xx_HAL_Driver/Src/stm32f1xx_hal_rcc.c.obj
                0x08004f60                HAL_RCC_ClockConfig
 .text.HAL_RCC_GetSysClockFreq
                0x08005134       0xa8 cmake/stm32cubemx/CMakeFiles/STM32_Drivers.dir/__/__/Drivers/STM32F1xx_HAL_Driver/Src/stm32f1xx_hal_rcc.c.obj
                0x08005134                HAL_RCC_GetSysClockFreq
 .text.HAL_RCC_GetHCLKFreq
                0x080051dc       0x14 cmake/stm32cubemx/CMakeFiles/STM32_Drivers.dir/__/__/Drivers/STM32F1xx_HAL_Driver/Src/stm32f1xx_hal_rcc.c.obj
                0x080051dc                HAL_RCC_GetHCLKFreq
 .text.HAL_RCC_GetPCLK1Freq
                0x080051f0       0x28 cmake/stm32cubemx/CMakeFiles/STM32_Drivers.dir/__/__/Drivers/STM32F1xx_HAL_Driver/Src/stm32f1xx_hal_rcc.c.obj
                0x080051f0                HAL_RCC_GetPCLK1Freq
 .text.HAL_RCC_GetPCLK2Freq
                0x08005218       0x28 cmake/stm32cubemx/CMakeFiles/STM32_Drivers.dir/__/__/Drivers/STM32F1xx_HAL_Driver/Src/stm32f1xx_hal_rcc.c.obj
                0x08005218                HAL_RCC_GetPCLK2Freq
 .text.RCC_Delay
                0x08005240       0x3c cmake/stm32cubemx/CMakeFiles/STM32_Drivers.dir/__/__/Drivers/STM32F1xx_HAL_Driver/Src/stm32f1xx_hal_rcc.c.obj
 .text.HAL_RCCEx_PeriphCLKConfig
                0x0800527c      0x16c cmake/stm32cubemx/CMakeFiles/STM32_Drivers.dir/__/__/Drivers/STM32F1xx_HAL_Driver/Src/stm32f1xx_hal_rcc_ex.c.obj
                0x0800527c                HAL_RCCEx_PeriphCLKConfig
 .text.HAL_GPIO_Init
                0x080053e8      0x308 cmake/stm32cubemx/CMakeFiles/STM32_Drivers.dir/__/__/Drivers/STM32F1xx_HAL_Driver/Src/stm32f1xx_hal_gpio.c.obj
                0x080053e8                HAL_GPIO_Init
 .text.HAL_GPIO_ReadPin
                0x080056f0       0x2e cmake/stm32cubemx/CMakeFiles/STM32_Drivers.dir/__/__/Drivers/STM32F1xx_HAL_Driver/Src/stm32f1xx_hal_gpio.c.obj
                0x080056f0                HAL_GPIO_ReadPin
 .text.HAL_GPIO_WritePin
                0x0800571e       0x30 cmake/stm32cubemx/CMakeFiles/STM32_Drivers.dir/__/__/Drivers/STM32F1xx_HAL_Driver/Src/stm32f1xx_hal_gpio.c.obj
                0x0800571e                HAL_GPIO_WritePin
 .text.HAL_DMA_Abort
                0x0800574e       0x76 cmake/stm32cubemx/CMakeFiles/STM32_Drivers.dir/__/__/Drivers/STM32F1xx_HAL_Driver/Src/stm32f1xx_hal_dma.c.obj
                0x0800574e                HAL_DMA_Abort
 .text.HAL_DMA_Abort_IT
                0x080057c4       0xf0 cmake/stm32cubemx/CMakeFiles/STM32_Drivers.dir/__/__/Drivers/STM32F1xx_HAL_Driver/Src/stm32f1xx_hal_dma.c.obj
                0x080057c4                HAL_DMA_Abort_IT
 .text.__NVIC_SetPriorityGrouping
                0x080058b4       0x48 cmake/stm32cubemx/CMakeFiles/STM32_Drivers.dir/__/__/Drivers/STM32F1xx_HAL_Driver/Src/stm32f1xx_hal_cortex.c.obj
 .text.__NVIC_GetPriorityGrouping
                0x080058fc       0x1c cmake/stm32cubemx/CMakeFiles/STM32_Drivers.dir/__/__/Drivers/STM32F1xx_HAL_Driver/Src/stm32f1xx_hal_cortex.c.obj
 .text.__NVIC_EnableIRQ
                0x08005918       0x38 cmake/stm32cubemx/CMakeFiles/STM32_Drivers.dir/__/__/Drivers/STM32F1xx_HAL_Driver/Src/stm32f1xx_hal_cortex.c.obj
 .text.__NVIC_SetPriority
                0x08005950       0x54 cmake/stm32cubemx/CMakeFiles/STM32_Drivers.dir/__/__/Drivers/STM32F1xx_HAL_Driver/Src/stm32f1xx_hal_cortex.c.obj
 .text.NVIC_EncodePriority
                0x080059a4       0x64 cmake/stm32cubemx/CMakeFiles/STM32_Drivers.dir/__/__/Drivers/STM32F1xx_HAL_Driver/Src/stm32f1xx_hal_cortex.c.obj
 .text.SysTick_Config
                0x08005a08       0x44 cmake/stm32cubemx/CMakeFiles/STM32_Drivers.dir/__/__/Drivers/STM32F1xx_HAL_Driver/Src/stm32f1xx_hal_cortex.c.obj
 .text.HAL_NVIC_SetPriorityGrouping
                0x08005a4c       0x16 cmake/stm32cubemx/CMakeFiles/STM32_Drivers.dir/__/__/Drivers/STM32F1xx_HAL_Driver/Src/stm32f1xx_hal_cortex.c.obj
                0x08005a4c                HAL_NVIC_SetPriorityGrouping
 .text.HAL_NVIC_SetPriority
                0x08005a62       0x38 cmake/stm32cubemx/CMakeFiles/STM32_Drivers.dir/__/__/Drivers/STM32F1xx_HAL_Driver/Src/stm32f1xx_hal_cortex.c.obj
                0x08005a62                HAL_NVIC_SetPriority
 .text.HAL_NVIC_EnableIRQ
                0x08005a9a       0x1c cmake/stm32cubemx/CMakeFiles/STM32_Drivers.dir/__/__/Drivers/STM32F1xx_HAL_Driver/Src/stm32f1xx_hal_cortex.c.obj
                0x08005a9a                HAL_NVIC_EnableIRQ
 .text.HAL_SYSTICK_Config
                0x08005ab6       0x18 cmake/stm32cubemx/CMakeFiles/STM32_Drivers.dir/__/__/Drivers/STM32F1xx_HAL_Driver/Src/stm32f1xx_hal_cortex.c.obj
                0x08005ab6                HAL_SYSTICK_Config
 .text.HAL_TIM_Base_Init
                0x08005ace       0x9e cmake/stm32cubemx/CMakeFiles/STM32_Drivers.dir/__/__/Drivers/STM32F1xx_HAL_Driver/Src/stm32f1xx_hal_tim.c.obj
                0x08005ace                HAL_TIM_Base_Init
 .text.HAL_TIM_Base_Start_IT
                0x08005b6c       0xa4 cmake/stm32cubemx/CMakeFiles/STM32_Drivers.dir/__/__/Drivers/STM32F1xx_HAL_Driver/Src/stm32f1xx_hal_tim.c.obj
                0x08005b6c                HAL_TIM_Base_Start_IT
 .text.HAL_TIM_IRQHandler
                0x08005c10      0x1e0 cmake/stm32cubemx/CMakeFiles/STM32_Drivers.dir/__/__/Drivers/STM32F1xx_HAL_Driver/Src/stm32f1xx_hal_tim.c.obj
                0x08005c10                HAL_TIM_IRQHandler
 .text.HAL_TIM_ConfigClockSource
                0x08005df0      0x18e cmake/stm32cubemx/CMakeFiles/STM32_Drivers.dir/__/__/Drivers/STM32F1xx_HAL_Driver/Src/stm32f1xx_hal_tim.c.obj
                0x08005df0                HAL_TIM_ConfigClockSource
 .text.HAL_TIM_OC_DelayElapsedCallback
                0x08005f7e       0x12 cmake/stm32cubemx/CMakeFiles/STM32_Drivers.dir/__/__/Drivers/STM32F1xx_HAL_Driver/Src/stm32f1xx_hal_tim.c.obj
                0x08005f7e                HAL_TIM_OC_DelayElapsedCallback
 .text.HAL_TIM_IC_CaptureCallback
                0x08005f90       0x12 cmake/stm32cubemx/CMakeFiles/STM32_Drivers.dir/__/__/Drivers/STM32F1xx_HAL_Driver/Src/stm32f1xx_hal_tim.c.obj
                0x08005f90                HAL_TIM_IC_CaptureCallback
 .text.HAL_TIM_PWM_PulseFinishedCallback
                0x08005fa2       0x12 cmake/stm32cubemx/CMakeFiles/STM32_Drivers.dir/__/__/Drivers/STM32F1xx_HAL_Driver/Src/stm32f1xx_hal_tim.c.obj
                0x08005fa2                HAL_TIM_PWM_PulseFinishedCallback
 .text.HAL_TIM_TriggerCallback
                0x08005fb4       0x12 cmake/stm32cubemx/CMakeFiles/STM32_Drivers.dir/__/__/Drivers/STM32F1xx_HAL_Driver/Src/stm32f1xx_hal_tim.c.obj
                0x08005fb4                HAL_TIM_TriggerCallback
 *fill*         0x08005fc6        0x2 
 .text.TIM_Base_SetConfig
                0x08005fc8       0xdc cmake/stm32cubemx/CMakeFiles/STM32_Drivers.dir/__/__/Drivers/STM32F1xx_HAL_Driver/Src/stm32f1xx_hal_tim.c.obj
                0x08005fc8                TIM_Base_SetConfig
 .text.TIM_TI1_ConfigInputStage
                0x080060a4       0x5c cmake/stm32cubemx/CMakeFiles/STM32_Drivers.dir/__/__/Drivers/STM32F1xx_HAL_Driver/Src/stm32f1xx_hal_tim.c.obj
 .text.TIM_TI2_ConfigInputStage
                0x08006100       0x5e cmake/stm32cubemx/CMakeFiles/STM32_Drivers.dir/__/__/Drivers/STM32F1xx_HAL_Driver/Src/stm32f1xx_hal_tim.c.obj
 .text.TIM_ITRx_SetConfig
                0x0800615e       0x34 cmake/stm32cubemx/CMakeFiles/STM32_Drivers.dir/__/__/Drivers/STM32F1xx_HAL_Driver/Src/stm32f1xx_hal_tim.c.obj
 .text.TIM_ETR_SetConfig
                0x08006192       0x3e cmake/stm32cubemx/CMakeFiles/STM32_Drivers.dir/__/__/Drivers/STM32F1xx_HAL_Driver/Src/stm32f1xx_hal_tim.c.obj
                0x08006192                TIM_ETR_SetConfig
 .text.HAL_TIMEx_MasterConfigSynchronization
                0x080061d0       0xbc cmake/stm32cubemx/CMakeFiles/STM32_Drivers.dir/__/__/Drivers/STM32F1xx_HAL_Driver/Src/stm32f1xx_hal_tim_ex.c.obj
                0x080061d0                HAL_TIMEx_MasterConfigSynchronization
 .text.HAL_TIMEx_CommutCallback
                0x0800628c       0x12 cmake/stm32cubemx/CMakeFiles/STM32_Drivers.dir/__/__/Drivers/STM32F1xx_HAL_Driver/Src/stm32f1xx_hal_tim_ex.c.obj
                0x0800628c                HAL_TIMEx_CommutCallback
 .text.HAL_TIMEx_BreakCallback
                0x0800629e       0x12 cmake/stm32cubemx/CMakeFiles/STM32_Drivers.dir/__/__/Drivers/STM32F1xx_HAL_Driver/Src/stm32f1xx_hal_tim_ex.c.obj
                0x0800629e                HAL_TIMEx_BreakCallback
 .text.HAL_UART_Init
                0x080062b0       0xa0 cmake/stm32cubemx/CMakeFiles/STM32_Drivers.dir/__/__/Drivers/STM32F1xx_HAL_Driver/Src/stm32f1xx_hal_uart.c.obj
                0x080062b0                HAL_UART_Init
 .text.HAL_UART_Transmit
                0x08006350      0x116 cmake/stm32cubemx/CMakeFiles/STM32_Drivers.dir/__/__/Drivers/STM32F1xx_HAL_Driver/Src/stm32f1xx_hal_uart.c.obj
                0x08006350                HAL_UART_Transmit
 .text.HAL_UART_Receive_IT
                0x08006466       0x4a cmake/stm32cubemx/CMakeFiles/STM32_Drivers.dir/__/__/Drivers/STM32F1xx_HAL_Driver/Src/stm32f1xx_hal_uart.c.obj
                0x08006466                HAL_UART_Receive_IT
 .text.HAL_UART_IRQHandler
                0x080064b0      0x524 cmake/stm32cubemx/CMakeFiles/STM32_Drivers.dir/__/__/Drivers/STM32F1xx_HAL_Driver/Src/stm32f1xx_hal_uart.c.obj
                0x080064b0                HAL_UART_IRQHandler
 .text.HAL_UART_TxCpltCallback
                0x080069d4       0x12 cmake/stm32cubemx/CMakeFiles/STM32_Drivers.dir/__/__/Drivers/STM32F1xx_HAL_Driver/Src/stm32f1xx_hal_uart.c.obj
                0x080069d4                HAL_UART_TxCpltCallback
 .text.HAL_UART_ErrorCallback
                0x080069e6       0x12 cmake/stm32cubemx/CMakeFiles/STM32_Drivers.dir/__/__/Drivers/STM32F1xx_HAL_Driver/Src/stm32f1xx_hal_uart.c.obj
                0x080069e6                HAL_UART_ErrorCallback
 .text.HAL_UARTEx_RxEventCallback
                0x080069f8       0x16 cmake/stm32cubemx/CMakeFiles/STM32_Drivers.dir/__/__/Drivers/STM32F1xx_HAL_Driver/Src/stm32f1xx_hal_uart.c.obj
                0x080069f8                HAL_UARTEx_RxEventCallback
 .text.UART_WaitOnFlagUntilTimeout
                0x08006a0e       0xb2 cmake/stm32cubemx/CMakeFiles/STM32_Drivers.dir/__/__/Drivers/STM32F1xx_HAL_Driver/Src/stm32f1xx_hal_uart.c.obj
 .text.UART_Start_Receive_IT
                0x08006ac0       0x72 cmake/stm32cubemx/CMakeFiles/STM32_Drivers.dir/__/__/Drivers/STM32F1xx_HAL_Driver/Src/stm32f1xx_hal_uart.c.obj
                0x08006ac0                UART_Start_Receive_IT
 .text.UART_EndRxTransfer
                0x08006b32       0xc4 cmake/stm32cubemx/CMakeFiles/STM32_Drivers.dir/__/__/Drivers/STM32F1xx_HAL_Driver/Src/stm32f1xx_hal_uart.c.obj
 .text.UART_DMAAbortOnError
                0x08006bf6       0x28 cmake/stm32cubemx/CMakeFiles/STM32_Drivers.dir/__/__/Drivers/STM32F1xx_HAL_Driver/Src/stm32f1xx_hal_uart.c.obj
 .text.UART_Transmit_IT
                0x08006c1e       0x9e cmake/stm32cubemx/CMakeFiles/STM32_Drivers.dir/__/__/Drivers/STM32F1xx_HAL_Driver/Src/stm32f1xx_hal_uart.c.obj
 .text.UART_EndTransmit_IT
                0x08006cbc       0x30 cmake/stm32cubemx/CMakeFiles/STM32_Drivers.dir/__/__/Drivers/STM32F1xx_HAL_Driver/Src/stm32f1xx_hal_uart.c.obj
 .text.UART_Receive_IT
                0x08006cec      0x17c cmake/stm32cubemx/CMakeFiles/STM32_Drivers.dir/__/__/Drivers/STM32F1xx_HAL_Driver/Src/stm32f1xx_hal_uart.c.obj
 .text.UART_SetConfig
                0x08006e68      0x11c cmake/stm32cubemx/CMakeFiles/STM32_Drivers.dir/__/__/Drivers/STM32F1xx_HAL_Driver/Src/stm32f1xx_hal_uart.c.obj
 .text.USBD_Init
                0x08006f84       0x56 cmake/stm32cubemx/CMakeFiles/USB_Device_Library.dir/__/__/Middlewares/ST/STM32_USB_Device_Library/Core/Src/usbd_core.c.obj
                0x08006f84                USBD_Init
 .text.USBD_RegisterClass
                0x08006fda       0x32 cmake/stm32cubemx/CMakeFiles/USB_Device_Library.dir/__/__/Middlewares/ST/STM32_USB_Device_Library/Core/Src/usbd_core.c.obj
                0x08006fda                USBD_RegisterClass
 .text.USBD_Start
                0x0800700c       0x18 cmake/stm32cubemx/CMakeFiles/USB_Device_Library.dir/__/__/Middlewares/ST/STM32_USB_Device_Library/Core/Src/usbd_core.c.obj
                0x0800700c                USBD_Start
 .text.USBD_RunTestMode
                0x08007024       0x14 cmake/stm32cubemx/CMakeFiles/USB_Device_Library.dir/__/__/Middlewares/ST/STM32_USB_Device_Library/Core/Src/usbd_core.c.obj
                0x08007024                USBD_RunTestMode
 .text.USBD_SetClassConfig
                0x08007038       0x3e cmake/stm32cubemx/CMakeFiles/USB_Device_Library.dir/__/__/Middlewares/ST/STM32_USB_Device_Library/Core/Src/usbd_core.c.obj
                0x08007038                USBD_SetClassConfig
 .text.USBD_ClrClassConfig
                0x08007076       0x26 cmake/stm32cubemx/CMakeFiles/USB_Device_Library.dir/__/__/Middlewares/ST/STM32_USB_Device_Library/Core/Src/usbd_core.c.obj
                0x08007076                USBD_ClrClassConfig
 .text.USBD_LL_SetupStage
                0x0800709c       0x9a cmake/stm32cubemx/CMakeFiles/USB_Device_Library.dir/__/__/Middlewares/ST/STM32_USB_Device_Library/Core/Src/usbd_core.c.obj
                0x0800709c                USBD_LL_SetupStage
 .text.USBD_LL_DataOutStage
                0x08007136       0xe2 cmake/stm32cubemx/CMakeFiles/USB_Device_Library.dir/__/__/Middlewares/ST/STM32_USB_Device_Library/Core/Src/usbd_core.c.obj
                0x08007136                USBD_LL_DataOutStage
 .text.USBD_LL_DataInStage
                0x08007218      0x14a cmake/stm32cubemx/CMakeFiles/USB_Device_Library.dir/__/__/Middlewares/ST/STM32_USB_Device_Library/Core/Src/usbd_core.c.obj
                0x08007218                USBD_LL_DataInStage
 .text.USBD_LL_Reset
                0x08007362       0x82 cmake/stm32cubemx/CMakeFiles/USB_Device_Library.dir/__/__/Middlewares/ST/STM32_USB_Device_Library/Core/Src/usbd_core.c.obj
                0x08007362                USBD_LL_Reset
 .text.USBD_LL_SetSpeed
                0x080073e4       0x1e cmake/stm32cubemx/CMakeFiles/USB_Device_Library.dir/__/__/Middlewares/ST/STM32_USB_Device_Library/Core/Src/usbd_core.c.obj
                0x080073e4                USBD_LL_SetSpeed
 .text.USBD_LL_Suspend
                0x08007402       0x28 cmake/stm32cubemx/CMakeFiles/USB_Device_Library.dir/__/__/Middlewares/ST/STM32_USB_Device_Library/Core/Src/usbd_core.c.obj
                0x08007402                USBD_LL_Suspend
 .text.USBD_LL_Resume
                0x0800742a       0x2a cmake/stm32cubemx/CMakeFiles/USB_Device_Library.dir/__/__/Middlewares/ST/STM32_USB_Device_Library/Core/Src/usbd_core.c.obj
                0x0800742a                USBD_LL_Resume
 .text.USBD_LL_SOF
                0x08007454       0x34 cmake/stm32cubemx/CMakeFiles/USB_Device_Library.dir/__/__/Middlewares/ST/STM32_USB_Device_Library/Core/Src/usbd_core.c.obj
                0x08007454                USBD_LL_SOF
 .text.USBD_StdDevReq
                0x08007488       0xd4 cmake/stm32cubemx/CMakeFiles/USB_Device_Library.dir/__/__/Middlewares/ST/STM32_USB_Device_Library/Core/Src/usbd_ctlreq.c.obj
                0x08007488                USBD_StdDevReq
 .text.USBD_StdItfReq
                0x0800755c       0x90 cmake/stm32cubemx/CMakeFiles/USB_Device_Library.dir/__/__/Middlewares/ST/STM32_USB_Device_Library/Core/Src/usbd_ctlreq.c.obj
                0x0800755c                USBD_StdItfReq
 .text.USBD_StdEPReq
                0x080075ec      0x2c6 cmake/stm32cubemx/CMakeFiles/USB_Device_Library.dir/__/__/Middlewares/ST/STM32_USB_Device_Library/Core/Src/usbd_ctlreq.c.obj
                0x080075ec                USBD_StdEPReq
 *fill*         0x080078b2        0x2 
 .text.USBD_GetDescriptor
                0x080078b4      0x2d0 cmake/stm32cubemx/CMakeFiles/USB_Device_Library.dir/__/__/Middlewares/ST/STM32_USB_Device_Library/Core/Src/usbd_ctlreq.c.obj
 .text.USBD_SetAddress
                0x08007b84       0x86 cmake/stm32cubemx/CMakeFiles/USB_Device_Library.dir/__/__/Middlewares/ST/STM32_USB_Device_Library/Core/Src/usbd_ctlreq.c.obj
 *fill*         0x08007c0a        0x2 
 .text.USBD_SetConfig
                0x08007c0c      0x11c cmake/stm32cubemx/CMakeFiles/USB_Device_Library.dir/__/__/Middlewares/ST/STM32_USB_Device_Library/Core/Src/usbd_ctlreq.c.obj
 .text.USBD_GetConfig
                0x08007d28       0x6a cmake/stm32cubemx/CMakeFiles/USB_Device_Library.dir/__/__/Middlewares/ST/STM32_USB_Device_Library/Core/Src/usbd_ctlreq.c.obj
 .text.USBD_GetStatus
                0x08007d92       0x66 cmake/stm32cubemx/CMakeFiles/USB_Device_Library.dir/__/__/Middlewares/ST/STM32_USB_Device_Library/Core/Src/usbd_ctlreq.c.obj
 .text.USBD_SetFeature
                0x08007df8       0x28 cmake/stm32cubemx/CMakeFiles/USB_Device_Library.dir/__/__/Middlewares/ST/STM32_USB_Device_Library/Core/Src/usbd_ctlreq.c.obj
 .text.USBD_ClrFeature
                0x08007e20       0x42 cmake/stm32cubemx/CMakeFiles/USB_Device_Library.dir/__/__/Middlewares/ST/STM32_USB_Device_Library/Core/Src/usbd_ctlreq.c.obj
 .text.USBD_ParseSetupRequest
                0x08007e62       0x72 cmake/stm32cubemx/CMakeFiles/USB_Device_Library.dir/__/__/Middlewares/ST/STM32_USB_Device_Library/Core/Src/usbd_ctlreq.c.obj
                0x08007e62                USBD_ParseSetupRequest
 .text.USBD_CtlError
                0x08007ed4       0x22 cmake/stm32cubemx/CMakeFiles/USB_Device_Library.dir/__/__/Middlewares/ST/STM32_USB_Device_Library/Core/Src/usbd_ctlreq.c.obj
                0x08007ed4                USBD_CtlError
 .text.USBD_GetString
                0x08007ef6       0x84 cmake/stm32cubemx/CMakeFiles/USB_Device_Library.dir/__/__/Middlewares/ST/STM32_USB_Device_Library/Core/Src/usbd_ctlreq.c.obj
                0x08007ef6                USBD_GetString
 .text.USBD_GetLen
                0x08007f7a       0x2e cmake/stm32cubemx/CMakeFiles/USB_Device_Library.dir/__/__/Middlewares/ST/STM32_USB_Device_Library/Core/Src/usbd_ctlreq.c.obj
 .text.USBD_CtlSendData
                0x08007fa8       0x38 cmake/stm32cubemx/CMakeFiles/USB_Device_Library.dir/__/__/Middlewares/ST/STM32_USB_Device_Library/Core/Src/usbd_ioreq.c.obj
                0x08007fa8                USBD_CtlSendData
 .text.USBD_CtlContinueSendData
                0x08007fe0       0x24 cmake/stm32cubemx/CMakeFiles/USB_Device_Library.dir/__/__/Middlewares/ST/STM32_USB_Device_Library/Core/Src/usbd_ioreq.c.obj
                0x08007fe0                USBD_CtlContinueSendData
 .text.USBD_CtlPrepareRx
                0x08008004       0x3c cmake/stm32cubemx/CMakeFiles/USB_Device_Library.dir/__/__/Middlewares/ST/STM32_USB_Device_Library/Core/Src/usbd_ioreq.c.obj
                0x08008004                USBD_CtlPrepareRx
 .text.USBD_CtlContinueRx
                0x08008040       0x24 cmake/stm32cubemx/CMakeFiles/USB_Device_Library.dir/__/__/Middlewares/ST/STM32_USB_Device_Library/Core/Src/usbd_ioreq.c.obj
                0x08008040                USBD_CtlContinueRx
 .text.USBD_CtlSendStatus
                0x08008064       0x26 cmake/stm32cubemx/CMakeFiles/USB_Device_Library.dir/__/__/Middlewares/ST/STM32_USB_Device_Library/Core/Src/usbd_ioreq.c.obj
                0x08008064                USBD_CtlSendStatus
 .text.USBD_CtlReceiveStatus
                0x0800808a       0x26 cmake/stm32cubemx/CMakeFiles/USB_Device_Library.dir/__/__/Middlewares/ST/STM32_USB_Device_Library/Core/Src/usbd_ioreq.c.obj
                0x0800808a                USBD_CtlReceiveStatus
 .text.USBD_CDC_Init
                0x080080b0       0xf4 cmake/stm32cubemx/CMakeFiles/USB_Device_Library.dir/__/__/Middlewares/ST/STM32_USB_Device_Library/Class/CDC/Src/usbd_cdc.c.obj
 .text.USBD_CDC_DeInit
                0x080081a4       0x6e cmake/stm32cubemx/CMakeFiles/USB_Device_Library.dir/__/__/Middlewares/ST/STM32_USB_Device_Library/Class/CDC/Src/usbd_cdc.c.obj
 .text.USBD_CDC_Setup
                0x08008212      0x146 cmake/stm32cubemx/CMakeFiles/USB_Device_Library.dir/__/__/Middlewares/ST/STM32_USB_Device_Library/Class/CDC/Src/usbd_cdc.c.obj
 .text.USBD_CDC_DataIn
                0x08008358       0xa6 cmake/stm32cubemx/CMakeFiles/USB_Device_Library.dir/__/__/Middlewares/ST/STM32_USB_Device_Library/Class/CDC/Src/usbd_cdc.c.obj
 .text.USBD_CDC_DataOut
                0x080083fe       0x56 cmake/stm32cubemx/CMakeFiles/USB_Device_Library.dir/__/__/Middlewares/ST/STM32_USB_Device_Library/Class/CDC/Src/usbd_cdc.c.obj
 .text.USBD_CDC_EP0_RxReady
                0x08008454       0x4e cmake/stm32cubemx/CMakeFiles/USB_Device_Library.dir/__/__/Middlewares/ST/STM32_USB_Device_Library/Class/CDC/Src/usbd_cdc.c.obj
 *fill*         0x080084a2        0x2 
 .text.USBD_CDC_GetFSCfgDesc
                0x080084a4       0x20 cmake/stm32cubemx/CMakeFiles/USB_Device_Library.dir/__/__/Middlewares/ST/STM32_USB_Device_Library/Class/CDC/Src/usbd_cdc.c.obj
 .text.USBD_CDC_GetHSCfgDesc
                0x080084c4       0x20 cmake/stm32cubemx/CMakeFiles/USB_Device_Library.dir/__/__/Middlewares/ST/STM32_USB_Device_Library/Class/CDC/Src/usbd_cdc.c.obj
 .text.USBD_CDC_GetOtherSpeedCfgDesc
                0x080084e4       0x20 cmake/stm32cubemx/CMakeFiles/USB_Device_Library.dir/__/__/Middlewares/ST/STM32_USB_Device_Library/Class/CDC/Src/usbd_cdc.c.obj
 .text.USBD_CDC_GetDeviceQualifierDescriptor
                0x08008504       0x20 cmake/stm32cubemx/CMakeFiles/USB_Device_Library.dir/__/__/Middlewares/ST/STM32_USB_Device_Library/Class/CDC/Src/usbd_cdc.c.obj
                0x08008504                USBD_CDC_GetDeviceQualifierDescriptor
 .text.USBD_CDC_RegisterInterface
                0x08008524       0x2c cmake/stm32cubemx/CMakeFiles/USB_Device_Library.dir/__/__/Middlewares/ST/STM32_USB_Device_Library/Class/CDC/Src/usbd_cdc.c.obj
                0x08008524                USBD_CDC_RegisterInterface
 .text.USBD_CDC_SetTxBuffer
                0x08008550       0x32 cmake/stm32cubemx/CMakeFiles/USB_Device_Library.dir/__/__/Middlewares/ST/STM32_USB_Device_Library/Class/CDC/Src/usbd_cdc.c.obj
                0x08008550                USBD_CDC_SetTxBuffer
 .text.USBD_CDC_SetRxBuffer
                0x08008582       0x26 cmake/stm32cubemx/CMakeFiles/USB_Device_Library.dir/__/__/Middlewares/ST/STM32_USB_Device_Library/Class/CDC/Src/usbd_cdc.c.obj
                0x08008582                USBD_CDC_SetRxBuffer
 .text.USBD_CDC_TransmitPacket
                0x080085a8       0x5e cmake/stm32cubemx/CMakeFiles/USB_Device_Library.dir/__/__/Middlewares/ST/STM32_USB_Device_Library/Class/CDC/Src/usbd_cdc.c.obj
                0x080085a8                USBD_CDC_TransmitPacket
 .text.USBD_CDC_ReceivePacket
                0x08008606       0x54 cmake/stm32cubemx/CMakeFiles/USB_Device_Library.dir/__/__/Middlewares/ST/STM32_USB_Device_Library/Class/CDC/Src/usbd_cdc.c.obj
                0x08008606                USBD_CDC_ReceivePacket
 *fill*         0x0800865a        0x2 
 .text.HAL_PCD_MspInit
                0x0800865c       0x4c CMakeFiles/Multi_Controller.dir/USB_DEVICE/Target/usbd_conf.c.obj
                0x0800865c                HAL_PCD_MspInit
 .text.HAL_PCD_SetupStageCallback
                0x080086a8       0x24 CMakeFiles/Multi_Controller.dir/USB_DEVICE/Target/usbd_conf.c.obj
                0x080086a8                HAL_PCD_SetupStageCallback
 .text.HAL_PCD_DataOutStageCallback
                0x080086cc       0x36 CMakeFiles/Multi_Controller.dir/USB_DEVICE/Target/usbd_conf.c.obj
                0x080086cc                HAL_PCD_DataOutStageCallback
 .text.HAL_PCD_DataInStageCallback
                0x08008702       0x34 CMakeFiles/Multi_Controller.dir/USB_DEVICE/Target/usbd_conf.c.obj
                0x08008702                HAL_PCD_DataInStageCallback
 .text.HAL_PCD_SOFCallback
                0x08008736       0x1c CMakeFiles/Multi_Controller.dir/USB_DEVICE/Target/usbd_conf.c.obj
                0x08008736                HAL_PCD_SOFCallback
 .text.HAL_PCD_ResetCallback
                0x08008752       0x3c CMakeFiles/Multi_Controller.dir/USB_DEVICE/Target/usbd_conf.c.obj
                0x08008752                HAL_PCD_ResetCallback
 *fill*         0x0800878e        0x2 
 .text.HAL_PCD_SuspendCallback
                0x08008790       0x34 CMakeFiles/Multi_Controller.dir/USB_DEVICE/Target/usbd_conf.c.obj
                0x08008790                HAL_PCD_SuspendCallback
 .text.HAL_PCD_ResumeCallback
                0x080087c4       0x1c CMakeFiles/Multi_Controller.dir/USB_DEVICE/Target/usbd_conf.c.obj
                0x080087c4                HAL_PCD_ResumeCallback
 .text.USBD_LL_Init
                0x080087e0       0xb4 CMakeFiles/Multi_Controller.dir/USB_DEVICE/Target/usbd_conf.c.obj
                0x080087e0                USBD_LL_Init
 .text.USBD_LL_Start
                0x08008894       0x36 CMakeFiles/Multi_Controller.dir/USB_DEVICE/Target/usbd_conf.c.obj
                0x08008894                USBD_LL_Start
 .text.USBD_LL_OpenEP
                0x080088ca       0x4c CMakeFiles/Multi_Controller.dir/USB_DEVICE/Target/usbd_conf.c.obj
                0x080088ca                USBD_LL_OpenEP
 .text.USBD_LL_CloseEP
                0x08008916       0x3e CMakeFiles/Multi_Controller.dir/USB_DEVICE/Target/usbd_conf.c.obj
                0x08008916                USBD_LL_CloseEP
 .text.USBD_LL_StallEP
                0x08008954       0x3e CMakeFiles/Multi_Controller.dir/USB_DEVICE/Target/usbd_conf.c.obj
                0x08008954                USBD_LL_StallEP
 .text.USBD_LL_ClearStallEP
                0x08008992       0x3e CMakeFiles/Multi_Controller.dir/USB_DEVICE/Target/usbd_conf.c.obj
                0x08008992                USBD_LL_ClearStallEP
 .text.USBD_LL_IsStallEP
                0x080089d0       0x56 CMakeFiles/Multi_Controller.dir/USB_DEVICE/Target/usbd_conf.c.obj
                0x080089d0                USBD_LL_IsStallEP
 .text.USBD_LL_SetUSBAddress
                0x08008a26       0x3e CMakeFiles/Multi_Controller.dir/USB_DEVICE/Target/usbd_conf.c.obj
                0x08008a26                USBD_LL_SetUSBAddress
 .text.USBD_LL_Transmit
                0x08008a64       0x46 CMakeFiles/Multi_Controller.dir/USB_DEVICE/Target/usbd_conf.c.obj
                0x08008a64                USBD_LL_Transmit
 .text.USBD_LL_PrepareReceive
                0x08008aaa       0x46 CMakeFiles/Multi_Controller.dir/USB_DEVICE/Target/usbd_conf.c.obj
                0x08008aaa                USBD_LL_PrepareReceive
 .text.USBD_LL_GetRxDataSize
                0x08008af0       0x26 CMakeFiles/Multi_Controller.dir/USB_DEVICE/Target/usbd_conf.c.obj
                0x08008af0                USBD_LL_GetRxDataSize
 *fill*         0x08008b16        0x2 
 .text.USBD_static_malloc
                0x08008b18       0x18 CMakeFiles/Multi_Controller.dir/USB_DEVICE/Target/usbd_conf.c.obj
                0x08008b18                USBD_static_malloc
 .text.USBD_static_free
                0x08008b30       0x12 CMakeFiles/Multi_Controller.dir/USB_DEVICE/Target/usbd_conf.c.obj
                0x08008b30                USBD_static_free
 .text.HAL_PCDEx_SetConnectionState
                0x08008b42       0x16 CMakeFiles/Multi_Controller.dir/USB_DEVICE/Target/usbd_conf.c.obj
                0x08008b42                HAL_PCDEx_SetConnectionState
 .text.USBD_Get_USB_Status
                0x08008b58       0x58 CMakeFiles/Multi_Controller.dir/USB_DEVICE/Target/usbd_conf.c.obj
 .text.MX_USB_DEVICE_Init
                0x08008bb0       0x60 CMakeFiles/Multi_Controller.dir/USB_DEVICE/App/usb_device.c.obj
                0x08008bb0                MX_USB_DEVICE_Init
 .text.USBD_FS_DeviceDescriptor
                0x08008c10       0x24 CMakeFiles/Multi_Controller.dir/USB_DEVICE/App/usbd_desc.c.obj
                0x08008c10                USBD_FS_DeviceDescriptor
 .text.USBD_FS_LangIDStrDescriptor
                0x08008c34       0x24 CMakeFiles/Multi_Controller.dir/USB_DEVICE/App/usbd_desc.c.obj
                0x08008c34                USBD_FS_LangIDStrDescriptor
 .text.USBD_FS_ProductStrDescriptor
                0x08008c58       0x3c CMakeFiles/Multi_Controller.dir/USB_DEVICE/App/usbd_desc.c.obj
                0x08008c58                USBD_FS_ProductStrDescriptor
 .text.USBD_FS_ManufacturerStrDescriptor
                0x08008c94       0x28 CMakeFiles/Multi_Controller.dir/USB_DEVICE/App/usbd_desc.c.obj
                0x08008c94                USBD_FS_ManufacturerStrDescriptor
 .text.USBD_FS_SerialStrDescriptor
                0x08008cbc       0x24 CMakeFiles/Multi_Controller.dir/USB_DEVICE/App/usbd_desc.c.obj
                0x08008cbc                USBD_FS_SerialStrDescriptor
 .text.USBD_FS_ConfigStrDescriptor
                0x08008ce0       0x3c CMakeFiles/Multi_Controller.dir/USB_DEVICE/App/usbd_desc.c.obj
                0x08008ce0                USBD_FS_ConfigStrDescriptor
 .text.USBD_FS_InterfaceStrDescriptor
                0x08008d1c       0x3c CMakeFiles/Multi_Controller.dir/USB_DEVICE/App/usbd_desc.c.obj
                0x08008d1c                USBD_FS_InterfaceStrDescriptor
 .text.Get_SerialNum
                0x08008d58       0x58 CMakeFiles/Multi_Controller.dir/USB_DEVICE/App/usbd_desc.c.obj
 .text.IntToUnicode
                0x08008db0       0x7c CMakeFiles/Multi_Controller.dir/USB_DEVICE/App/usbd_desc.c.obj
 .text.CDC_Init_FS
                0x08008e2c       0x28 CMakeFiles/Multi_Controller.dir/USB_DEVICE/App/usbd_cdc_if.c.obj
 .text.CDC_DeInit_FS
                0x08008e54        0xe CMakeFiles/Multi_Controller.dir/USB_DEVICE/App/usbd_cdc_if.c.obj
 *fill*         0x08008e62        0x2 
 .text.CDC_Control_FS
                0x08008e64       0xbc CMakeFiles/Multi_Controller.dir/USB_DEVICE/App/usbd_cdc_if.c.obj
 .text.CDC_Receive_FS
                0x08008f20       0x68 CMakeFiles/Multi_Controller.dir/USB_DEVICE/App/usbd_cdc_if.c.obj
 .text.CDC_Transmit_FS
                0x08008f88       0x4c CMakeFiles/Multi_Controller.dir/USB_DEVICE/App/usbd_cdc_if.c.obj
                0x08008f88                CDC_Transmit_FS
 .text.HAL_TIM_PeriodElapsedCallback
                0x08008fd4      0x104 CMakeFiles/Multi_Controller.dir/Core/Src/main.c.obj
                0x08008fd4                HAL_TIM_PeriodElapsedCallback
 .text.hextoascii
                0x080090d8       0x2a CMakeFiles/Multi_Controller.dir/Core/Src/main.c.obj
                0x080090d8                hextoascii
 *fill*         0x08009102        0x2 
 .text.hex2ascii
                0x08009104       0x48 CMakeFiles/Multi_Controller.dir/Core/Src/main.c.obj
                0x08009104                hex2ascii
 .text.calculate_crc8
                0x0800914c       0x7c CMakeFiles/Multi_Controller.dir/Core/Src/main.c.obj
                0x0800914c                calculate_crc8
 .text.Pad_calculate_crc8
                0x080091c8       0x70 CMakeFiles/Multi_Controller.dir/Core/Src/main.c.obj
                0x080091c8                Pad_calculate_crc8
 .text.USB_minipc
                0x08009238      0x22c CMakeFiles/Multi_Controller.dir/Core/Src/main.c.obj
                0x08009238                USB_minipc
 .text.RX_DATA  0x08009464       0x60 CMakeFiles/Multi_Controller.dir/Core/Src/main.c.obj
                0x08009464                RX_DATA
 .text.HAL_UART_RxCpltCallback
                0x080094c4       0x34 CMakeFiles/Multi_Controller.dir/Core/Src/main.c.obj
                0x080094c4                HAL_UART_RxCpltCallback
 .text.SystemClock_Config
                0x080094f8       0xb6 CMakeFiles/Multi_Controller.dir/Core/Src/main.c.obj
                0x080094f8                SystemClock_Config
 *fill*         0x080095ae        0x2 
 .text.MX_GPIO_Init
                0x080095b0      0x150 CMakeFiles/Multi_Controller.dir/Core/Src/main.c.obj
 .text.main     0x08009700      0x9f4 CMakeFiles/Multi_Controller.dir/Core/Src/main.c.obj
                0x08009700                main
 .text.MX_TIM1_Init
                0x0800a0f4       0xa0 CMakeFiles/Multi_Controller.dir/Core/Src/main.c.obj
 .text.MX_USART1_UART_Init
                0x0800a194       0x54 CMakeFiles/Multi_Controller.dir/Core/Src/main.c.obj
 .text.Error_Handler
                0x0800a1e8        0xc CMakeFiles/Multi_Controller.dir/Core/Src/main.c.obj
                0x0800a1e8                Error_Handler
 .text.NMI_Handler
                0x0800a1f4        0x8 CMakeFiles/Multi_Controller.dir/Core/Src/stm32f1xx_it.c.obj
                0x0800a1f4                NMI_Handler
 .text.HardFault_Handler
                0x0800a1fc        0x8 CMakeFiles/Multi_Controller.dir/Core/Src/stm32f1xx_it.c.obj
                0x0800a1fc                HardFault_Handler
 .text.MemManage_Handler
                0x0800a204        0x8 CMakeFiles/Multi_Controller.dir/Core/Src/stm32f1xx_it.c.obj
                0x0800a204                MemManage_Handler
 .text.BusFault_Handler
                0x0800a20c        0x8 CMakeFiles/Multi_Controller.dir/Core/Src/stm32f1xx_it.c.obj
                0x0800a20c                BusFault_Handler
 .text.UsageFault_Handler
                0x0800a214        0x8 CMakeFiles/Multi_Controller.dir/Core/Src/stm32f1xx_it.c.obj
                0x0800a214                UsageFault_Handler
 .text.SVC_Handler
                0x0800a21c        0xc CMakeFiles/Multi_Controller.dir/Core/Src/stm32f1xx_it.c.obj
                0x0800a21c                SVC_Handler
 .text.DebugMon_Handler
                0x0800a228        0xc CMakeFiles/Multi_Controller.dir/Core/Src/stm32f1xx_it.c.obj
                0x0800a228                DebugMon_Handler
 .text.PendSV_Handler
                0x0800a234        0xc CMakeFiles/Multi_Controller.dir/Core/Src/stm32f1xx_it.c.obj
                0x0800a234                PendSV_Handler
 .text.SysTick_Handler
                0x0800a240        0xc CMakeFiles/Multi_Controller.dir/Core/Src/stm32f1xx_it.c.obj
                0x0800a240                SysTick_Handler
 .text.USB_LP_CAN1_RX0_IRQHandler
                0x0800a24c       0x14 CMakeFiles/Multi_Controller.dir/Core/Src/stm32f1xx_it.c.obj
                0x0800a24c                USB_LP_CAN1_RX0_IRQHandler
 .text.TIM1_UP_IRQHandler
                0x0800a260       0x14 CMakeFiles/Multi_Controller.dir/Core/Src/stm32f1xx_it.c.obj
                0x0800a260                TIM1_UP_IRQHandler
 .text.USART1_IRQHandler
                0x0800a274       0x14 CMakeFiles/Multi_Controller.dir/Core/Src/stm32f1xx_it.c.obj
                0x0800a274                USART1_IRQHandler
 .text.HAL_MspInit
                0x0800a288       0x64 CMakeFiles/Multi_Controller.dir/Core/Src/stm32f1xx_hal_msp.c.obj
                0x0800a288                HAL_MspInit
 .text.HAL_TIM_Base_MspInit
                0x0800a2ec       0x4c CMakeFiles/Multi_Controller.dir/Core/Src/stm32f1xx_hal_msp.c.obj
                0x0800a2ec                HAL_TIM_Base_MspInit
 .text.HAL_UART_MspInit
                0x0800a338       0xa8 CMakeFiles/Multi_Controller.dir/Core/Src/stm32f1xx_hal_msp.c.obj
                0x0800a338                HAL_UART_MspInit
 .text._sbrk    0x0800a3e0       0x6c CMakeFiles/Multi_Controller.dir/Core/Src/sysmem.c.obj
                0x0800a3e0                _sbrk
 .text._read    0x0800a44c       0x3a CMakeFiles/Multi_Controller.dir/Core/Src/syscalls.c.obj
                0x0800a44c                _read
 .text._write   0x0800a486       0x38 CMakeFiles/Multi_Controller.dir/Core/Src/syscalls.c.obj
                0x0800a486                _write
 .text._close   0x0800a4be       0x16 CMakeFiles/Multi_Controller.dir/Core/Src/syscalls.c.obj
                0x0800a4be                _close
 .text._fstat   0x0800a4d4       0x1e CMakeFiles/Multi_Controller.dir/Core/Src/syscalls.c.obj
                0x0800a4d4                _fstat
 .text._isatty  0x0800a4f2       0x14 CMakeFiles/Multi_Controller.dir/Core/Src/syscalls.c.obj
                0x0800a4f2                _isatty
 .text._lseek   0x0800a506       0x18 CMakeFiles/Multi_Controller.dir/Core/Src/syscalls.c.obj
                0x0800a506                _lseek
 *fill*         0x0800a51e        0x2 
 .text.Reset_Handler
                0x0800a520       0x48 CMakeFiles/Multi_Controller.dir/startup_stm32f103xb.s.obj
                0x0800a520                Reset_Handler
 .text.Default_Handler
                0x0800a568        0x2 CMakeFiles/Multi_Controller.dir/startup_stm32f103xb.s.obj
                0x0800a568                RTC_Alarm_IRQHandler
                0x0800a568                EXTI2_IRQHandler
                0x0800a568                TIM1_CC_IRQHandler
                0x0800a568                PVD_IRQHandler
                0x0800a568                EXTI3_IRQHandler
                0x0800a568                EXTI0_IRQHandler
                0x0800a568                I2C2_EV_IRQHandler
                0x0800a568                ADC1_2_IRQHandler
                0x0800a568                SPI1_IRQHandler
                0x0800a568                TAMPER_IRQHandler
                0x0800a568                DMA1_Channel4_IRQHandler
                0x0800a568                USART3_IRQHandler
                0x0800a568                RTC_IRQHandler
                0x0800a568                DMA1_Channel7_IRQHandler
                0x0800a568                CAN1_RX1_IRQHandler
                0x0800a568                TIM4_IRQHandler
                0x0800a568                I2C1_EV_IRQHandler
                0x0800a568                DMA1_Channel6_IRQHandler
                0x0800a568                TIM3_IRQHandler
                0x0800a568                RCC_IRQHandler
                0x0800a568                TIM1_TRG_COM_IRQHandler
                0x0800a568                DMA1_Channel1_IRQHandler
                0x0800a568                Default_Handler
                0x0800a568                EXTI15_10_IRQHandler
                0x0800a568                EXTI9_5_IRQHandler
                0x0800a568                SPI2_IRQHandler
                0x0800a568                DMA1_Channel5_IRQHandler
                0x0800a568                EXTI4_IRQHandler
                0x0800a568                USB_HP_CAN1_TX_IRQHandler
                0x0800a568                DMA1_Channel3_IRQHandler
                0x0800a568                WWDG_IRQHandler
                0x0800a568                TIM2_IRQHandler
                0x0800a568                TIM1_BRK_IRQHandler
                0x0800a568                EXTI1_IRQHandler
                0x0800a568                USART2_IRQHandler
                0x0800a568                I2C2_ER_IRQHandler
                0x0800a568                DMA1_Channel2_IRQHandler
                0x0800a568                CAN1_SCE_IRQHandler
                0x0800a568                FLASH_IRQHandler
                0x0800a568                I2C1_ER_IRQHandler
                0x0800a568                USBWakeUp_IRQHandler
 .text._puts_r  0x0800a56a       0xaa C:/ST/STM32CubeCLT_1.18.0/GNU-tools-for-STM32/bin/../lib/gcc/arm-none-eabi/13.3.1/../../../../arm-none-eabi/lib/thumb/v7-m/nofp\libg_nano.a(libc_a-puts.o)
                0x0800a56a                _puts_r
 .text.puts     0x0800a614       0x10 C:/ST/STM32CubeCLT_1.18.0/GNU-tools-for-STM32/bin/../lib/gcc/arm-none-eabi/13.3.1/../../../../arm-none-eabi/lib/thumb/v7-m/nofp\libg_nano.a(libc_a-puts.o)
                0x0800a614                puts
 .text.__swbuf_r
                0x0800a624       0x7c C:/ST/STM32CubeCLT_1.18.0/GNU-tools-for-STM32/bin/../lib/gcc/arm-none-eabi/13.3.1/../../../../arm-none-eabi/lib/thumb/v7-m/nofp\libg_nano.a(libc_a-wbuf.o)
                0x0800a624                __swbuf_r
 .text.__swsetup_r
                0x0800a6a0       0xac C:/ST/STM32CubeCLT_1.18.0/GNU-tools-for-STM32/bin/../lib/gcc/arm-none-eabi/13.3.1/../../../../arm-none-eabi/lib/thumb/v7-m/nofp\libg_nano.a(libc_a-wsetup.o)
                0x0800a6a0                __swsetup_r
 .text.__errno  0x0800a74c        0xc C:/ST/STM32CubeCLT_1.18.0/GNU-tools-for-STM32/bin/../lib/gcc/arm-none-eabi/13.3.1/../../../../arm-none-eabi/lib/thumb/v7-m/nofp\libg_nano.a(libc_a-errno.o)
                0x0800a74c                __errno
 .text.memcpy   0x0800a758       0x1c C:/ST/STM32CubeCLT_1.18.0/GNU-tools-for-STM32/bin/../lib/gcc/arm-none-eabi/13.3.1/../../../../arm-none-eabi/lib/thumb/v7-m/nofp\libg_nano.a(libc_a-memcpy-stub.o)
                0x0800a758                memcpy
 .text.__swhatbuf_r
                0x0800a774       0x4a C:/ST/STM32CubeCLT_1.18.0/GNU-tools-for-STM32/bin/../lib/gcc/arm-none-eabi/13.3.1/../../../../arm-none-eabi/lib/thumb/v7-m/nofp\libg_nano.a(libc_a-makebuf.o)
                0x0800a774                __swhatbuf_r
 .text.__smakebuf_r
                0x0800a7be       0x78 C:/ST/STM32CubeCLT_1.18.0/GNU-tools-for-STM32/bin/../lib/gcc/arm-none-eabi/13.3.1/../../../../arm-none-eabi/lib/thumb/v7-m/nofp\libg_nano.a(libc_a-makebuf.o)
                0x0800a7be                __smakebuf_r
 *fill*         0x0800a836        0x2 
 .text._fstat_r
                0x0800a838       0x24 C:/ST/STM32CubeCLT_1.18.0/GNU-tools-for-STM32/bin/../lib/gcc/arm-none-eabi/13.3.1/../../../../arm-none-eabi/lib/thumb/v7-m/nofp\libg_nano.a(libc_a-fstatr.o)
                0x0800a838                _fstat_r
 .text._isatty_r
                0x0800a85c       0x20 C:/ST/STM32CubeCLT_1.18.0/GNU-tools-for-STM32/bin/../lib/gcc/arm-none-eabi/13.3.1/../../../../arm-none-eabi/lib/thumb/v7-m/nofp\libg_nano.a(libc_a-isattyr.o)
                0x0800a85c                _isatty_r
 *(.glue_7)
 .glue_7        0x0800a87c        0x0 linker stubs
 *(.glue_7t)
 .glue_7t       0x0800a87c        0x0 linker stubs
 *(.eh_frame)
 .eh_frame      0x0800a87c        0x0 C:/ST/STM32CubeCLT_1.18.0/GNU-tools-for-STM32/bin/../lib/gcc/arm-none-eabi/13.3.1/thumb/v7-m/nofp/crtbegin.o
 *(.init)
 .init          0x0800a87c        0x4 C:/ST/STM32CubeCLT_1.18.0/GNU-tools-for-STM32/bin/../lib/gcc/arm-none-eabi/13.3.1/thumb/v7-m/nofp/crti.o
                0x0800a87c                _init
 .init          0x0800a880        0x8 C:/ST/STM32CubeCLT_1.18.0/GNU-tools-for-STM32/bin/../lib/gcc/arm-none-eabi/13.3.1/thumb/v7-m/nofp/crtn.o
 *(.fini)
 .fini          0x0800a888        0x4 C:/ST/STM32CubeCLT_1.18.0/GNU-tools-for-STM32/bin/../lib/gcc/arm-none-eabi/13.3.1/thumb/v7-m/nofp/crti.o
                0x0800a888                _fini
 .fini          0x0800a88c        0x8 C:/ST/STM32CubeCLT_1.18.0/GNU-tools-for-STM32/bin/../lib/gcc/arm-none-eabi/13.3.1/thumb/v7-m/nofp/crtn.o
                0x0800a894                        . = ALIGN (0x4)
                0x0800a894                        _etext = .

.vfp11_veneer   0x0800a894        0x0
 .vfp11_veneer  0x0800a894        0x0 linker stubs

.v4_bx          0x0800a894        0x0
 .v4_bx         0x0800a894        0x0 linker stubs

.iplt           0x0800a894        0x0
 .iplt          0x0800a894        0x0 C:/ST/STM32CubeCLT_1.18.0/GNU-tools-for-STM32/bin/../lib/gcc/arm-none-eabi/13.3.1/thumb/v7-m/nofp/crtbegin.o

.rodata         0x0800a894       0x7c
                0x0800a894                        . = ALIGN (0x4)
 *(.rodata)
 .rodata        0x0800a894       0x46 CMakeFiles/Multi_Controller.dir/USB_DEVICE/App/usbd_desc.c.obj
 *fill*         0x0800a8da        0x2 
 .rodata        0x0800a8dc        0x5 CMakeFiles/Multi_Controller.dir/Core/Src/main.c.obj
 *(.rodata*)
 *fill*         0x0800a8e1        0x3 
 .rodata.AHBPrescTable
                0x0800a8e4       0x10 cmake/stm32cubemx/CMakeFiles/STM32_Drivers.dir/__/__/Core/Src/system_stm32f1xx.c.obj
                0x0800a8e4                AHBPrescTable
 .rodata.APBPrescTable
                0x0800a8f4        0x8 cmake/stm32cubemx/CMakeFiles/STM32_Drivers.dir/__/__/Core/Src/system_stm32f1xx.c.obj
                0x0800a8f4                APBPrescTable
 .rodata.aPLLMULFactorTable.1
                0x0800a8fc       0x10 cmake/stm32cubemx/CMakeFiles/STM32_Drivers.dir/__/__/Drivers/STM32F1xx_HAL_Driver/Src/stm32f1xx_hal_rcc.c.obj
 .rodata.aPredivFactorTable.0
                0x0800a90c        0x2 cmake/stm32cubemx/CMakeFiles/STM32_Drivers.dir/__/__/Drivers/STM32F1xx_HAL_Driver/Src/stm32f1xx_hal_rcc.c.obj
                0x0800a910                        . = ALIGN (0x4)
 *fill*         0x0800a90e        0x2 

.ARM.extab      0x0800a910        0x0
                0x0800a910                        . = ALIGN (0x4)
 *(.ARM.extab* .gnu.linkonce.armextab.*)
                0x0800a910                        . = ALIGN (0x4)

.ARM            0x0800a910        0x0
                0x0800a910                        . = ALIGN (0x4)
                0x0800a910                        __exidx_start = .
 *(.ARM.exidx*)
                0x0800a910                        __exidx_end = .
                0x0800a910                        . = ALIGN (0x4)

.preinit_array  0x0800a910        0x0
                0x0800a910                        . = ALIGN (0x4)
                0x0800a910                        PROVIDE (__preinit_array_start = .)
 *(.preinit_array*)
                0x0800a910                        PROVIDE (__preinit_array_end = .)
                0x0800a910                        . = ALIGN (0x4)

.init_array     0x0800a910        0x4
                0x0800a910                        . = ALIGN (0x4)
                0x0800a910                        PROVIDE (__init_array_start = .)
 *(SORT_BY_NAME(.init_array.*))
 *(.init_array*)
 .init_array    0x0800a910        0x4 C:/ST/STM32CubeCLT_1.18.0/GNU-tools-for-STM32/bin/../lib/gcc/arm-none-eabi/13.3.1/thumb/v7-m/nofp/crtbegin.o
                0x0800a914                        PROVIDE (__init_array_end = .)
                0x0800a914                        . = ALIGN (0x4)

.fini_array     0x0800a914        0x4
                0x0800a914                        . = ALIGN (0x4)
                [!provide]                        PROVIDE (__fini_array_start = .)
 *(SORT_BY_NAME(.fini_array.*))
 *(.fini_array*)
 .fini_array    0x0800a914        0x4 C:/ST/STM32CubeCLT_1.18.0/GNU-tools-for-STM32/bin/../lib/gcc/arm-none-eabi/13.3.1/thumb/v7-m/nofp/crtbegin.o
                [!provide]                        PROVIDE (__fini_array_end = .)
                0x0800a918                        . = ALIGN (0x4)
                0x0800a918                        _sidata = LOADADDR (.data)

.rel.dyn        0x0800a918        0x0
 .rel.iplt      0x0800a918        0x0 C:/ST/STM32CubeCLT_1.18.0/GNU-tools-for-STM32/bin/../lib/gcc/arm-none-eabi/13.3.1/thumb/v7-m/nofp/crtbegin.o

.data           0x20000000      0x1d8 load address 0x0800a918
                0x20000000                        . = ALIGN (0x4)
                0x20000000                        _sdata = .
 *(.data)
 *(.data*)
 .data.__sglue  0x20000000        0xc C:/ST/STM32CubeCLT_1.18.0/GNU-tools-for-STM32/bin/../lib/gcc/arm-none-eabi/13.3.1/../../../../arm-none-eabi/lib/thumb/v7-m/nofp\libc_nano.a(libc_a-findfp.o)
                0x20000000                __sglue
 .data._impure_ptr
                0x2000000c        0x4 C:/ST/STM32CubeCLT_1.18.0/GNU-tools-for-STM32/bin/../lib/gcc/arm-none-eabi/13.3.1/../../../../arm-none-eabi/lib/thumb/v7-m/nofp\libc_nano.a(libc_a-impure.o)
                0x2000000c                _impure_ptr
 .data._impure_data
                0x20000010       0x4c C:/ST/STM32CubeCLT_1.18.0/GNU-tools-for-STM32/bin/../lib/gcc/arm-none-eabi/13.3.1/../../../../arm-none-eabi/lib/thumb/v7-m/nofp\libc_nano.a(libc_a-impure.o)
                0x20000010                _impure_data
 .data.SystemCoreClock
                0x2000005c        0x4 cmake/stm32cubemx/CMakeFiles/STM32_Drivers.dir/__/__/Core/Src/system_stm32f1xx.c.obj
                0x2000005c                SystemCoreClock
 .data.uwTickPrio
                0x20000060        0x4 cmake/stm32cubemx/CMakeFiles/STM32_Drivers.dir/__/__/Drivers/STM32F1xx_HAL_Driver/Src/stm32f1xx_hal.c.obj
                0x20000060                uwTickPrio
 .data.uwTickFreq
                0x20000064        0x1 cmake/stm32cubemx/CMakeFiles/STM32_Drivers.dir/__/__/Drivers/STM32F1xx_HAL_Driver/Src/stm32f1xx_hal.c.obj
                0x20000064                uwTickFreq
 *fill*         0x20000065        0x3 
 .data.USBD_CDC_DeviceQualifierDesc
                0x20000068        0xa cmake/stm32cubemx/CMakeFiles/USB_Device_Library.dir/__/__/Middlewares/ST/STM32_USB_Device_Library/Class/CDC/Src/usbd_cdc.c.obj
 *fill*         0x20000072        0x2 
 .data.USBD_CDC
                0x20000074       0x38 cmake/stm32cubemx/CMakeFiles/USB_Device_Library.dir/__/__/Middlewares/ST/STM32_USB_Device_Library/Class/CDC/Src/usbd_cdc.c.obj
                0x20000074                USBD_CDC
 .data.USBD_CDC_CfgHSDesc
                0x200000ac       0x43 cmake/stm32cubemx/CMakeFiles/USB_Device_Library.dir/__/__/Middlewares/ST/STM32_USB_Device_Library/Class/CDC/Src/usbd_cdc.c.obj
                0x200000ac                USBD_CDC_CfgHSDesc
 *fill*         0x200000ef        0x1 
 .data.USBD_CDC_CfgFSDesc
                0x200000f0       0x43 cmake/stm32cubemx/CMakeFiles/USB_Device_Library.dir/__/__/Middlewares/ST/STM32_USB_Device_Library/Class/CDC/Src/usbd_cdc.c.obj
                0x200000f0                USBD_CDC_CfgFSDesc
 *fill*         0x20000133        0x1 
 .data.USBD_CDC_OtherSpeedCfgDesc
                0x20000134       0x43 cmake/stm32cubemx/CMakeFiles/USB_Device_Library.dir/__/__/Middlewares/ST/STM32_USB_Device_Library/Class/CDC/Src/usbd_cdc.c.obj
                0x20000134                USBD_CDC_OtherSpeedCfgDesc
 *fill*         0x20000177        0x1 
 .data.FS_Desc  0x20000178       0x1c CMakeFiles/Multi_Controller.dir/USB_DEVICE/App/usbd_desc.c.obj
                0x20000178                FS_Desc
 .data.USBD_FS_DeviceDesc
                0x20000194       0x12 CMakeFiles/Multi_Controller.dir/USB_DEVICE/App/usbd_desc.c.obj
                0x20000194                USBD_FS_DeviceDesc
 *fill*         0x200001a6        0x2 
 .data.USBD_LangIDDesc
                0x200001a8        0x4 CMakeFiles/Multi_Controller.dir/USB_DEVICE/App/usbd_desc.c.obj
                0x200001a8                USBD_LangIDDesc
 .data.USBD_StringSerial
                0x200001ac       0x1a CMakeFiles/Multi_Controller.dir/USB_DEVICE/App/usbd_desc.c.obj
                0x200001ac                USBD_StringSerial
 *fill*         0x200001c6        0x2 
 .data.USBD_Interface_fops_FS
                0x200001c8       0x10 CMakeFiles/Multi_Controller.dir/USB_DEVICE/App/usbd_cdc_if.c.obj
                0x200001c8                USBD_Interface_fops_FS
 *(.RamFunc)
 *(.RamFunc*)
                0x200001d8                        . = ALIGN (0x4)
                0x200001d8                        _edata = .

.igot.plt       0x200001d8        0x0 load address 0x0800aaf0
 .igot.plt      0x200001d8        0x0 C:/ST/STM32CubeCLT_1.18.0/GNU-tools-for-STM32/bin/../lib/gcc/arm-none-eabi/13.3.1/thumb/v7-m/nofp/crtbegin.o
                0x200001d8                        . = ALIGN (0x4)

.bss            0x200001d8     0x24e0 load address 0x0800aaf0
                0x200001d8                        _sbss = .
                0x200001d8                        __bss_start__ = _sbss
 *(.bss)
 .bss           0x200001d8       0x1c C:/ST/STM32CubeCLT_1.18.0/GNU-tools-for-STM32/bin/../lib/gcc/arm-none-eabi/13.3.1/thumb/v7-m/nofp/crtbegin.o
 *(.bss*)
 .bss.__sf      0x200001f4      0x138 C:/ST/STM32CubeCLT_1.18.0/GNU-tools-for-STM32/bin/../lib/gcc/arm-none-eabi/13.3.1/../../../../arm-none-eabi/lib/thumb/v7-m/nofp\libc_nano.a(libc_a-findfp.o)
                0x200001f4                __sf
 .bss.__stdio_exit_handler
                0x2000032c        0x4 C:/ST/STM32CubeCLT_1.18.0/GNU-tools-for-STM32/bin/../lib/gcc/arm-none-eabi/13.3.1/../../../../arm-none-eabi/lib/thumb/v7-m/nofp\libc_nano.a(libc_a-findfp.o)
                0x2000032c                __stdio_exit_handler
 .bss.errno     0x20000330        0x4 C:/ST/STM32CubeCLT_1.18.0/GNU-tools-for-STM32/bin/../lib/gcc/arm-none-eabi/13.3.1/../../../../arm-none-eabi/lib/thumb/v7-m/nofp\libc_nano.a(libc_a-reent.o)
                0x20000330                errno
 .bss.__lock___malloc_recursive_mutex
                0x20000334        0x1 C:/ST/STM32CubeCLT_1.18.0/GNU-tools-for-STM32/bin/../lib/gcc/arm-none-eabi/13.3.1/../../../../arm-none-eabi/lib/thumb/v7-m/nofp\libc_nano.a(libc_a-lock.o)
                0x20000334                __lock___malloc_recursive_mutex
 .bss.__lock___sfp_recursive_mutex
                0x20000335        0x1 C:/ST/STM32CubeCLT_1.18.0/GNU-tools-for-STM32/bin/../lib/gcc/arm-none-eabi/13.3.1/../../../../arm-none-eabi/lib/thumb/v7-m/nofp\libc_nano.a(libc_a-lock.o)
                0x20000335                __lock___sfp_recursive_mutex
 *fill*         0x20000336        0x2 
 .bss.__malloc_sbrk_start
                0x20000338        0x4 C:/ST/STM32CubeCLT_1.18.0/GNU-tools-for-STM32/bin/../lib/gcc/arm-none-eabi/13.3.1/../../../../arm-none-eabi/lib/thumb/v7-m/nofp\libc_nano.a(libc_a-mallocr.o)
                0x20000338                __malloc_sbrk_start
 .bss.__malloc_free_list
                0x2000033c        0x4 C:/ST/STM32CubeCLT_1.18.0/GNU-tools-for-STM32/bin/../lib/gcc/arm-none-eabi/13.3.1/../../../../arm-none-eabi/lib/thumb/v7-m/nofp\libc_nano.a(libc_a-mallocr.o)
                0x2000033c                __malloc_free_list
 .bss.uwTick    0x20000340        0x4 cmake/stm32cubemx/CMakeFiles/STM32_Drivers.dir/__/__/Drivers/STM32F1xx_HAL_Driver/Src/stm32f1xx_hal.c.obj
                0x20000340                uwTick
 .bss.cfgidx.0  0x20000344        0x1 cmake/stm32cubemx/CMakeFiles/USB_Device_Library.dir/__/__/Middlewares/ST/STM32_USB_Device_Library/Core/Src/usbd_ctlreq.c.obj
 *fill*         0x20000345        0x3 
 .bss.hpcd_USB_FS
                0x20000348      0x2d8 CMakeFiles/Multi_Controller.dir/USB_DEVICE/Target/usbd_conf.c.obj
                0x20000348                hpcd_USB_FS
 .bss.mem.0     0x20000620      0x220 CMakeFiles/Multi_Controller.dir/USB_DEVICE/Target/usbd_conf.c.obj
 .bss.hUsbDeviceFS
                0x20000840      0x2c4 CMakeFiles/Multi_Controller.dir/USB_DEVICE/App/usb_device.c.obj
                0x20000840                hUsbDeviceFS
 .bss.USBD_StrDesc
                0x20000b04      0x200 CMakeFiles/Multi_Controller.dir/USB_DEVICE/App/usbd_desc.c.obj
                0x20000b04                USBD_StrDesc
 .bss.UserRxBufferFS
                0x20000d04      0x400 CMakeFiles/Multi_Controller.dir/USB_DEVICE/App/usbd_cdc_if.c.obj
                0x20000d04                UserRxBufferFS
 .bss.UserTxBufferFS
                0x20001104      0x400 CMakeFiles/Multi_Controller.dir/USB_DEVICE/App/usbd_cdc_if.c.obj
                0x20001104                UserTxBufferFS
 .bss.htim1     0x20001504       0x48 CMakeFiles/Multi_Controller.dir/Core/Src/main.c.obj
                0x20001504                htim1
 .bss.huart1    0x2000154c       0x48 CMakeFiles/Multi_Controller.dir/Core/Src/main.c.obj
                0x2000154c                huart1
 .bss.gGlobal_Buffer
                0x20001594      0x800 CMakeFiles/Multi_Controller.dir/Core/Src/main.c.obj
                0x20001594                gGlobal_Buffer
 .bss.gGlobal_usbToggle
                0x20001d94        0x1 CMakeFiles/Multi_Controller.dir/Core/Src/main.c.obj
                0x20001d94                gGlobal_usbToggle
 *fill*         0x20001d95        0x3 
 .bss.gGlobal_usbLen
                0x20001d98        0x4 CMakeFiles/Multi_Controller.dir/Core/Src/main.c.obj
                0x20001d98                gGlobal_usbLen
 .bss.gGlobal_upButton
                0x20001d9c        0x1 CMakeFiles/Multi_Controller.dir/Core/Src/main.c.obj
                0x20001d9c                gGlobal_upButton
 .bss.gGlobal_downButton
                0x20001d9d        0x1 CMakeFiles/Multi_Controller.dir/Core/Src/main.c.obj
                0x20001d9d                gGlobal_downButton
 .bss.gGlobal_powerButton
                0x20001d9e        0x1 CMakeFiles/Multi_Controller.dir/Core/Src/main.c.obj
                0x20001d9e                gGlobal_powerButton
 .bss.gGlobal_boostButton
                0x20001d9f        0x1 CMakeFiles/Multi_Controller.dir/Core/Src/main.c.obj
                0x20001d9f                gGlobal_boostButton
 .bss.gGlobal_pcmodeButton
                0x20001da0        0x1 CMakeFiles/Multi_Controller.dir/Core/Src/main.c.obj
                0x20001da0                gGlobal_pcmodeButton
 .bss.gGlobal_memory1Button
                0x20001da1        0x1 CMakeFiles/Multi_Controller.dir/Core/Src/main.c.obj
                0x20001da1                gGlobal_memory1Button
 .bss.gGlobal_memory2Button
                0x20001da2        0x1 CMakeFiles/Multi_Controller.dir/Core/Src/main.c.obj
                0x20001da2                gGlobal_memory2Button
 .bss.gGlobal_memory3Button
                0x20001da3        0x1 CMakeFiles/Multi_Controller.dir/Core/Src/main.c.obj
                0x20001da3                gGlobal_memory3Button
 .bss.gGlobal_memory4Button
                0x20001da4        0x1 CMakeFiles/Multi_Controller.dir/Core/Src/main.c.obj
                0x20001da4                gGlobal_memory4Button
 .bss.gGlobal_triggIn1
                0x20001da5        0x1 CMakeFiles/Multi_Controller.dir/Core/Src/main.c.obj
                0x20001da5                gGlobal_triggIn1
 .bss.gGlobal_triggIn2
                0x20001da6        0x1 CMakeFiles/Multi_Controller.dir/Core/Src/main.c.obj
                0x20001da6                gGlobal_triggIn2
 .bss.gGlobal_trigginState1
                0x20001da7        0x1 CMakeFiles/Multi_Controller.dir/Core/Src/main.c.obj
                0x20001da7                gGlobal_trigginState1
 .bss.gGlobal_trigginState2
                0x20001da8        0x1 CMakeFiles/Multi_Controller.dir/Core/Src/main.c.obj
                0x20001da8                gGlobal_trigginState2
 .bss.gGlobal_state
                0x20001da9        0x1 CMakeFiles/Multi_Controller.dir/Core/Src/main.c.obj
                0x20001da9                gGlobal_state
 .bss.gGlobal_sum
                0x20001daa        0x1 CMakeFiles/Multi_Controller.dir/Core/Src/main.c.obj
                0x20001daa                gGlobal_sum
 .bss.gGlobal_sum1
                0x20001dab        0x1 CMakeFiles/Multi_Controller.dir/Core/Src/main.c.obj
                0x20001dab                gGlobal_sum1
 .bss.gGlobal_sum2
                0x20001dac        0x1 CMakeFiles/Multi_Controller.dir/Core/Src/main.c.obj
                0x20001dac                gGlobal_sum2
 *fill*         0x20001dad        0x3 
 .bss.gGlobal_Rxindx
                0x20001db0        0x4 CMakeFiles/Multi_Controller.dir/Core/Src/main.c.obj
                0x20001db0                gGlobal_Rxindx
 .bss.gGlobal_keyCount
                0x20001db4        0x4 CMakeFiles/Multi_Controller.dir/Core/Src/main.c.obj
                0x20001db4                gGlobal_keyCount
 .bss.gGlobal_longKeycount
                0x20001db8        0x4 CMakeFiles/Multi_Controller.dir/Core/Src/main.c.obj
                0x20001db8                gGlobal_longKeycount
 .bss.gGlobal_rxData
                0x20001dbc        0x2 CMakeFiles/Multi_Controller.dir/Core/Src/main.c.obj
                0x20001dbc                gGlobal_rxData
 *fill*         0x20001dbe        0x2 
 .bss.gGlobal_rxBuffer
                0x20001dc0       0x64 CMakeFiles/Multi_Controller.dir/Core/Src/main.c.obj
                0x20001dc0                gGlobal_rxBuffer
 .bss.gGlobal_tmpBuffer
                0x20001e24       0x64 CMakeFiles/Multi_Controller.dir/Core/Src/main.c.obj
                0x20001e24                gGlobal_tmpBuffer
 .bss.gGlobal_sendData
                0x20001e88        0xc CMakeFiles/Multi_Controller.dir/Core/Src/main.c.obj
                0x20001e88                gGlobal_sendData
 .bss.gGlobal_crc1
                0x20001e94        0x1 CMakeFiles/Multi_Controller.dir/Core/Src/main.c.obj
                0x20001e94                gGlobal_crc1
 .bss.gGlobal_crc2
                0x20001e95        0x1 CMakeFiles/Multi_Controller.dir/Core/Src/main.c.obj
                0x20001e95                gGlobal_crc2
 *fill*         0x20001e96        0x2 
 .bss.currentStateCLK
                0x20001e98        0x4 CMakeFiles/Multi_Controller.dir/Core/Src/main.c.obj
                0x20001e98                currentStateCLK
 .bss.lastStateCLK
                0x20001e9c        0x4 CMakeFiles/Multi_Controller.dir/Core/Src/main.c.obj
                0x20001e9c                lastStateCLK
 .bss.gGlobal_keyTimer
                0x20001ea0        0x2 CMakeFiles/Multi_Controller.dir/Core/Src/main.c.obj
 .bss.gGlobal_longKey
                0x20001ea2        0x2 CMakeFiles/Multi_Controller.dir/Core/Src/main.c.obj
 .bss.gGlobal_jog
                0x20001ea4        0x2 CMakeFiles/Multi_Controller.dir/Core/Src/main.c.obj
 .bss.gGlobal_jogTimer
                0x20001ea6        0x2 CMakeFiles/Multi_Controller.dir/Core/Src/main.c.obj
 .bss.gGlobal_ledTimer
                0x20001ea8        0x2 CMakeFiles/Multi_Controller.dir/Core/Src/main.c.obj
 .bss.gGlobal_ledCount
                0x20001eaa        0x2 CMakeFiles/Multi_Controller.dir/Core/Src/main.c.obj
 .bss.Buzzer_timer
                0x20001eac        0x2 CMakeFiles/Multi_Controller.dir/Core/Src/main.c.obj
 .bss.Buzzer_count
                0x20001eae        0x2 CMakeFiles/Multi_Controller.dir/Core/Src/main.c.obj
 .bss.collectBuffer
                0x20001eb0      0x800 CMakeFiles/Multi_Controller.dir/Core/Src/main.c.obj
 .bss.collectIndex
                0x200026b0        0x2 CMakeFiles/Multi_Controller.dir/Core/Src/main.c.obj
 .bss.isCollecting
                0x200026b2        0x1 CMakeFiles/Multi_Controller.dir/Core/Src/main.c.obj
 *fill*         0x200026b3        0x1 
 .bss.__sbrk_heap_end
                0x200026b4        0x4 CMakeFiles/Multi_Controller.dir/Core/Src/sysmem.c.obj
 *(COMMON)
                0x200026b8                        . = ALIGN (0x4)
                0x200026b8                        _ebss = .
                0x200026b8                        __bss_end__ = _ebss

._user_heap_stack
                0x200026b8      0x600 load address 0x0800aaf0
                0x200026b8                        . = ALIGN (0x8)
                [!provide]                        PROVIDE (end = .)
                0x200026b8                        PROVIDE (_end = .)
                0x200028b8                        . = (. + _Min_Heap_Size)
 *fill*         0x200026b8      0x200 
                0x20002cb8                        . = (. + _Min_Stack_Size)
 *fill*         0x200028b8      0x400 
                0x20002cb8                        . = ALIGN (0x8)

/DISCARD/
 libc.a(*)
 libm.a(*)
 libgcc.a(*)
OUTPUT(Multi_Controller.elf elf32-littlearm)
LOAD linker stubs
LOAD C:/ST/STM32CubeCLT_1.18.0/GNU-tools-for-STM32/bin/../lib/gcc/arm-none-eabi/13.3.1/../../../../arm-none-eabi/lib/thumb/v7-m/nofp\libc.a
LOAD C:/ST/STM32CubeCLT_1.18.0/GNU-tools-for-STM32/bin/../lib/gcc/arm-none-eabi/13.3.1/../../../../arm-none-eabi/lib/thumb/v7-m/nofp\libm.a
LOAD C:/ST/STM32CubeCLT_1.18.0/GNU-tools-for-STM32/bin/../lib/gcc/arm-none-eabi/13.3.1/thumb/v7-m/nofp\libgcc.a

.ARM.attributes
                0x00000000       0x29
 .ARM.attributes
                0x00000000       0x1d C:/ST/STM32CubeCLT_1.18.0/GNU-tools-for-STM32/bin/../lib/gcc/arm-none-eabi/13.3.1/thumb/v7-m/nofp/crti.o
 .ARM.attributes
                0x0000001d       0x2d C:/ST/STM32CubeCLT_1.18.0/GNU-tools-for-STM32/bin/../lib/gcc/arm-none-eabi/13.3.1/thumb/v7-m/nofp/crtbegin.o
 .ARM.attributes
                0x0000004a       0x2d C:/ST/STM32CubeCLT_1.18.0/GNU-tools-for-STM32/bin/../lib/gcc/arm-none-eabi/13.3.1/../../../../arm-none-eabi/lib/thumb/v7-m/nofp\libc_nano.a(libc_a-findfp.o)
 .ARM.attributes
                0x00000077       0x2d C:/ST/STM32CubeCLT_1.18.0/GNU-tools-for-STM32/bin/../lib/gcc/arm-none-eabi/13.3.1/../../../../arm-none-eabi/lib/thumb/v7-m/nofp\libc_nano.a(libc_a-fwalk.o)
 .ARM.attributes
                0x000000a4       0x2d C:/ST/STM32CubeCLT_1.18.0/GNU-tools-for-STM32/bin/../lib/gcc/arm-none-eabi/13.3.1/../../../../arm-none-eabi/lib/thumb/v7-m/nofp\libc_nano.a(libc_a-stdio.o)
 .ARM.attributes
                0x000000d1       0x2d C:/ST/STM32CubeCLT_1.18.0/GNU-tools-for-STM32/bin/../lib/gcc/arm-none-eabi/13.3.1/../../../../arm-none-eabi/lib/thumb/v7-m/nofp\libc_nano.a(libc_a-memset.o)
 .ARM.attributes
                0x000000fe       0x2d C:/ST/STM32CubeCLT_1.18.0/GNU-tools-for-STM32/bin/../lib/gcc/arm-none-eabi/13.3.1/../../../../arm-none-eabi/lib/thumb/v7-m/nofp\libc_nano.a(libc_a-closer.o)
 .ARM.attributes
                0x0000012b       0x2d C:/ST/STM32CubeCLT_1.18.0/GNU-tools-for-STM32/bin/../lib/gcc/arm-none-eabi/13.3.1/../../../../arm-none-eabi/lib/thumb/v7-m/nofp\libc_nano.a(libc_a-reent.o)
 .ARM.attributes
                0x00000158       0x2d C:/ST/STM32CubeCLT_1.18.0/GNU-tools-for-STM32/bin/../lib/gcc/arm-none-eabi/13.3.1/../../../../arm-none-eabi/lib/thumb/v7-m/nofp\libc_nano.a(libc_a-impure.o)
 .ARM.attributes
                0x00000185       0x2d C:/ST/STM32CubeCLT_1.18.0/GNU-tools-for-STM32/bin/../lib/gcc/arm-none-eabi/13.3.1/../../../../arm-none-eabi/lib/thumb/v7-m/nofp\libc_nano.a(libc_a-lseekr.o)
 .ARM.attributes
                0x000001b2       0x2d C:/ST/STM32CubeCLT_1.18.0/GNU-tools-for-STM32/bin/../lib/gcc/arm-none-eabi/13.3.1/../../../../arm-none-eabi/lib/thumb/v7-m/nofp\libc_nano.a(libc_a-readr.o)
 .ARM.attributes
                0x000001df       0x2d C:/ST/STM32CubeCLT_1.18.0/GNU-tools-for-STM32/bin/../lib/gcc/arm-none-eabi/13.3.1/../../../../arm-none-eabi/lib/thumb/v7-m/nofp\libc_nano.a(libc_a-writer.o)
 .ARM.attributes
                0x0000020c       0x2d C:/ST/STM32CubeCLT_1.18.0/GNU-tools-for-STM32/bin/../lib/gcc/arm-none-eabi/13.3.1/../../../../arm-none-eabi/lib/thumb/v7-m/nofp\libc_nano.a(libc_a-init.o)
 .ARM.attributes
                0x00000239       0x2d C:/ST/STM32CubeCLT_1.18.0/GNU-tools-for-STM32/bin/../lib/gcc/arm-none-eabi/13.3.1/../../../../arm-none-eabi/lib/thumb/v7-m/nofp\libc_nano.a(libc_a-lock.o)
 .ARM.attributes
                0x00000266       0x2d C:/ST/STM32CubeCLT_1.18.0/GNU-tools-for-STM32/bin/../lib/gcc/arm-none-eabi/13.3.1/../../../../arm-none-eabi/lib/thumb/v7-m/nofp\libc_nano.a(libc_a-freer.o)
 .ARM.attributes
                0x00000293       0x2d C:/ST/STM32CubeCLT_1.18.0/GNU-tools-for-STM32/bin/../lib/gcc/arm-none-eabi/13.3.1/../../../../arm-none-eabi/lib/thumb/v7-m/nofp\libc_nano.a(libc_a-mallocr.o)
 .ARM.attributes
                0x000002c0       0x2d C:/ST/STM32CubeCLT_1.18.0/GNU-tools-for-STM32/bin/../lib/gcc/arm-none-eabi/13.3.1/../../../../arm-none-eabi/lib/thumb/v7-m/nofp\libc_nano.a(libc_a-mlock.o)
 .ARM.attributes
                0x000002ed       0x2d C:/ST/STM32CubeCLT_1.18.0/GNU-tools-for-STM32/bin/../lib/gcc/arm-none-eabi/13.3.1/../../../../arm-none-eabi/lib/thumb/v7-m/nofp\libc_nano.a(libc_a-fflush.o)
 .ARM.attributes
                0x0000031a       0x2d C:/ST/STM32CubeCLT_1.18.0/GNU-tools-for-STM32/bin/../lib/gcc/arm-none-eabi/13.3.1/../../../../arm-none-eabi/lib/thumb/v7-m/nofp\libc_nano.a(libc_a-sbrkr.o)
 .ARM.attributes
                0x00000347       0x2d cmake/stm32cubemx/CMakeFiles/STM32_Drivers.dir/__/__/Core/Src/system_stm32f1xx.c.obj
 .ARM.attributes
                0x00000374       0x2d cmake/stm32cubemx/CMakeFiles/STM32_Drivers.dir/__/__/Drivers/STM32F1xx_HAL_Driver/Src/stm32f1xx_hal_pcd.c.obj
 .ARM.attributes
                0x000003a1       0x2d cmake/stm32cubemx/CMakeFiles/STM32_Drivers.dir/__/__/Drivers/STM32F1xx_HAL_Driver/Src/stm32f1xx_hal_pcd_ex.c.obj
 .ARM.attributes
                0x000003ce       0x2d cmake/stm32cubemx/CMakeFiles/STM32_Drivers.dir/__/__/Drivers/STM32F1xx_HAL_Driver/Src/stm32f1xx_ll_usb.c.obj
 .ARM.attributes
                0x000003fb       0x2d cmake/stm32cubemx/CMakeFiles/STM32_Drivers.dir/__/__/Drivers/STM32F1xx_HAL_Driver/Src/stm32f1xx_hal.c.obj
 .ARM.attributes
                0x00000428       0x2d cmake/stm32cubemx/CMakeFiles/STM32_Drivers.dir/__/__/Drivers/STM32F1xx_HAL_Driver/Src/stm32f1xx_hal_rcc.c.obj
 .ARM.attributes
                0x00000455       0x2d cmake/stm32cubemx/CMakeFiles/STM32_Drivers.dir/__/__/Drivers/STM32F1xx_HAL_Driver/Src/stm32f1xx_hal_rcc_ex.c.obj
 .ARM.attributes
                0x00000482       0x2d cmake/stm32cubemx/CMakeFiles/STM32_Drivers.dir/__/__/Drivers/STM32F1xx_HAL_Driver/Src/stm32f1xx_hal_gpio.c.obj
 .ARM.attributes
                0x000004af       0x2d cmake/stm32cubemx/CMakeFiles/STM32_Drivers.dir/__/__/Drivers/STM32F1xx_HAL_Driver/Src/stm32f1xx_hal_dma.c.obj
 .ARM.attributes
                0x000004dc       0x2d cmake/stm32cubemx/CMakeFiles/STM32_Drivers.dir/__/__/Drivers/STM32F1xx_HAL_Driver/Src/stm32f1xx_hal_cortex.c.obj
 .ARM.attributes
                0x00000509       0x2d cmake/stm32cubemx/CMakeFiles/STM32_Drivers.dir/__/__/Drivers/STM32F1xx_HAL_Driver/Src/stm32f1xx_hal_tim.c.obj
 .ARM.attributes
                0x00000536       0x2d cmake/stm32cubemx/CMakeFiles/STM32_Drivers.dir/__/__/Drivers/STM32F1xx_HAL_Driver/Src/stm32f1xx_hal_tim_ex.c.obj
 .ARM.attributes
                0x00000563       0x2d cmake/stm32cubemx/CMakeFiles/STM32_Drivers.dir/__/__/Drivers/STM32F1xx_HAL_Driver/Src/stm32f1xx_hal_uart.c.obj
 .ARM.attributes
                0x00000590       0x2d cmake/stm32cubemx/CMakeFiles/USB_Device_Library.dir/__/__/Middlewares/ST/STM32_USB_Device_Library/Core/Src/usbd_core.c.obj
 .ARM.attributes
                0x000005bd       0x2d cmake/stm32cubemx/CMakeFiles/USB_Device_Library.dir/__/__/Middlewares/ST/STM32_USB_Device_Library/Core/Src/usbd_ctlreq.c.obj
 .ARM.attributes
                0x000005ea       0x2d cmake/stm32cubemx/CMakeFiles/USB_Device_Library.dir/__/__/Middlewares/ST/STM32_USB_Device_Library/Core/Src/usbd_ioreq.c.obj
 .ARM.attributes
                0x00000617       0x2d cmake/stm32cubemx/CMakeFiles/USB_Device_Library.dir/__/__/Middlewares/ST/STM32_USB_Device_Library/Class/CDC/Src/usbd_cdc.c.obj
 .ARM.attributes
                0x00000644       0x2d CMakeFiles/Multi_Controller.dir/USB_DEVICE/Target/usbd_conf.c.obj
 .ARM.attributes
                0x00000671       0x2d CMakeFiles/Multi_Controller.dir/USB_DEVICE/App/usb_device.c.obj
 .ARM.attributes
                0x0000069e       0x2d CMakeFiles/Multi_Controller.dir/USB_DEVICE/App/usbd_desc.c.obj
 .ARM.attributes
                0x000006cb       0x2d CMakeFiles/Multi_Controller.dir/USB_DEVICE/App/usbd_cdc_if.c.obj
 .ARM.attributes
                0x000006f8       0x2d CMakeFiles/Multi_Controller.dir/Core/Src/main.c.obj
 .ARM.attributes
                0x00000725       0x2d CMakeFiles/Multi_Controller.dir/Core/Src/stm32f1xx_it.c.obj
 .ARM.attributes
                0x00000752       0x2d CMakeFiles/Multi_Controller.dir/Core/Src/stm32f1xx_hal_msp.c.obj
 .ARM.attributes
                0x0000077f       0x2d CMakeFiles/Multi_Controller.dir/Core/Src/sysmem.c.obj
 .ARM.attributes
                0x000007ac       0x2d CMakeFiles/Multi_Controller.dir/Core/Src/syscalls.c.obj
 .ARM.attributes
                0x000007d9       0x21 CMakeFiles/Multi_Controller.dir/startup_stm32f103xb.s.obj
 .ARM.attributes
                0x000007fa       0x2d C:/ST/STM32CubeCLT_1.18.0/GNU-tools-for-STM32/bin/../lib/gcc/arm-none-eabi/13.3.1/../../../../arm-none-eabi/lib/thumb/v7-m/nofp\libg_nano.a(libc_a-puts.o)
 .ARM.attributes
                0x00000827       0x2d C:/ST/STM32CubeCLT_1.18.0/GNU-tools-for-STM32/bin/../lib/gcc/arm-none-eabi/13.3.1/../../../../arm-none-eabi/lib/thumb/v7-m/nofp\libg_nano.a(libc_a-wbuf.o)
 .ARM.attributes
                0x00000854       0x2d C:/ST/STM32CubeCLT_1.18.0/GNU-tools-for-STM32/bin/../lib/gcc/arm-none-eabi/13.3.1/../../../../arm-none-eabi/lib/thumb/v7-m/nofp\libg_nano.a(libc_a-wsetup.o)
 .ARM.attributes
                0x00000881       0x2d C:/ST/STM32CubeCLT_1.18.0/GNU-tools-for-STM32/bin/../lib/gcc/arm-none-eabi/13.3.1/../../../../arm-none-eabi/lib/thumb/v7-m/nofp\libg_nano.a(libc_a-errno.o)
 .ARM.attributes
                0x000008ae       0x2d C:/ST/STM32CubeCLT_1.18.0/GNU-tools-for-STM32/bin/../lib/gcc/arm-none-eabi/13.3.1/../../../../arm-none-eabi/lib/thumb/v7-m/nofp\libg_nano.a(libc_a-memcpy-stub.o)
 .ARM.attributes
                0x000008db       0x2d C:/ST/STM32CubeCLT_1.18.0/GNU-tools-for-STM32/bin/../lib/gcc/arm-none-eabi/13.3.1/../../../../arm-none-eabi/lib/thumb/v7-m/nofp\libg_nano.a(libc_a-makebuf.o)
 .ARM.attributes
                0x00000908       0x2d C:/ST/STM32CubeCLT_1.18.0/GNU-tools-for-STM32/bin/../lib/gcc/arm-none-eabi/13.3.1/../../../../arm-none-eabi/lib/thumb/v7-m/nofp\libg_nano.a(libc_a-fstatr.o)
 .ARM.attributes
                0x00000935       0x2d C:/ST/STM32CubeCLT_1.18.0/GNU-tools-for-STM32/bin/../lib/gcc/arm-none-eabi/13.3.1/../../../../arm-none-eabi/lib/thumb/v7-m/nofp\libg_nano.a(libc_a-isattyr.o)
 .ARM.attributes