Archive member included to satisfy reference by file (symbol)

C:/ST/STM32CubeCLT_1.18.0/GNU-tools-for-STM32/bin/../lib/gcc/arm-none-eabi/13.3.1/../../../../arm-none-eabi/lib/thumb/v7-m/nofp\libc_nano.a(libc_a-exit.o)
                              C:/ST/STM32CubeCLT_1.18.0/GNU-tools-for-STM32/bin/../lib/gcc/arm-none-eabi/13.3.1/../../../../arm-none-eabi/lib/thumb/v7-m/nofp/crt0.o (exit)
C:/ST/STM32CubeCLT_1.18.0/GNU-tools-for-STM32/bin/../lib/gcc/arm-none-eabi/13.3.1/../../../../arm-none-eabi/lib/thumb/v7-m/nofp\libc_nano.a(libc_a-findfp.o)
                              C:/ST/STM32CubeCLT_1.18.0/GNU-tools-for-STM32/bin/../lib/gcc/arm-none-eabi/13.3.1/../../../../arm-none-eabi/lib/thumb/v7-m/nofp\libc_nano.a(libc_a-exit.o) (__stdio_exit_handler)
C:/ST/STM32CubeCLT_1.18.0/GNU-tools-for-STM32/bin/../lib/gcc/arm-none-eabi/13.3.1/../../../../arm-none-eabi/lib/thumb/v7-m/nofp\libc_nano.a(libc_a-fwalk.o)
                              C:/ST/STM32CubeCLT_1.18.0/GNU-tools-for-STM32/bin/../lib/gcc/arm-none-eabi/13.3.1/../../../../arm-none-eabi/lib/thumb/v7-m/nofp\libc_nano.a(libc_a-findfp.o) (_fwalk_sglue)
C:/ST/STM32CubeCLT_1.18.0/GNU-tools-for-STM32/bin/../lib/gcc/arm-none-eabi/13.3.1/../../../../arm-none-eabi/lib/thumb/v7-m/nofp\libc_nano.a(libc_a-stdio.o)
                              C:/ST/STM32CubeCLT_1.18.0/GNU-tools-for-STM32/bin/../lib/gcc/arm-none-eabi/13.3.1/../../../../arm-none-eabi/lib/thumb/v7-m/nofp\libc_nano.a(libc_a-findfp.o) (__sread)
C:/ST/STM32CubeCLT_1.18.0/GNU-tools-for-STM32/bin/../lib/gcc/arm-none-eabi/13.3.1/../../../../arm-none-eabi/lib/thumb/v7-m/nofp\libc_nano.a(libc_a-memset.o)
                              C:/ST/STM32CubeCLT_1.18.0/GNU-tools-for-STM32/bin/../lib/gcc/arm-none-eabi/13.3.1/../../../../arm-none-eabi/lib/thumb/v7-m/nofp/crt0.o (memset)
C:/ST/STM32CubeCLT_1.18.0/GNU-tools-for-STM32/bin/../lib/gcc/arm-none-eabi/13.3.1/../../../../arm-none-eabi/lib/thumb/v7-m/nofp\libc_nano.a(libc_a-closer.o)
                              C:/ST/STM32CubeCLT_1.18.0/GNU-tools-for-STM32/bin/../lib/gcc/arm-none-eabi/13.3.1/../../../../arm-none-eabi/lib/thumb/v7-m/nofp\libc_nano.a(libc_a-stdio.o) (_close_r)
C:/ST/STM32CubeCLT_1.18.0/GNU-tools-for-STM32/bin/../lib/gcc/arm-none-eabi/13.3.1/../../../../arm-none-eabi/lib/thumb/v7-m/nofp\libc_nano.a(libc_a-reent.o)
                              C:/ST/STM32CubeCLT_1.18.0/GNU-tools-for-STM32/bin/../lib/gcc/arm-none-eabi/13.3.1/../../../../arm-none-eabi/lib/thumb/v7-m/nofp\libc_nano.a(libc_a-closer.o) (errno)
C:/ST/STM32CubeCLT_1.18.0/GNU-tools-for-STM32/bin/../lib/gcc/arm-none-eabi/13.3.1/../../../../arm-none-eabi/lib/thumb/v7-m/nofp\libc_nano.a(libc_a-impure.o)
                              C:/ST/STM32CubeCLT_1.18.0/GNU-tools-for-STM32/bin/../lib/gcc/arm-none-eabi/13.3.1/../../../../arm-none-eabi/lib/thumb/v7-m/nofp\libc_nano.a(libc_a-reent.o) (_impure_ptr)
C:/ST/STM32CubeCLT_1.18.0/GNU-tools-for-STM32/bin/../lib/gcc/arm-none-eabi/13.3.1/../../../../arm-none-eabi/lib/thumb/v7-m/nofp\libc_nano.a(libc_a-lseekr.o)
                              C:/ST/STM32CubeCLT_1.18.0/GNU-tools-for-STM32/bin/../lib/gcc/arm-none-eabi/13.3.1/../../../../arm-none-eabi/lib/thumb/v7-m/nofp\libc_nano.a(libc_a-stdio.o) (_lseek_r)
C:/ST/STM32CubeCLT_1.18.0/GNU-tools-for-STM32/bin/../lib/gcc/arm-none-eabi/13.3.1/../../../../arm-none-eabi/lib/thumb/v7-m/nofp\libc_nano.a(libc_a-readr.o)
                              C:/ST/STM32CubeCLT_1.18.0/GNU-tools-for-STM32/bin/../lib/gcc/arm-none-eabi/13.3.1/../../../../arm-none-eabi/lib/thumb/v7-m/nofp\libc_nano.a(libc_a-stdio.o) (_read_r)
C:/ST/STM32CubeCLT_1.18.0/GNU-tools-for-STM32/bin/../lib/gcc/arm-none-eabi/13.3.1/../../../../arm-none-eabi/lib/thumb/v7-m/nofp\libc_nano.a(libc_a-writer.o)
                              C:/ST/STM32CubeCLT_1.18.0/GNU-tools-for-STM32/bin/../lib/gcc/arm-none-eabi/13.3.1/../../../../arm-none-eabi/lib/thumb/v7-m/nofp\libc_nano.a(libc_a-stdio.o) (_write_r)
C:/ST/STM32CubeCLT_1.18.0/GNU-tools-for-STM32/bin/../lib/gcc/arm-none-eabi/13.3.1/../../../../arm-none-eabi/lib/thumb/v7-m/nofp\libc_nano.a(libc_a-init.o)
                              C:/ST/STM32CubeCLT_1.18.0/GNU-tools-for-STM32/bin/../lib/gcc/arm-none-eabi/13.3.1/../../../../arm-none-eabi/lib/thumb/v7-m/nofp/crt0.o (__libc_init_array)
C:/ST/STM32CubeCLT_1.18.0/GNU-tools-for-STM32/bin/../lib/gcc/arm-none-eabi/13.3.1/../../../../arm-none-eabi/lib/thumb/v7-m/nofp\libc_nano.a(libc_a-lock.o)
                              C:/ST/STM32CubeCLT_1.18.0/GNU-tools-for-STM32/bin/../lib/gcc/arm-none-eabi/13.3.1/../../../../arm-none-eabi/lib/thumb/v7-m/nofp\libc_nano.a(libc_a-findfp.o) (__retarget_lock_init_recursive)
C:/ST/STM32CubeCLT_1.18.0/GNU-tools-for-STM32/bin/../lib/gcc/arm-none-eabi/13.3.1/../../../../arm-none-eabi/lib/thumb/v7-m/nofp\libc_nano.a(libc_a-freer.o)
                              C:/ST/STM32CubeCLT_1.18.0/GNU-tools-for-STM32/bin/../lib/gcc/arm-none-eabi/13.3.1/../../../../arm-none-eabi/lib/thumb/v7-m/nofp\libc_nano.a(libc_a-reent.o) (_free_r)
[...]
Memory Configuration

Name             Origin             Length             Attributes
RAM              0x20000000         0x00005000         xrw
FLASH            0x08000000         0x00010000         xr
*default*        0x00000000         0xffffffff

Linker script and memory map

LOAD C:/ST/STM32CubeCLT_1.18.0/GNU-tools-for-STM32/bin/../lib/gcc/arm-none-eabi/13.3.1/thumb/v7-m/nofp/crti.o
LOAD C:/ST/STM32CubeCLT_1.18.0/GNU-tools-for-STM32/bin/../lib/gcc/arm-none-eabi/13.3.1/thumb/v7-m/nofp/crtbegin.o
LOAD C:/ST/STM32CubeCLT_1.18.0/GNU-tools-for-STM32/bin/../lib/gcc/arm-none-eabi/13.3.1/../../../../arm-none-eabi/lib/thumb/v7-m/nofp/crt0.o
START GROUP
LOAD C:/ST/STM32CubeCLT_1.18.0/GNU-tools-for-STM32/bin/../lib/gcc/arm-none-eabi/13.3.1/../../../../arm-none-eabi/lib/thumb/v7-m/nofp\libc_nano.a
LOAD C:/ST/STM32CubeCLT_1.18.0/GNU-tools-for-STM32/bin/../lib/gcc/arm-none-eabi/13.3.1/../../../../arm-none-eabi/lib/thumb/v7-m/nofp\libm.a
END GROUP
LOAD cmake/stm32cubemx/CMakeFiles/STM32_Drivers.dir/__/__/Core/Src/system_stm32f1xx.c.obj
LOAD cmake/stm32cubemx/CMakeFiles/STM32_Drivers.dir/__/__/Drivers/STM32F1xx_HAL_Driver/Src/stm32f1xx_hal_gpio_ex.c.obj
LOAD cmake/stm32cubemx/CMakeFiles/STM32_Drivers.dir/__/__/Drivers/STM32F1xx_HAL_Driver/Src/stm32f1xx_hal_pcd.c.obj
LOAD cmake/stm32cubemx/CMakeFiles/STM32_Drivers.dir/__/__/Drivers/STM32F1xx_HAL_Driver/Src/stm32f1xx_hal_pcd_ex.c.obj
LOAD cmake/stm32cubemx/CMakeFiles/STM32_Drivers.dir/__/__/Drivers/STM32F1xx_HAL_Driver/Src/stm32f1xx_ll_usb.c.obj
LOAD cmake/stm32cubemx/CMakeFiles/STM32_Drivers.dir/__/__/Drivers/STM32F1xx_HAL_Driver/Src/stm32f1xx_hal.c.obj
LOAD cmake/stm32cubemx/CMakeFiles/STM32_Drivers.dir/__/__/Drivers/STM32F1xx_HAL_Driver/Src/stm32f1xx_hal_rcc.c.obj
LOAD cmake/stm32cubemx/CMakeFiles/STM32_Drivers.dir/__/__/Drivers/STM32F1xx_HAL_Driver/Src/stm32f1xx_hal_rcc_ex.c.obj
LOAD cmake/stm32cubemx/CMakeFiles/STM32_Drivers.dir/__/__/Drivers/STM32F1xx_HAL_Driver/Src/stm32f1xx_hal_gpio.c.obj
LOAD cmake/stm32cubemx/CMakeFiles/STM32_Drivers.dir/__/__/Drivers/STM32F1xx_HAL_Driver/Src/stm32f1xx_hal_dma.c.obj
LOAD cmake/stm32cubemx/CMakeFiles/STM32_Drivers.dir/__/__/Drivers/STM32F1xx_HAL_Driver/Src/stm32f1xx_hal_cortex.c.obj
LOAD cmake/stm32cubemx/CMakeFiles/STM32_Drivers.dir/__/__/Drivers/STM32F1xx_HAL_Driver/Src/stm32f1xx_hal_pwr.c.obj
LOAD cmake/stm32cubemx/CMakeFiles/STM32_Drivers.dir/__/__/Drivers/STM32F1xx_HAL_Driver/Src/stm32f1xx_hal_flash.c.obj
LOAD cmake/stm32cubemx/CMakeFiles/STM32_Drivers.dir/__/__/Drivers/STM32F1xx_HAL_Driver/Src/stm32f1xx_hal_flash_ex.c.obj
LOAD cmake/stm32cubemx/CMakeFiles/STM32_Drivers.dir/__/__/Drivers/STM32F1xx_HAL_Driver/Src/stm32f1xx_hal_exti.c.obj
LOAD cmake/stm32cubemx/CMakeFiles/STM32_Drivers.dir/__/__/Drivers/STM32F1xx_HAL_Driver/Src/stm32f1xx_hal_tim.c.obj
LOAD cmake/stm32cubemx/CMakeFiles/STM32_Drivers.dir/__/__/Drivers/STM32F1xx_HAL_Driver/Src/stm32f1xx_hal_tim_ex.c.obj
LOAD cmake/stm32cubemx/CMakeFiles/STM32_Drivers.dir/__/__/Drivers/STM32F1xx_HAL_Driver/Src/stm32f1xx_hal_uart.c.obj
LOAD cmake/stm32cubemx/CMakeFiles/USB_Device_Library.dir/__/__/Middlewares/ST/STM32_USB_Device_Library/Core/Src/usbd_core.c.obj
LOAD cmake/stm32cubemx/CMakeFiles/USB_Device_Library.dir/__/__/Middlewares/ST/STM32_USB_Device_Library/Core/Src/usbd_ctlreq.c.obj
LOAD cmake/stm32cubemx/CMakeFiles/USB_Device_Library.dir/__/__/Middlewares/ST/STM32_USB_Device_Library/Core/Src/usbd_ioreq.c.obj
LOAD cmake/stm32cubemx/CMakeFiles/USB_Device_Library.dir/__/__/Middlewares/ST/STM32_USB_Device_Library/Class/CDC/Src/usbd_cdc.c.obj
LOAD CMakeFiles/Multi_Controller.dir/USB_DEVICE/Target/usbd_conf.c.obj
LOAD CMakeFiles/Multi_Controller.dir/USB_DEVICE/App/usb_device.c.obj
LOAD CMakeFiles/Multi_Controller.dir/USB_DEVICE/App/usbd_desc.c.obj
LOAD CMakeFiles/Multi_Controller.dir/USB_DEVICE/App/usbd_cdc_if.c.obj
LOAD CMakeFiles/Multi_Controller.dir/Core/Src/main.c.obj
LOAD CMakeFiles/Multi_Controller.dir/Core/Src/stm32f1xx_it.c.obj
LOAD CMakeFiles/Multi_Controller.dir/Core/Src/stm32f1xx_hal_msp.c.obj
LOAD CMakeFiles/Multi_Controller.dir/Core/Src/sysmem.c.obj
LOAD CMakeFiles/Multi_Controller.dir/Core/Src/syscalls.c.obj
LOAD CMakeFiles/Multi_Controller.dir/startup_stm32f103xb.s.obj
START GROUP
LOAD C:/ST/STM32CubeCLT_1.18.0/GNU-tools-for-STM32/bin/../lib/gcc/arm-none-eabi/13.3.1/thumb/v7-m/nofp\libgcc.a
LOAD C:/ST/STM32CubeCLT_1.18.0/GNU-tools-for-STM32/bin/../lib/gcc/arm-none-eabi/13.3.1/../../../../arm-none-eabi/lib/thumb/v7-m/nofp\libg_nano.a
LOAD C:/ST/STM32CubeCLT_1.18.0/GNU-tools-for-STM32/bin/../lib/gcc/arm-none-eabi/13.3.1/../../../../arm-none-eabi/lib/thumb/v7-m/nofp\libc_nano.a
END GROUP
START GROUP
LOAD C:/ST/STM32CubeCLT_1.18.0/GNU-tools-for-STM32/bin/../lib/gcc/arm-none-eabi/13.3.1/thumb/v7-m/nofp\libgcc.a
LOAD C:/ST/STM32CubeCLT_1.18.0/GNU-tools-for-STM32/bin/../lib/gcc/arm-none-eabi/13.3.1/../../../../arm-none-eabi/lib/thumb/v7-m/nofp\libc_nano.a
END GROUP
LOAD C:/ST/STM32CubeCLT_1.18.0/GNU-tools-for-STM32/bin/../lib/gcc/arm-none-eabi/13.3.1/thumb/v7-m/nofp/crtend.o
LOAD C:/ST/STM32CubeCLT_1.18.0/GNU-tools-for-STM32/bin/../lib/gcc/arm-none-eabi/13.3.1/thumb/v7-m/nofp/crtn.o
                0x20005000                        _estack = (ORIGIN (RAM) + LENGTH (RAM))
                0x00000200                        _Min_Heap_Size = 0x200
                0x00000400                        _Min_Stack_Size = 0x400

.isr_vector     0x08000000      0x10c
                0x08000000                        . = ALIGN (0x4)
 *(.isr_vector)
 .isr_vector    0x08000000      0x10c CMakeFiles/Multi_Controller.dir/startup_stm32f103xb.s.obj
                0x08000000                g_pfnVectors
                0x0800010c                        . = ALIGN (0x4)

.text           0x0800010c     0x9fd0
                0x0800010c                        . = ALIGN (0x4)
 *(.text)
 .text          0x0800010c       0x40 C:/ST/STM32CubeCLT_1.18.0/GNU-tools-for-STM32/bin/../lib/gcc/arm-none-eabi/13.3.1/thumb/v7-m/nofp/crtbegin.o
 *(.text*)
 .text.memset   0x0800014c       0x10 C:/ST/STM32CubeCLT_1.18.0/GNU-tools-for-STM32/bin/../lib/gcc/arm-none-eabi/13.3.1/../../../../arm-none-eabi/lib/thumb/v7-m/nofp\libc_nano.a(libc_a-memset.o)
                0x0800014c                memset
 .text.__libc_init_array
                0x0800015c       0x48 C:/ST/STM32CubeCLT_1.18.0/GNU-tools-for-STM32/bin/../lib/gcc/arm-none-eabi/13.3.1/../../../../arm-none-eabi/lib/thumb/v7-m/nofp\libc_nano.a(libc_a-init.o)
                0x0800015c                __libc_init_array
 .text.SystemInit
                0x080001a4        0xc cmake/stm32cubemx/CMakeFiles/STM32_Drivers.dir/__/__/Core/Src/system_stm32f1xx.c.obj
                0x080001a4                SystemInit
 .text.HAL_PCD_Init
                0x080001b0      0x1ec cmake/stm32cubemx/CMakeFiles/STM32_Drivers.dir/__/__/Drivers/STM32F1xx_HAL_Driver/Src/stm32f1xx_hal_pcd.c.obj
                0x080001b0                HAL_PCD_Init
 .text.HAL_PCD_Start
                0x0800039c       0x4c cmake/stm32cubemx/CMakeFiles/STM32_Drivers.dir/__/__/Drivers/STM32F1xx_HAL_Driver/Src/stm32f1xx_hal_pcd.c.obj
                0x0800039c                HAL_PCD_Start
 .text.HAL_PCD_IRQHandler
                0x080003e8      0x260 cmake/stm32cubemx/CMakeFiles/STM32_Drivers.dir/__/__/Drivers/STM32F1xx_HAL_Driver/Src/stm32f1xx_hal_pcd.c.obj
                0x080003e8                HAL_PCD_IRQHandler
 .text.HAL_PCD_SetAddress
                0x08000648       0x48 cmake/stm32cubemx/CMakeFiles/STM32_Drivers.dir/__/__/Drivers/STM32F1xx_HAL_Driver/Src/stm32f1xx_hal_pcd.c.obj
                0x08000648                HAL_PCD_SetAddress
 .text.HAL_PCD_EP_Open
                0x08000690       0xba cmake/stm32cubemx/CMakeFiles/STM32_Drivers.dir/__/__/Drivers/STM32F1xx_HAL_Driver/Src/stm32f1xx_hal_pcd.c.obj
                0x08000690                HAL_PCD_EP_Open
 .text.HAL_PCD_EP_Close
                0x0800074a       0x90 cmake/stm32cubemx/CMakeFiles/STM32_Drivers.dir/__/__/Drivers/STM32F1xx_HAL_Driver/Src/stm32f1xx_hal_pcd.c.obj
                0x0800074a                HAL_PCD_EP_Close
 .text.HAL_PCD_EP_Receive
                0x080007da       0x62 cmake/stm32cubemx/CMakeFiles/STM32_Drivers.dir/__/__/Drivers/STM32F1xx_HAL_Driver/Src/stm32f1xx_hal_pcd.c.obj
                0x080007da                HAL_PCD_EP_Receive
 .text.HAL_PCD_EP_GetRxCount
                0x0800083c       0x2e cmake/stm32cubemx/CMakeFiles/STM32_Drivers.dir/__/__/Drivers/STM32F1xx_HAL_Driver/Src/stm32f1xx_hal_pcd.c.obj
                0x0800083c                HAL_PCD_EP_GetRxCount
 .text.HAL_PCD_EP_Transmit
                0x0800086a       0x6e cmake/stm32cubemx/CMakeFiles/STM32_Drivers.dir/__/__/Drivers/STM32F1xx_HAL_Driver/Src/stm32f1xx_hal_pcd.c.obj
                0x0800086a                HAL_PCD_EP_Transmit
 .text.HAL_PCD_EP_SetStall
                0x080008d8       0xc0 cmake/stm32cubemx/CMakeFiles/STM32_Drivers.dir/__/__/Drivers/STM32F1xx_HAL_Driver/Src/stm32f1xx_hal_pcd.c.obj
                0x080008d8                HAL_PCD_EP_SetStall
 .text.HAL_PCD_EP_ClrStall
                0x08000998       0xa8 cmake/stm32cubemx/CMakeFiles/STM32_Drivers.dir/__/__/Drivers/STM32F1xx_HAL_Driver/Src/stm32f1xx_hal_pcd.c.obj
                0x08000998                HAL_PCD_EP_ClrStall
 .text.PCD_EP_ISR_Handler
                0x08000a40      0x79e cmake/stm32cubemx/CMakeFiles/STM32_Drivers.dir/__/__/Drivers/STM32F1xx_HAL_Driver/Src/stm32f1xx_hal_pcd.c.obj
 .text.HAL_PCD_EP_DB_Receive
                0x080011de      0x21a cmake/stm32cubemx/CMakeFiles/STM32_Drivers.dir/__/__/Drivers/STM32F1xx_HAL_Driver/Src/stm32f1xx_hal_pcd.c.obj
 .text.HAL_PCD_EP_DB_Transmit
                0x080013f8      0x7f4 cmake/stm32cubemx/CMakeFiles/STM32_Drivers.dir/__/__/Drivers/STM32F1xx_HAL_Driver/Src/stm32f1xx_hal_pcd.c.obj
 .text.HAL_PCDEx_PMAConfig
                0x08001bec       0x84 cmake/stm32cubemx/CMakeFiles/STM32_Drivers.dir/__/__/Drivers/STM32F1xx_HAL_Driver/Src/stm32f1xx_hal_pcd_ex.c.obj
                0x08001bec                HAL_PCDEx_PMAConfig
 .text.USB_CoreInit
                0x08001c70       0x1a cmake/stm32cubemx/CMakeFiles/STM32_Drivers.dir/__/__/Drivers/STM32F1xx_HAL_Driver/Src/stm32f1xx_ll_usb.c.obj
                0x08001c70                USB_CoreInit
 .text.USB_EnableGlobalInt
                0x08001c8a       0x2c cmake/stm32cubemx/CMakeFiles/STM32_Drivers.dir/__/__/Drivers/STM32F1xx_HAL_Driver/Src/stm32f1xx_ll_usb.c.obj
                0x08001c8a                USB_EnableGlobalInt
 .text.USB_DisableGlobalInt
                0x08001cb6       0x34 cmake/stm32cubemx/CMakeFiles/STM32_Drivers.dir/__/__/Drivers/STM32F1xx_HAL_Driver/Src/stm32f1xx_ll_usb.c.obj
                0x08001cb6                USB_DisableGlobalInt
 .text.USB_SetCurrentMode
                0x08001cea       0x18 cmake/stm32cubemx/CMakeFiles/STM32_Drivers.dir/__/__/Drivers/STM32F1xx_HAL_Driver/Src/stm32f1xx_ll_usb.c.obj
                0x08001cea                USB_SetCurrentMode
 .text.USB_DevInit
                0x08001d02       0x3a cmake/stm32cubemx/CMakeFiles/STM32_Drivers.dir/__/__/Drivers/STM32F1xx_HAL_Driver/Src/stm32f1xx_ll_usb.c.obj
                0x08001d02                USB_DevInit
 .text.USB_ActivateEndpoint
                0x08001d3c      0x780 cmake/stm32cubemx/CMakeFiles/STM32_Drivers.dir/__/__/Drivers/STM32F1xx_HAL_Driver/Src/stm32f1xx_ll_usb.c.obj
                0x08001d3c                USB_ActivateEndpoint
 .text.USB_DeactivateEndpoint
                0x080024bc      0x3d8 cmake/stm32cubemx/CMakeFiles/STM32_Drivers.dir/__/__/Drivers/STM32F1xx_HAL_Driver/Src/stm32f1xx_ll_usb.c.obj
                0x080024bc                USB_DeactivateEndpoint
 .text.USB_EPStartXfer
                0x08002894     0x1762 cmake/stm32cubemx/CMakeFiles/STM32_Drivers.dir/__/__/Drivers/STM32F1xx_HAL_Driver/Src/stm32f1xx_ll_usb.c.obj
                0x08002894                USB_EPStartXfer
 .text.USB_EPSetStall
                0x08003ff6       0xa0 cmake/stm32cubemx/CMakeFiles/STM32_Drivers.dir/__/__/Drivers/STM32F1xx_HAL_Driver/Src/stm32f1xx_ll_usb.c.obj
                0x08003ff6                USB_EPSetStall
 .text.USB_EPClearStall
                0x08004096      0x15a cmake/stm32cubemx/CMakeFiles/STM32_Drivers.dir/__/__/Drivers/STM32F1xx_HAL_Driver/Src/stm32f1xx_ll_usb.c.obj
                0x08004096                USB_EPClearStall
 .text.USB_SetDevAddress
                0x080041f0       0x26 cmake/stm32cubemx/CMakeFiles/STM32_Drivers.dir/__/__/Drivers/STM32F1xx_HAL_Driver/Src/stm32f1xx_ll_usb.c.obj
                0x080041f0                USB_SetDevAddress
 .text.USB_DevConnect
                0x08004216       0x14 cmake/stm32cubemx/CMakeFiles/STM32_Drivers.dir/__/__/Drivers/STM32F1xx_HAL_Driver/Src/stm32f1xx_ll_usb.c.obj
                0x08004216                USB_DevConnect
 .text.USB_DevDisconnect
                0x0800422a       0x14 cmake/stm32cubemx/CMakeFiles/STM32_Drivers.dir/__/__/Drivers/STM32F1xx_HAL_Driver/Src/stm32f1xx_ll_usb.c.obj
                0x0800422a                USB_DevDisconnect
 .text.USB_ReadInterrupts
                0x0800423e       0x1e cmake/stm32cubemx/CMakeFiles/STM32_Drivers.dir/__/__/Drivers/STM32F1xx_HAL_Driver/Src/stm32f1xx_ll_usb.c.obj
                0x0800423e                USB_ReadInterrupts
 .text.USB_EP0_OutStart
                0x0800425c       0x16 cmake/stm32cubemx/CMakeFiles/STM32_Drivers.dir/__/__/Drivers/STM32F1xx_HAL_Driver/Src/stm32f1xx_ll_usb.c.obj
                0x0800425c                USB_EP0_OutStart
 .text.USB_WritePMA
                0x08004272       0x8c cmake/stm32cubemx/CMakeFiles/STM32_Drivers.dir/__/__/Drivers/STM32F1xx_HAL_Driver/Src/stm32f1xx_ll_usb.c.obj
                0x08004272                USB_WritePMA
 .text.USB_ReadPMA
                0x080042fe       0x9e cmake/stm32cubemx/CMakeFiles/STM32_Drivers.dir/__/__/Drivers/STM32F1xx_HAL_Driver/Src/stm32f1xx_ll_usb.c.obj
                0x080042fe                USB_ReadPMA
 .text.HAL_Init
                0x0800439c       0x2c cmake/stm32cubemx/CMakeFiles/STM32_Drivers.dir/__/__/Drivers/STM32F1xx_HAL_Driver/Src/stm32f1xx_hal.c.obj
                0x0800439c                HAL_Init
 .text.HAL_InitTick
                0x080043c8       0x60 cmake/stm32cubemx/CMakeFiles/STM32_Drivers.dir/__/__/Drivers/STM32F1xx_HAL_Driver/Src/stm32f1xx_hal.c.obj
                0x080043c8                HAL_InitTick
 .text.HAL_IncTick
                0x08004428       0x24 cmake/stm32cubemx/CMakeFiles/STM32_Drivers.dir/__/__/Drivers/STM32F1xx_HAL_Driver/Src/stm32f1xx_hal.c.obj
                0x08004428                HAL_IncTick
 .text.HAL_GetTick
                0x0800444c       0x14 cmake/stm32cubemx/CMakeFiles/STM32_Drivers.dir/__/__/Drivers/STM32F1xx_HAL_Driver/Src/stm32f1xx_hal.c.obj
                0x0800444c                HAL_GetTick
 .text.HAL_RCC_OscConfig
                0x08004460      0x504 cmake/stm32cubemx/CMakeFiles/STM32_Drivers.dir/__/__/Drivers/STM32F1xx_HAL_Driver/Src/stm32f1xx_hal_rcc.c.obj
                0x08004460                HAL_RCC_OscConfig
 .text.HAL_RCC_ClockConfig
                0x08004964      0x1d4 cmake/stm32cubemx/CMakeFiles/STM32_Drivers.dir/__/__/Drivers/STM32F1xx_HAL_Driver/Src/stm32f1xx_hal_rcc.c.obj
                0x08004964                HAL_RCC_ClockConfig
 .text.HAL_RCC_GetSysClockFreq
                0x08004b38       0xa8 cmake/stm32cubemx/CMakeFiles/STM32_Drivers.dir/__/__/Drivers/STM32F1xx_HAL_Driver/Src/stm32f1xx_hal_rcc.c.obj
                0x08004b38                HAL_RCC_GetSysClockFreq
 .text.HAL_RCC_GetHCLKFreq
                0x08004be0       0x14 cmake/stm32cubemx/CMakeFiles/STM32_Drivers.dir/__/__/Drivers/STM32F1xx_HAL_Driver/Src/stm32f1xx_hal_rcc.c.obj
                0x08004be0                HAL_RCC_GetHCLKFreq
 .text.HAL_RCC_GetPCLK1Freq
                0x08004bf4       0x28 cmake/stm32cubemx/CMakeFiles/STM32_Drivers.dir/__/__/Drivers/STM32F1xx_HAL_Driver/Src/stm32f1xx_hal_rcc.c.obj
                0x08004bf4                HAL_RCC_GetPCLK1Freq
 .text.HAL_RCC_GetPCLK2Freq
                0x08004c1c       0x28 cmake/stm32cubemx/CMakeFiles/STM32_Drivers.dir/__/__/Drivers/STM32F1xx_HAL_Driver/Src/stm32f1xx_hal_rcc.c.obj
                0x08004c1c                HAL_RCC_GetPCLK2Freq
 .text.RCC_Delay
                0x08004c44       0x3c cmake/stm32cubemx/CMakeFiles/STM32_Drivers.dir/__/__/Drivers/STM32F1xx_HAL_Driver/Src/stm32f1xx_hal_rcc.c.obj
 .text.HAL_RCCEx_PeriphCLKConfig
                0x08004c80      0x16c cmake/stm32cubemx/CMakeFiles/STM32_Drivers.dir/__/__/Drivers/STM32F1xx_HAL_Driver/Src/stm32f1xx_hal_rcc_ex.c.obj
                0x08004c80                HAL_RCCEx_PeriphCLKConfig
 .text.HAL_GPIO_Init
                0x08004dec      0x308 cmake/stm32cubemx/CMakeFiles/STM32_Drivers.dir/__/__/Drivers/STM32F1xx_HAL_Driver/Src/stm32f1xx_hal_gpio.c.obj
                0x08004dec                HAL_GPIO_Init
 .text.HAL_GPIO_ReadPin
                0x080050f4       0x2e cmake/stm32cubemx/CMakeFiles/STM32_Drivers.dir/__/__/Drivers/STM32F1xx_HAL_Driver/Src/stm32f1xx_hal_gpio.c.obj
                0x080050f4                HAL_GPIO_ReadPin
 .text.HAL_GPIO_WritePin
                0x08005122       0x30 cmake/stm32cubemx/CMakeFiles/STM32_Drivers.dir/__/__/Drivers/STM32F1xx_HAL_Driver/Src/stm32f1xx_hal_gpio.c.obj
                0x08005122                HAL_GPIO_WritePin
 .text.HAL_DMA_Abort
                0x08005152       0x76 cmake/stm32cubemx/CMakeFiles/STM32_Drivers.dir/__/__/Drivers/STM32F1xx_HAL_Driver/Src/stm32f1xx_hal_dma.c.obj
                0x08005152                HAL_DMA_Abort
 .text.HAL_DMA_Abort_IT
                0x080051c8       0xf0 cmake/stm32cubemx/CMakeFiles/STM32_Drivers.dir/__/__/Drivers/STM32F1xx_HAL_Driver/Src/stm32f1xx_hal_dma.c.obj
                0x080051c8                HAL_DMA_Abort_IT
 .text.__NVIC_SetPriorityGrouping
                0x080052b8       0x48 cmake/stm32cubemx/CMakeFiles/STM32_Drivers.dir/__/__/Drivers/STM32F1xx_HAL_Driver/Src/stm32f1xx_hal_cortex.c.obj
 .text.__NVIC_GetPriorityGrouping
                0x08005300       0x1c cmake/stm32cubemx/CMakeFiles/STM32_Drivers.dir/__/__/Drivers/STM32F1xx_HAL_Driver/Src/stm32f1xx_hal_cortex.c.obj
 .text.__NVIC_EnableIRQ
                0x0800531c       0x38 cmake/stm32cubemx/CMakeFiles/STM32_Drivers.dir/__/__/Drivers/STM32F1xx_HAL_Driver/Src/stm32f1xx_hal_cortex.c.obj
 .text.__NVIC_SetPriority
                0x08005354       0x54 cmake/stm32cubemx/CMakeFiles/STM32_Drivers.dir/__/__/Drivers/STM32F1xx_HAL_Driver/Src/stm32f1xx_hal_cortex.c.obj
 .text.NVIC_EncodePriority
                0x080053a8       0x64 cmake/stm32cubemx/CMakeFiles/STM32_Drivers.dir/__/__/Drivers/STM32F1xx_HAL_Driver/Src/stm32f1xx_hal_cortex.c.obj
 .text.SysTick_Config
                0x0800540c       0x44 cmake/stm32cubemx/CMakeFiles/STM32_Drivers.dir/__/__/Drivers/STM32F1xx_HAL_Driver/Src/stm32f1xx_hal_cortex.c.obj
 .text.HAL_NVIC_SetPriorityGrouping
                0x08005450       0x16 cmake/stm32cubemx/CMakeFiles/STM32_Drivers.dir/__/__/Drivers/STM32F1xx_HAL_Driver/Src/stm32f1xx_hal_cortex.c.obj
                0x08005450                HAL_NVIC_SetPriorityGrouping
 .text.HAL_NVIC_SetPriority
                0x08005466       0x38 cmake/stm32cubemx/CMakeFiles/STM32_Drivers.dir/__/__/Drivers/STM32F1xx_HAL_Driver/Src/stm32f1xx_hal_cortex.c.obj
                0x08005466                HAL_NVIC_SetPriority
 .text.HAL_NVIC_EnableIRQ
                0x0800549e       0x1c cmake/stm32cubemx/CMakeFiles/STM32_Drivers.dir/__/__/Drivers/STM32F1xx_HAL_Driver/Src/stm32f1xx_hal_cortex.c.obj
                0x0800549e                HAL_NVIC_EnableIRQ
 .text.HAL_SYSTICK_Config
                0x080054ba       0x18 cmake/stm32cubemx/CMakeFiles/STM32_Drivers.dir/__/__/Drivers/STM32F1xx_HAL_Driver/Src/stm32f1xx_hal_cortex.c.obj
                0x080054ba                HAL_SYSTICK_Config
 .text.HAL_TIM_Base_Init
                0x080054d2       0x9e cmake/stm32cubemx/CMakeFiles/STM32_Drivers.dir/__/__/Drivers/STM32F1xx_HAL_Driver/Src/stm32f1xx_hal_tim.c.obj
                0x080054d2                HAL_TIM_Base_Init
 .text.HAL_TIM_Base_Start_IT
                0x08005570       0xa4 cmake/stm32cubemx/CMakeFiles/STM32_Drivers.dir/__/__/Drivers/STM32F1xx_HAL_Driver/Src/stm32f1xx_hal_tim.c.obj
                0x08005570                HAL_TIM_Base_Start_IT
 .text.HAL_TIM_IRQHandler
                0x08005614      0x1e0 cmake/stm32cubemx/CMakeFiles/STM32_Drivers.dir/__/__/Drivers/STM32F1xx_HAL_Driver/Src/stm32f1xx_hal_tim.c.obj
                0x08005614                HAL_TIM_IRQHandler
 .text.HAL_TIM_ConfigClockSource
                0x080057f4      0x18e cmake/stm32cubemx/CMakeFiles/STM32_Drivers.dir/__/__/Drivers/STM32F1xx_HAL_Driver/Src/stm32f1xx_hal_tim.c.obj
                0x080057f4                HAL_TIM_ConfigClockSource
 .text.HAL_TIM_OC_DelayElapsedCallback
                0x08005982       0x12 cmake/stm32cubemx/CMakeFiles/STM32_Drivers.dir/__/__/Drivers/STM32F1xx_HAL_Driver/Src/stm32f1xx_hal_tim.c.obj
                0x08005982                HAL_TIM_OC_DelayElapsedCallback
 .text.HAL_TIM_IC_CaptureCallback
                0x08005994       0x12 cmake/stm32cubemx/CMakeFiles/STM32_Drivers.dir/__/__/Drivers/STM32F1xx_HAL_Driver/Src/stm32f1xx_hal_tim.c.obj
                0x08005994                HAL_TIM_IC_CaptureCallback
 .text.HAL_TIM_PWM_PulseFinishedCallback
                0x080059a6       0x12 cmake/stm32cubemx/CMakeFiles/STM32_Drivers.dir/__/__/Drivers/STM32F1xx_HAL_Driver/Src/stm32f1xx_hal_tim.c.obj
                0x080059a6                HAL_TIM_PWM_PulseFinishedCallback
 .text.HAL_TIM_TriggerCallback
                0x080059b8       0x12 cmake/stm32cubemx/CMakeFiles/STM32_Drivers.dir/__/__/Drivers/STM32F1xx_HAL_Driver/Src/stm32f1xx_hal_tim.c.obj
                0x080059b8                HAL_TIM_TriggerCallback
 *fill*         0x080059ca        0x2 
 .text.TIM_Base_SetConfig
                0x080059cc       0xdc cmake/stm32cubemx/CMakeFiles/STM32_Drivers.dir/__/__/Drivers/STM32F1xx_HAL_Driver/Src/stm32f1xx_hal_tim.c.obj
                0x080059cc                TIM_Base_SetConfig
 .text.TIM_TI1_ConfigInputStage
                0x08005aa8       0x5c cmake/stm32cubemx/CMakeFiles/STM32_Drivers.dir/__/__/Drivers/STM32F1xx_HAL_Driver/Src/stm32f1xx_hal_tim.c.obj
 .text.TIM_TI2_ConfigInputStage
                0x08005b04       0x5e cmake/stm32cubemx/CMakeFiles/STM32_Drivers.dir/__/__/Drivers/STM32F1xx_HAL_Driver/Src/stm32f1xx_hal_tim.c.obj
 .text.TIM_ITRx_SetConfig
                0x08005b62       0x34 cmake/stm32cubemx/CMakeFiles/STM32_Drivers.dir/__/__/Drivers/STM32F1xx_HAL_Driver/Src/stm32f1xx_hal_tim.c.obj
 .text.TIM_ETR_SetConfig
                0x08005b96       0x3e cmake/stm32cubemx/CMakeFiles/STM32_Drivers.dir/__/__/Drivers/STM32F1xx_HAL_Driver/Src/stm32f1xx_hal_tim.c.obj
                0x08005b96                TIM_ETR_SetConfig
 .text.HAL_TIMEx_MasterConfigSynchronization
                0x08005bd4       0xbc cmake/stm32cubemx/CMakeFiles/STM32_Drivers.dir/__/__/Drivers/STM32F1xx_HAL_Driver/Src/stm32f1xx_hal_tim_ex.c.obj
                0x08005bd4                HAL_TIMEx_MasterConfigSynchronization
 .text.HAL_TIMEx_CommutCallback
                0x08005c90       0x12 cmake/stm32cubemx/CMakeFiles/STM32_Drivers.dir/__/__/Drivers/STM32F1xx_HAL_Driver/Src/stm32f1xx_hal_tim_ex.c.obj
                0x08005c90                HAL_TIMEx_CommutCallback
 .text.HAL_TIMEx_BreakCallback
                0x08005ca2       0x12 cmake/stm32cubemx/CMakeFiles/STM32_Drivers.dir/__/__/Drivers/STM32F1xx_HAL_Driver/Src/stm32f1xx_hal_tim_ex.c.obj
                0x08005ca2                HAL_TIMEx_BreakCallback
 .text.HAL_UART_Init
                0x08005cb4       0xa0 cmake/stm32cubemx/CMakeFiles/STM32_Drivers.dir/__/__/Drivers/STM32F1xx_HAL_Driver/Src/stm32f1xx_hal_uart.c.obj
                0x08005cb4                HAL_UART_Init
 .text.HAL_UART_Transmit
                0x08005d54      0x116 cmake/stm32cubemx/CMakeFiles/STM32_Drivers.dir/__/__/Drivers/STM32F1xx_HAL_Driver/Src/stm32f1xx_hal_uart.c.obj
                0x08005d54                HAL_UART_Transmit
 .text.HAL_UART_Receive_IT
                0x08005e6a       0x4a cmake/stm32cubemx/CMakeFiles/STM32_Drivers.dir/__/__/Drivers/STM32F1xx_HAL_Driver/Src/stm32f1xx_hal_uart.c.obj
                0x08005e6a                HAL_UART_Receive_IT
 .text.HAL_UART_IRQHandler
                0x08005eb4      0x524 cmake/stm32cubemx/CMakeFiles/STM32_Drivers.dir/__/__/Drivers/STM32F1xx_HAL_Driver/Src/stm32f1xx_hal_uart.c.obj
                0x08005eb4                HAL_UART_IRQHandler
 .text.HAL_UART_TxCpltCallback
                0x080063d8       0x12 cmake/stm32cubemx/CMakeFiles/STM32_Drivers.dir/__/__/Drivers/STM32F1xx_HAL_Driver/Src/stm32f1xx_hal_uart.c.obj
                0x080063d8                HAL_UART_TxCpltCallback
 .text.HAL_UART_ErrorCallback
                0x080063ea       0x12 cmake/stm32cubemx/CMakeFiles/STM32_Drivers.dir/__/__/Drivers/STM32F1xx_HAL_Driver/Src/stm32f1xx_hal_uart.c.obj
                0x080063ea                HAL_UART_ErrorCallback
 .text.HAL_UARTEx_RxEventCallback
                0x080063fc       0x16 cmake/stm32cubemx/CMakeFiles/STM32_Drivers.dir/__/__/Drivers/STM32F1xx_HAL_Driver/Src/stm32f1xx_hal_uart.c.obj
                0x080063fc                HAL_UARTEx_RxEventCallback
 .text.UART_WaitOnFlagUntilTimeout
                0x08006412       0xb2 cmake/stm32cubemx/CMakeFiles/STM32_Drivers.dir/__/__/Drivers/STM32F1xx_HAL_Driver/Src/stm32f1xx_hal_uart.c.obj
 .text.UART_Start_Receive_IT
                0x080064c4       0x72 cmake/stm32cubemx/CMakeFiles/STM32_Drivers.dir/__/__/Drivers/STM32F1xx_HAL_Driver/Src/stm32f1xx_hal_uart.c.obj
                0x080064c4                UART_Start_Receive_IT
 .text.UART_EndRxTransfer
                0x08006536       0xc4 cmake/stm32cubemx/CMakeFiles/STM32_Drivers.dir/__/__/Drivers/STM32F1xx_HAL_Driver/Src/stm32f1xx_hal_uart.c.obj
 .text.UART_DMAAbortOnError
                0x080065fa       0x28 cmake/stm32cubemx/CMakeFiles/STM32_Drivers.dir/__/__/Drivers/STM32F1xx_HAL_Driver/Src/stm32f1xx_hal_uart.c.obj
 .text.UART_Transmit_IT
                0x08006622       0x9e cmake/stm32cubemx/CMakeFiles/STM32_Drivers.dir/__/__/Drivers/STM32F1xx_HAL_Driver/Src/stm32f1xx_hal_uart.c.obj
 .text.UART_EndTransmit_IT
                0x080066c0       0x30 cmake/stm32cubemx/CMakeFiles/STM32_Drivers.dir/__/__/Drivers/STM32F1xx_HAL_Driver/Src/stm32f1xx_hal_uart.c.obj
 .text.UART_Receive_IT
                0x080066f0      0x17c cmake/stm32cubemx/CMakeFiles/STM32_Drivers.dir/__/__/Drivers/STM32F1xx_HAL_Driver/Src/stm32f1xx_hal_uart.c.obj
 .text.UART_SetConfig
                0x0800686c      0x11c cmake/stm32cubemx/CMakeFiles/STM32_Drivers.dir/__/__/Drivers/STM32F1xx_HAL_Driver/Src/stm32f1xx_hal_uart.c.obj
 .text.USBD_Init
                0x08006988       0x56 cmake/stm32cubemx/CMakeFiles/USB_Device_Library.dir/__/__/Middlewares/ST/STM32_USB_Device_Library/Core/Src/usbd_core.c.obj
                0x08006988                USBD_Init
 .text.USBD_RegisterClass
                0x080069de       0x32 cmake/stm32cubemx/CMakeFiles/USB_Device_Library.dir/__/__/Middlewares/ST/STM32_USB_Device_Library/Core/Src/usbd_core.c.obj
                0x080069de                USBD_RegisterClass
 .text.USBD_Start
                0x08006a10       0x18 cmake/stm32cubemx/CMakeFiles/USB_Device_Library.dir/__/__/Middlewares/ST/STM32_USB_Device_Library/Core/Src/usbd_core.c.obj
                0x08006a10                USBD_Start
 .text.USBD_RunTestMode
                0x08006a28       0x14 cmake/stm32cubemx/CMakeFiles/USB_Device_Library.dir/__/__/Middlewares/ST/STM32_USB_Device_Library/Core/Src/usbd_core.c.obj
                0x08006a28                USBD_RunTestMode
 .text.USBD_SetClassConfig
                0x08006a3c       0x3e cmake/stm32cubemx/CMakeFiles/USB_Device_Library.dir/__/__/Middlewares/ST/STM32_USB_Device_Library/Core/Src/usbd_core.c.obj
                0x08006a3c                USBD_SetClassConfig
 .text.USBD_ClrClassConfig
                0x08006a7a       0x26 cmake/stm32cubemx/CMakeFiles/USB_Device_Library.dir/__/__/Middlewares/ST/STM32_USB_Device_Library/Core/Src/usbd_core.c.obj
                0x08006a7a                USBD_ClrClassConfig
 .text.USBD_LL_SetupStage
                0x08006aa0       0x9a cmake/stm32cubemx/CMakeFiles/USB_Device_Library.dir/__/__/Middlewares/ST/STM32_USB_Device_Library/Core/Src/usbd_core.c.obj
                0x08006aa0                USBD_LL_SetupStage
 .text.USBD_LL_DataOutStage
                0x08006b3a       0xe2 cmake/stm32cubemx/CMakeFiles/USB_Device_Library.dir/__/__/Middlewares/ST/STM32_USB_Device_Library/Core/Src/usbd_core.c.obj
                0x08006b3a                USBD_LL_DataOutStage
 .text.USBD_LL_DataInStage
                0x08006c1c      0x14a cmake/stm32cubemx/CMakeFiles/USB_Device_Library.dir/__/__/Middlewares/ST/STM32_USB_Device_Library/Core/Src/usbd_core.c.obj
                0x08006c1c                USBD_LL_DataInStage
 .text.USBD_LL_Reset
                0x08006d66       0x82 cmake/stm32cubemx/CMakeFiles/USB_Device_Library.dir/__/__/Middlewares/ST/STM32_USB_Device_Library/Core/Src/usbd_core.c.obj
                0x08006d66                USBD_LL_Reset
 .text.USBD_LL_SetSpeed
                0x08006de8       0x1e cmake/stm32cubemx/CMakeFiles/USB_Device_Library.dir/__/__/Middlewares/ST/STM32_USB_Device_Library/Core/Src/usbd_core.c.obj
                0x08006de8                USBD_LL_SetSpeed
 .text.USBD_LL_Suspend
                0x08006e06       0x28 cmake/stm32cubemx/CMakeFiles/USB_Device_Library.dir/__/__/Middlewares/ST/STM32_USB_Device_Library/Core/Src/usbd_core.c.obj
                0x08006e06                USBD_LL_Suspend
 .text.USBD_LL_Resume
                0x08006e2e       0x2a cmake/stm32cubemx/CMakeFiles/USB_Device_Library.dir/__/__/Middlewares/ST/STM32_USB_Device_Library/Core/Src/usbd_core.c.obj
                0x08006e2e                USBD_LL_Resume
 .text.USBD_LL_SOF
                0x08006e58       0x34 cmake/stm32cubemx/CMakeFiles/USB_Device_Library.dir/__/__/Middlewares/ST/STM32_USB_Device_Library/Core/Src/usbd_core.c.obj
                0x08006e58                USBD_LL_SOF
 .text.USBD_StdDevReq
                0x08006e8c       0xd4 cmake/stm32cubemx/CMakeFiles/USB_Device_Library.dir/__/__/Middlewares/ST/STM32_USB_Device_Library/Core/Src/usbd_ctlreq.c.obj
                0x08006e8c                USBD_StdDevReq
 .text.USBD_StdItfReq
                0x08006f60       0x90 cmake/stm32cubemx/CMakeFiles/USB_Device_Library.dir/__/__/Middlewares/ST/STM32_USB_Device_Library/Core/Src/usbd_ctlreq.c.obj
                0x08006f60                USBD_StdItfReq
 .text.USBD_StdEPReq
                0x08006ff0      0x2c6 cmake/stm32cubemx/CMakeFiles/USB_Device_Library.dir/__/__/Middlewares/ST/STM32_USB_Device_Library/Core/Src/usbd_ctlreq.c.obj
                0x08006ff0                USBD_StdEPReq
 *fill*         0x080072b6        0x2 
 .text.USBD_GetDescriptor
                0x080072b8      0x2d0 cmake/stm32cubemx/CMakeFiles/USB_Device_Library.dir/__/__/Middlewares/ST/STM32_USB_Device_Library/Core/Src/usbd_ctlreq.c.obj
 .text.USBD_SetAddress
                0x08007588       0x86 cmake/stm32cubemx/CMakeFiles/USB_Device_Library.dir/__/__/Middlewares/ST/STM32_USB_Device_Library/Core/Src/usbd_ctlreq.c.obj
 *fill*         0x0800760e        0x2 
 .text.USBD_SetConfig
                0x08007610      0x11c cmake/stm32cubemx/CMakeFiles/USB_Device_Library.dir/__/__/Middlewares/ST/STM32_USB_Device_Library/Core/Src/usbd_ctlreq.c.obj
 .text.USBD_GetConfig
                0x0800772c       0x6a cmake/stm32cubemx/CMakeFiles/USB_Device_Library.dir/__/__/Middlewares/ST/STM32_USB_Device_Library/Core/Src/usbd_ctlreq.c.obj
 .text.USBD_GetStatus
                0x08007796       0x66 cmake/stm32cubemx/CMakeFiles/USB_Device_Library.dir/__/__/Middlewares/ST/STM32_USB_Device_Library/Core/Src/usbd_ctlreq.c.obj
 .text.USBD_SetFeature
                0x080077fc       0x28 cmake/stm32cubemx/CMakeFiles/USB_Device_Library.dir/__/__/Middlewares/ST/STM32_USB_Device_Library/Core/Src/usbd_ctlreq.c.obj
 .text.USBD_ClrFeature
                0x08007824       0x42 cmake/stm32cubemx/CMakeFiles/USB_Device_Library.dir/__/__/Middlewares/ST/STM32_USB_Device_Library/Core/Src/usbd_ctlreq.c.obj
 .text.USBD_ParseSetupRequest
                0x08007866       0x72 cmake/stm32cubemx/CMakeFiles/USB_Device_Library.dir/__/__/Middlewares/ST/STM32_USB_Device_Library/Core/Src/usbd_ctlreq.c.obj
                0x08007866                USBD_ParseSetupRequest
 .text.USBD_CtlError
                0x080078d8       0x22 cmake/stm32cubemx/CMakeFiles/USB_Device_Library.dir/__/__/Middlewares/ST/STM32_USB_Device_Library/Core/Src/usbd_ctlreq.c.obj
                0x080078d8                USBD_CtlError
 .text.USBD_GetString
                0x080078fa       0x84 cmake/stm32cubemx/CMakeFiles/USB_Device_Library.dir/__/__/Middlewares/ST/STM32_USB_Device_Library/Core/Src/usbd_ctlreq.c.obj
                0x080078fa                USBD_GetString
 .text.USBD_GetLen
                0x0800797e       0x2e cmake/stm32cubemx/CMakeFiles/USB_Device_Library.dir/__/__/Middlewares/ST/STM32_USB_Device_Library/Core/Src/usbd_ctlreq.c.obj
 .text.USBD_CtlSendData
                0x080079ac       0x38 cmake/stm32cubemx/CMakeFiles/USB_Device_Library.dir/__/__/Middlewares/ST/STM32_USB_Device_Library/Core/Src/usbd_ioreq.c.obj
                0x080079ac                USBD_CtlSendData
 .text.USBD_CtlContinueSendData
                0x080079e4       0x24 cmake/stm32cubemx/CMakeFiles/USB_Device_Library.dir/__/__/Middlewares/ST/STM32_USB_Device_Library/Core/Src/usbd_ioreq.c.obj
                0x080079e4                USBD_CtlContinueSendData
 .text.USBD_CtlPrepareRx
                0x08007a08       0x3c cmake/stm32cubemx/CMakeFiles/USB_Device_Library.dir/__/__/Middlewares/ST/STM32_USB_Device_Library/Core/Src/usbd_ioreq.c.obj
                0x08007a08                USBD_CtlPrepareRx
 .text.USBD_CtlContinueRx
                0x08007a44       0x24 cmake/stm32cubemx/CMakeFiles/USB_Device_Library.dir/__/__/Middlewares/ST/STM32_USB_Device_Library/Core/Src/usbd_ioreq.c.obj
                0x08007a44                USBD_CtlContinueRx
 .text.USBD_CtlSendStatus
                0x08007a68       0x26 cmake/stm32cubemx/CMakeFiles/USB_Device_Library.dir/__/__/Middlewares/ST/STM32_USB_Device_Library/Core/Src/usbd_ioreq.c.obj
                0x08007a68                USBD_CtlSendStatus
 .text.USBD_CtlReceiveStatus
                0x08007a8e       0x26 cmake/stm32cubemx/CMakeFiles/USB_Device_Library.dir/__/__/Middlewares/ST/STM32_USB_Device_Library/Core/Src/usbd_ioreq.c.obj
                0x08007a8e                USBD_CtlReceiveStatus
 .text.USBD_CDC_Init
                0x08007ab4       0xf4 cmake/stm32cubemx/CMakeFiles/USB_Device_Library.dir/__/__/Middlewares/ST/STM32_USB_Device_Library/Class/CDC/Src/usbd_cdc.c.obj
 .text.USBD_CDC_DeInit
                0x08007ba8       0x6e cmake/stm32cubemx/CMakeFiles/USB_Device_Library.dir/__/__/Middlewares/ST/STM32_USB_Device_Library/Class/CDC/Src/usbd_cdc.c.obj
 .text.USBD_CDC_Setup
                0x08007c16      0x146 cmake/stm32cubemx/CMakeFiles/USB_Device_Library.dir/__/__/Middlewares/ST/STM32_USB_Device_Library/Class/CDC/Src/usbd_cdc.c.obj
 .text.USBD_CDC_DataIn
                0x08007d5c       0xa6 cmake/stm32cubemx/CMakeFiles/USB_Device_Library.dir/__/__/Middlewares/ST/STM32_USB_Device_Library/Class/CDC/Src/usbd_cdc.c.obj
 .text.USBD_CDC_DataOut
                0x08007e02       0x56 cmake/stm32cubemx/CMakeFiles/USB_Device_Library.dir/__/__/Middlewares/ST/STM32_USB_Device_Library/Class/CDC/Src/usbd_cdc.c.obj
 .text.USBD_CDC_EP0_RxReady
                0x08007e58       0x4e cmake/stm32cubemx/CMakeFiles/USB_Device_Library.dir/__/__/Middlewares/ST/STM32_USB_Device_Library/Class/CDC/Src/usbd_cdc.c.obj
 *fill*         0x08007ea6        0x2 
 .text.USBD_CDC_GetFSCfgDesc
                0x08007ea8       0x20 cmake/stm32cubemx/CMakeFiles/USB_Device_Library.dir/__/__/Middlewares/ST/STM32_USB_Device_Library/Class/CDC/Src/usbd_cdc.c.obj
 .text.USBD_CDC_GetHSCfgDesc
                0x08007ec8       0x20 cmake/stm32cubemx/CMakeFiles/USB_Device_Library.dir/__/__/Middlewares/ST/STM32_USB_Device_Library/Class/CDC/Src/usbd_cdc.c.obj
 .text.USBD_CDC_GetOtherSpeedCfgDesc
                0x08007ee8       0x20 cmake/stm32cubemx/CMakeFiles/USB_Device_Library.dir/__/__/Middlewares/ST/STM32_USB_Device_Library/Class/CDC/Src/usbd_cdc.c.obj
 .text.USBD_CDC_GetDeviceQualifierDescriptor
                0x08007f08       0x20 cmake/stm32cubemx/CMakeFiles/USB_Device_Library.dir/__/__/Middlewares/ST/STM32_USB_Device_Library/Class/CDC/Src/usbd_cdc.c.obj
                0x08007f08                USBD_CDC_GetDeviceQualifierDescriptor
 .text.USBD_CDC_RegisterInterface
                0x08007f28       0x2c cmake/stm32cubemx/CMakeFiles/USB_Device_Library.dir/__/__/Middlewares/ST/STM32_USB_Device_Library/Class/CDC/Src/usbd_cdc.c.obj
                0x08007f28                USBD_CDC_RegisterInterface
 .text.USBD_CDC_SetTxBuffer
                0x08007f54       0x32 cmake/stm32cubemx/CMakeFiles/USB_Device_Library.dir/__/__/Middlewares/ST/STM32_USB_Device_Library/Class/CDC/Src/usbd_cdc.c.obj
                0x08007f54                USBD_CDC_SetTxBuffer
 .text.USBD_CDC_SetRxBuffer
                0x08007f86       0x26 cmake/stm32cubemx/CMakeFiles/USB_Device_Library.dir/__/__/Middlewares/ST/STM32_USB_Device_Library/Class/CDC/Src/usbd_cdc.c.obj
                0x08007f86                USBD_CDC_SetRxBuffer
 .text.USBD_CDC_TransmitPacket
                0x08007fac       0x5e cmake/stm32cubemx/CMakeFiles/USB_Device_Library.dir/__/__/Middlewares/ST/STM32_USB_Device_Library/Class/CDC/Src/usbd_cdc.c.obj
                0x08007fac                USBD_CDC_TransmitPacket
 .text.USBD_CDC_ReceivePacket
                0x0800800a       0x54 cmake/stm32cubemx/CMakeFiles/USB_Device_Library.dir/__/__/Middlewares/ST/STM32_USB_Device_Library/Class/CDC/Src/usbd_cdc.c.obj
                0x0800800a                USBD_CDC_ReceivePacket
 *fill*         0x0800805e        0x2 
 .text.HAL_PCD_MspInit
                0x08008060       0x4c CMakeFiles/Multi_Controller.dir/USB_DEVICE/Target/usbd_conf.c.obj
                0x08008060                HAL_PCD_MspInit
 .text.HAL_PCD_SetupStageCallback
                0x080080ac       0x24 CMakeFiles/Multi_Controller.dir/USB_DEVICE/Target/usbd_conf.c.obj
                0x080080ac                HAL_PCD_SetupStageCallback
 .text.HAL_PCD_DataOutStageCallback
                0x080080d0       0x36 CMakeFiles/Multi_Controller.dir/USB_DEVICE/Target/usbd_conf.c.obj
                0x080080d0                HAL_PCD_DataOutStageCallback
 .text.HAL_PCD_DataInStageCallback
                0x08008106       0x34 CMakeFiles/Multi_Controller.dir/USB_DEVICE/Target/usbd_conf.c.obj
                0x08008106                HAL_PCD_DataInStageCallback
 .text.HAL_PCD_SOFCallback
                0x0800813a       0x1c CMakeFiles/Multi_Controller.dir/USB_DEVICE/Target/usbd_conf.c.obj
                0x0800813a                HAL_PCD_SOFCallback
 .text.HAL_PCD_ResetCallback
                0x08008156       0x3c CMakeFiles/Multi_Controller.dir/USB_DEVICE/Target/usbd_conf.c.obj
                0x08008156                HAL_PCD_ResetCallback
 *fill*         0x08008192        0x2 
 .text.HAL_PCD_SuspendCallback
                0x08008194       0x34 CMakeFiles/Multi_Controller.dir/USB_DEVICE/Target/usbd_conf.c.obj
                0x08008194                HAL_PCD_SuspendCallback
 .text.HAL_PCD_ResumeCallback
                0x080081c8       0x1c CMakeFiles/Multi_Controller.dir/USB_DEVICE/Target/usbd_conf.c.obj
                0x080081c8                HAL_PCD_ResumeCallback
 .text.USBD_LL_Init
                0x080081e4       0xb4 CMakeFiles/Multi_Controller.dir/USB_DEVICE/Target/usbd_conf.c.obj
                0x080081e4                USBD_LL_Init
 .text.USBD_LL_Start
                0x08008298       0x36 CMakeFiles/Multi_Controller.dir/USB_DEVICE/Target/usbd_conf.c.obj
                0x08008298                USBD_LL_Start
 .text.USBD_LL_OpenEP
                0x080082ce       0x4c CMakeFiles/Multi_Controller.dir/USB_DEVICE/Target/usbd_conf.c.obj
                0x080082ce                USBD_LL_OpenEP
 .text.USBD_LL_CloseEP
                0x0800831a       0x3e CMakeFiles/Multi_Controller.dir/USB_DEVICE/Target/usbd_conf.c.obj
                0x0800831a                USBD_LL_CloseEP
 .text.USBD_LL_StallEP
                0x08008358       0x3e CMakeFiles/Multi_Controller.dir/USB_DEVICE/Target/usbd_conf.c.obj
                0x08008358                USBD_LL_StallEP
 .text.USBD_LL_ClearStallEP
                0x08008396       0x3e CMakeFiles/Multi_Controller.dir/USB_DEVICE/Target/usbd_conf.c.obj
                0x08008396                USBD_LL_ClearStallEP
 .text.USBD_LL_IsStallEP
                0x080083d4       0x56 CMakeFiles/Multi_Controller.dir/USB_DEVICE/Target/usbd_conf.c.obj
                0x080083d4                USBD_LL_IsStallEP
 .text.USBD_LL_SetUSBAddress
                0x0800842a       0x3e CMakeFiles/Multi_Controller.dir/USB_DEVICE/Target/usbd_conf.c.obj
                0x0800842a                USBD_LL_SetUSBAddress
 .text.USBD_LL_Transmit
                0x08008468       0x46 CMakeFiles/Multi_Controller.dir/USB_DEVICE/Target/usbd_conf.c.obj
                0x08008468                USBD_LL_Transmit
 .text.USBD_LL_PrepareReceive
                0x080084ae       0x46 CMakeFiles/Multi_Controller.dir/USB_DEVICE/Target/usbd_conf.c.obj
                0x080084ae                USBD_LL_PrepareReceive
 .text.USBD_LL_GetRxDataSize
                0x080084f4       0x26 CMakeFiles/Multi_Controller.dir/USB_DEVICE/Target/usbd_conf.c.obj
                0x080084f4                USBD_LL_GetRxDataSize
 *fill*         0x0800851a        0x2 
 .text.USBD_static_malloc
                0x0800851c       0x18 CMakeFiles/Multi_Controller.dir/USB_DEVICE/Target/usbd_conf.c.obj
                0x0800851c                USBD_static_malloc
 .text.USBD_static_free
                0x08008534       0x12 CMakeFiles/Multi_Controller.dir/USB_DEVICE/Target/usbd_conf.c.obj
                0x08008534                USBD_static_free
 .text.HAL_PCDEx_SetConnectionState
                0x08008546       0x16 CMakeFiles/Multi_Controller.dir/USB_DEVICE/Target/usbd_conf.c.obj
                0x08008546                HAL_PCDEx_SetConnectionState
 .text.USBD_Get_USB_Status
                0x0800855c       0x58 CMakeFiles/Multi_Controller.dir/USB_DEVICE/Target/usbd_conf.c.obj
 .text.MX_USB_DEVICE_Init
                0x080085b4       0x60 CMakeFiles/Multi_Controller.dir/USB_DEVICE/App/usb_device.c.obj
                0x080085b4                MX_USB_DEVICE_Init
 .text.USBD_FS_DeviceDescriptor
                0x08008614       0x24 CMakeFiles/Multi_Controller.dir/USB_DEVICE/App/usbd_desc.c.obj
                0x08008614                USBD_FS_DeviceDescriptor
 .text.USBD_FS_LangIDStrDescriptor
                0x08008638       0x24 CMakeFiles/Multi_Controller.dir/USB_DEVICE/App/usbd_desc.c.obj
                0x08008638                USBD_FS_LangIDStrDescriptor
 .text.USBD_FS_ProductStrDescriptor
                0x0800865c       0x3c CMakeFiles/Multi_Controller.dir/USB_DEVICE/App/usbd_desc.c.obj
                0x0800865c                USBD_FS_ProductStrDescriptor
 .text.USBD_FS_ManufacturerStrDescriptor
                0x08008698       0x28 CMakeFiles/Multi_Controller.dir/USB_DEVICE/App/usbd_desc.c.obj
                0x08008698                USBD_FS_ManufacturerStrDescriptor
 .text.USBD_FS_SerialStrDescriptor
                0x080086c0       0x24 CMakeFiles/Multi_Controller.dir/USB_DEVICE/App/usbd_desc.c.obj
                0x080086c0                USBD_FS_SerialStrDescriptor
 .text.USBD_FS_ConfigStrDescriptor
                0x080086e4       0x3c CMakeFiles/Multi_Controller.dir/USB_DEVICE/App/usbd_desc.c.obj
                0x080086e4                USBD_FS_ConfigStrDescriptor
 .text.USBD_FS_InterfaceStrDescriptor
                0x08008720       0x3c CMakeFiles/Multi_Controller.dir/USB_DEVICE/App/usbd_desc.c.obj
                0x08008720                USBD_FS_InterfaceStrDescriptor
 .text.Get_SerialNum
                0x0800875c       0x58 CMakeFiles/Multi_Controller.dir/USB_DEVICE/App/usbd_desc.c.obj
 .text.IntToUnicode
                0x080087b4       0x7c CMakeFiles/Multi_Controller.dir/USB_DEVICE/App/usbd_desc.c.obj
 .text.CDC_Init_FS
                0x08008830       0x28 CMakeFiles/Multi_Controller.dir/USB_DEVICE/App/usbd_cdc_if.c.obj
 .text.CDC_DeInit_FS
                0x08008858        0xe CMakeFiles/Multi_Controller.dir/USB_DEVICE/App/usbd_cdc_if.c.obj
 *fill*         0x08008866        0x2 
 .text.CDC_Control_FS
                0x08008868       0xbc CMakeFiles/Multi_Controller.dir/USB_DEVICE/App/usbd_cdc_if.c.obj
 .text.CDC_Receive_FS
                0x08008924       0x68 CMakeFiles/Multi_Controller.dir/USB_DEVICE/App/usbd_cdc_if.c.obj
 .text.CDC_Transmit_FS
                0x0800898c       0x4c CMakeFiles/Multi_Controller.dir/USB_DEVICE/App/usbd_cdc_if.c.obj
                0x0800898c                CDC_Transmit_FS
 .text.HAL_TIM_PeriodElapsedCallback
                0x080089d8      0x134 CMakeFiles/Multi_Controller.dir/Core/Src/main.c.obj
                0x080089d8                HAL_TIM_PeriodElapsedCallback
 .text.TriggerPin_1
                0x08008b0c       0x38 CMakeFiles/Multi_Controller.dir/Core/Src/main.c.obj
                0x08008b0c                TriggerPin_1
 .text.TriggerPin_2
                0x08008b44       0x38 CMakeFiles/Multi_Controller.dir/Core/Src/main.c.obj
                0x08008b44                TriggerPin_2
 .text.hextoascii
                0x08008b7c       0x2a CMakeFiles/Multi_Controller.dir/Core/Src/main.c.obj
                0x08008b7c                hextoascii
 *fill*         0x08008ba6        0x2 
 .text.hex2ascii
                0x08008ba8       0x48 CMakeFiles/Multi_Controller.dir/Core/Src/main.c.obj
                0x08008ba8                hex2ascii
 .text.calculate_crc8
                0x08008bf0       0x7c CMakeFiles/Multi_Controller.dir/Core/Src/main.c.obj
                0x08008bf0                calculate_crc8
 .text.Pad_calculate_crc8
                0x08008c6c       0x70 CMakeFiles/Multi_Controller.dir/Core/Src/main.c.obj
                0x08008c6c                Pad_calculate_crc8
 .text.USB_minipc
                0x08008cdc      0x2d8 CMakeFiles/Multi_Controller.dir/Core/Src/main.c.obj
                0x08008cdc                USB_minipc
 .text.RX_DATA  0x08008fb4       0x60 CMakeFiles/Multi_Controller.dir/Core/Src/main.c.obj
                0x08008fb4                RX_DATA
 .text.HAL_UART_RxCpltCallback
                0x08009014       0x34 CMakeFiles/Multi_Controller.dir/Core/Src/main.c.obj
                0x08009014                HAL_UART_RxCpltCallback
 .text.SystemClock_Config
                0x08009048       0xb6 CMakeFiles/Multi_Controller.dir/Core/Src/main.c.obj
                0x08009048                SystemClock_Config
 *fill*         0x080090fe        0x2 
 .text.MX_GPIO_Init
                0x08009100      0x150 CMakeFiles/Multi_Controller.dir/Core/Src/main.c.obj
 .text.main     0x08009250      0xb20 CMakeFiles/Multi_Controller.dir/Core/Src/main.c.obj
                0x08009250                main
 .text.MX_TIM1_Init
                0x08009d70       0xa0 CMakeFiles/Multi_Controller.dir/Core/Src/main.c.obj
 .text.MX_USART1_UART_Init
                0x08009e10       0x54 CMakeFiles/Multi_Controller.dir/Core/Src/main.c.obj
 .text.Error_Handler
                0x08009e64        0xc CMakeFiles/Multi_Controller.dir/Core/Src/main.c.obj
                0x08009e64                Error_Handler
 .text.NMI_Handler
                0x08009e70        0x8 CMakeFiles/Multi_Controller.dir/Core/Src/stm32f1xx_it.c.obj
                0x08009e70                NMI_Handler
 .text.HardFault_Handler
                0x08009e78        0x8 CMakeFiles/Multi_Controller.dir/Core/Src/stm32f1xx_it.c.obj
                0x08009e78                HardFault_Handler
 .text.MemManage_Handler
                0x08009e80        0x8 CMakeFiles/Multi_Controller.dir/Core/Src/stm32f1xx_it.c.obj
                0x08009e80                MemManage_Handler
 .text.BusFault_Handler
                0x08009e88        0x8 CMakeFiles/Multi_Controller.dir/Core/Src/stm32f1xx_it.c.obj
                0x08009e88                BusFault_Handler
 .text.UsageFault_Handler
                0x08009e90        0x8 CMakeFiles/Multi_Controller.dir/Core/Src/stm32f1xx_it.c.obj
                0x08009e90                UsageFault_Handler
 .text.SVC_Handler
                0x08009e98        0xc CMakeFiles/Multi_Controller.dir/Core/Src/stm32f1xx_it.c.obj
                0x08009e98                SVC_Handler
 .text.DebugMon_Handler
                0x08009ea4        0xc CMakeFiles/Multi_Controller.dir/Core/Src/stm32f1xx_it.c.obj
                0x08009ea4                DebugMon_Handler
 .text.PendSV_Handler
                0x08009eb0        0xc CMakeFiles/Multi_Controller.dir/Core/Src/stm32f1xx_it.c.obj
                0x08009eb0                PendSV_Handler
 .text.SysTick_Handler
                0x08009ebc        0xc CMakeFiles/Multi_Controller.dir/Core/Src/stm32f1xx_it.c.obj
                0x08009ebc                SysTick_Handler
 .text.USB_LP_CAN1_RX0_IRQHandler
                0x08009ec8       0x14 CMakeFiles/Multi_Controller.dir/Core/Src/stm32f1xx_it.c.obj
                0x08009ec8                USB_LP_CAN1_RX0_IRQHandler
 .text.TIM1_UP_IRQHandler
                0x08009edc       0x14 CMakeFiles/Multi_Controller.dir/Core/Src/stm32f1xx_it.c.obj
                0x08009edc                TIM1_UP_IRQHandler
 .text.USART1_IRQHandler
                0x08009ef0       0x14 CMakeFiles/Multi_Controller.dir/Core/Src/stm32f1xx_it.c.obj
                0x08009ef0                USART1_IRQHandler
 .text.HAL_MspInit
                0x08009f04       0x64 CMakeFiles/Multi_Controller.dir/Core/Src/stm32f1xx_hal_msp.c.obj
                0x08009f04                HAL_MspInit
 .text.HAL_TIM_Base_MspInit
                0x08009f68       0x4c CMakeFiles/Multi_Controller.dir/Core/Src/stm32f1xx_hal_msp.c.obj
                0x08009f68                HAL_TIM_Base_MspInit
 .text.HAL_UART_MspInit
                0x08009fb4       0xa8 CMakeFiles/Multi_Controller.dir/Core/Src/stm32f1xx_hal_msp.c.obj
                0x08009fb4                HAL_UART_MspInit
 .text.Reset_Handler
                0x0800a05c       0x48 CMakeFiles/Multi_Controller.dir/startup_stm32f103xb.s.obj
                0x0800a05c                Reset_Handler
 .text.Default_Handler
                0x0800a0a4        0x2 CMakeFiles/Multi_Controller.dir/startup_stm32f103xb.s.obj
                0x0800a0a4                RTC_Alarm_IRQHandler
                0x0800a0a4                EXTI2_IRQHandler
                0x0800a0a4                TIM1_CC_IRQHandler
                0x0800a0a4                PVD_IRQHandler
                0x0800a0a4                EXTI3_IRQHandler
                0x0800a0a4                EXTI0_IRQHandler
                0x0800a0a4                I2C2_EV_IRQHandler
                0x0800a0a4                ADC1_2_IRQHandler
                0x0800a0a4                SPI1_IRQHandler
                0x0800a0a4                TAMPER_IRQHandler
                0x0800a0a4                DMA1_Channel4_IRQHandler
                0x0800a0a4                USART3_IRQHandler
                0x0800a0a4                RTC_IRQHandler
                0x0800a0a4                DMA1_Channel7_IRQHandler
                0x0800a0a4                CAN1_RX1_IRQHandler
                0x0800a0a4                TIM4_IRQHandler
                0x0800a0a4                I2C1_EV_IRQHandler
                0x0800a0a4                DMA1_Channel6_IRQHandler
                0x0800a0a4                TIM3_IRQHandler
                0x0800a0a4                RCC_IRQHandler
                0x0800a0a4                TIM1_TRG_COM_IRQHandler
                0x0800a0a4                DMA1_Channel1_IRQHandler
                0x0800a0a4                Default_Handler
                0x0800a0a4                EXTI15_10_IRQHandler
                0x0800a0a4                EXTI9_5_IRQHandler
                0x0800a0a4                SPI2_IRQHandler
                0x0800a0a4                DMA1_Channel5_IRQHandler
                0x0800a0a4                EXTI4_IRQHandler
                0x0800a0a4                USB_HP_CAN1_TX_IRQHandler
                0x0800a0a4                DMA1_Channel3_IRQHandler
                0x0800a0a4                WWDG_IRQHandler
                0x0800a0a4                TIM2_IRQHandler
                0x0800a0a4                TIM1_BRK_IRQHandler
                0x0800a0a4                EXTI1_IRQHandler
                0x0800a0a4                USART2_IRQHandler
                0x0800a0a4                I2C2_ER_IRQHandler
                0x0800a0a4                DMA1_Channel2_IRQHandler
                0x0800a0a4                CAN1_SCE_IRQHandler
                0x0800a0a4                FLASH_IRQHandler
                0x0800a0a4                I2C1_ER_IRQHandler
                0x0800a0a4                USBWakeUp_IRQHandler
 .text.memcpy   0x0800a0a6       0x1c C:/ST/STM32CubeCLT_1.18.0/GNU-tools-for-STM32/bin/../lib/gcc/arm-none-eabi/13.3.1/../../../../arm-none-eabi/lib/thumb/v7-m/nofp\libg_nano.a(libc_a-memcpy-stub.o)
                0x0800a0a6                memcpy
 *(.glue_7)
 .glue_7        0x0800a0c2        0x0 linker stubs
 *(.glue_7t)
 .glue_7t       0x0800a0c2        0x0 linker stubs
 *(.eh_frame)
 *fill*         0x0800a0c2        0x2 
 .eh_frame      0x0800a0c4        0x0 C:/ST/STM32CubeCLT_1.18.0/GNU-tools-for-STM32/bin/../lib/gcc/arm-none-eabi/13.3.1/thumb/v7-m/nofp/crtbegin.o
 *(.init)
 .init          0x0800a0c4        0x4 C:/ST/STM32CubeCLT_1.18.0/GNU-tools-for-STM32/bin/../lib/gcc/arm-none-eabi/13.3.1/thumb/v7-m/nofp/crti.o
                0x0800a0c4                _init
 .init          0x0800a0c8        0x8 C:/ST/STM32CubeCLT_1.18.0/GNU-tools-for-STM32/bin/../lib/gcc/arm-none-eabi/13.3.1/thumb/v7-m/nofp/crtn.o
 *(.fini)
 .fini          0x0800a0d0        0x4 C:/ST/STM32CubeCLT_1.18.0/GNU-tools-for-STM32/bin/../lib/gcc/arm-none-eabi/13.3.1/thumb/v7-m/nofp/crti.o
                0x0800a0d0                _fini
 .fini          0x0800a0d4        0x8 C:/ST/STM32CubeCLT_1.18.0/GNU-tools-for-STM32/bin/../lib/gcc/arm-none-eabi/13.3.1/thumb/v7-m/nofp/crtn.o
                0x0800a0dc                        . = ALIGN (0x4)
                0x0800a0dc                        _etext = .

.vfp11_veneer   0x0800a0dc        0x0
 .vfp11_veneer  0x0800a0dc        0x0 linker stubs

.v4_bx          0x0800a0dc        0x0
 .v4_bx         0x0800a0dc        0x0 linker stubs

.iplt           0x0800a0dc        0x0
 .iplt          0x0800a0dc        0x0 C:/ST/STM32CubeCLT_1.18.0/GNU-tools-for-STM32/bin/../lib/gcc/arm-none-eabi/13.3.1/thumb/v7-m/nofp/crtbegin.o

.rodata         0x0800a0dc       0x74
                0x0800a0dc                        . = ALIGN (0x4)
 *(.rodata)
 .rodata        0x0800a0dc       0x46 CMakeFiles/Multi_Controller.dir/USB_DEVICE/App/usbd_desc.c.obj
 *(.rodata*)
 *fill*         0x0800a122        0x2 
 .rodata.AHBPrescTable
                0x0800a124       0x10 cmake/stm32cubemx/CMakeFiles/STM32_Drivers.dir/__/__/Core/Src/system_stm32f1xx.c.obj
                0x0800a124                AHBPrescTable
 .rodata.APBPrescTable
                0x0800a134        0x8 cmake/stm32cubemx/CMakeFiles/STM32_Drivers.dir/__/__/Core/Src/system_stm32f1xx.c.obj
                0x0800a134                APBPrescTable
 .rodata.aPLLMULFactorTable.1
                0x0800a13c       0x10 cmake/stm32cubemx/CMakeFiles/STM32_Drivers.dir/__/__/Drivers/STM32F1xx_HAL_Driver/Src/stm32f1xx_hal_rcc.c.obj
 .rodata.aPredivFactorTable.0
                0x0800a14c        0x2 cmake/stm32cubemx/CMakeFiles/STM32_Drivers.dir/__/__/Drivers/STM32F1xx_HAL_Driver/Src/stm32f1xx_hal_rcc.c.obj
                0x0800a150                        . = ALIGN (0x4)
 *fill*         0x0800a14e        0x2 

.ARM.extab      0x0800a150        0x0
                0x0800a150                        . = ALIGN (0x4)
 *(.ARM.extab* .gnu.linkonce.armextab.*)
                0x0800a150                        . = ALIGN (0x4)

.ARM            0x0800a150        0x0
                0x0800a150                        . = ALIGN (0x4)
                0x0800a150                        __exidx_start = .
 *(.ARM.exidx*)
                0x0800a150                        __exidx_end = .
                0x0800a150                        . = ALIGN (0x4)

.preinit_array  0x0800a150        0x0
                0x0800a150                        . = ALIGN (0x4)
                0x0800a150                        PROVIDE (__preinit_array_start = .)
 *(.preinit_array*)
                0x0800a150                        PROVIDE (__preinit_array_end = .)
                0x0800a150                        . = ALIGN (0x4)

.init_array     0x0800a150        0x4
                0x0800a150                        . = ALIGN (0x4)
                0x0800a150                        PROVIDE (__init_array_start = .)
 *(SORT_BY_NAME(.init_array.*))
 *(.init_array*)
 .init_array    0x0800a150        0x4 C:/ST/STM32CubeCLT_1.18.0/GNU-tools-for-STM32/bin/../lib/gcc/arm-none-eabi/13.3.1/thumb/v7-m/nofp/crtbegin.o
                0x0800a154                        PROVIDE (__init_array_end = .)
                0x0800a154                        . = ALIGN (0x4)

.fini_array     0x0800a154        0x4
                0x0800a154                        . = ALIGN (0x4)
                [!provide]                        PROVIDE (__fini_array_start = .)
 *(SORT_BY_NAME(.fini_array.*))
 *(.fini_array*)
 .fini_array    0x0800a154        0x4 C:/ST/STM32CubeCLT_1.18.0/GNU-tools-for-STM32/bin/../lib/gcc/arm-none-eabi/13.3.1/thumb/v7-m/nofp/crtbegin.o
                [!provide]                        PROVIDE (__fini_array_end = .)
                0x0800a158                        . = ALIGN (0x4)
                0x0800a158                        _sidata = LOADADDR (.data)

.rel.dyn        0x0800a158        0x0
 .rel.iplt      0x0800a158        0x0 C:/ST/STM32CubeCLT_1.18.0/GNU-tools-for-STM32/bin/../lib/gcc/arm-none-eabi/13.3.1/thumb/v7-m/nofp/crtbegin.o

.data           0x20000000      0x17c load address 0x0800a158
                0x20000000                        . = ALIGN (0x4)
                0x20000000                        _sdata = .
 *(.data)
 *(.data*)
 .data.SystemCoreClock
                0x20000000        0x4 cmake/stm32cubemx/CMakeFiles/STM32_Drivers.dir/__/__/Core/Src/system_stm32f1xx.c.obj
                0x20000000                SystemCoreClock
 .data.uwTickPrio
                0x20000004        0x4 cmake/stm32cubemx/CMakeFiles/STM32_Drivers.dir/__/__/Drivers/STM32F1xx_HAL_Driver/Src/stm32f1xx_hal.c.obj
                0x20000004                uwTickPrio
 .data.uwTickFreq
                0x20000008        0x1 cmake/stm32cubemx/CMakeFiles/STM32_Drivers.dir/__/__/Drivers/STM32F1xx_HAL_Driver/Src/stm32f1xx_hal.c.obj
                0x20000008                uwTickFreq
 *fill*         0x20000009        0x3 
 .data.USBD_CDC_DeviceQualifierDesc
                0x2000000c        0xa cmake/stm32cubemx/CMakeFiles/USB_Device_Library.dir/__/__/Middlewares/ST/STM32_USB_Device_Library/Class/CDC/Src/usbd_cdc.c.obj
 *fill*         0x20000016        0x2 
 .data.USBD_CDC
                0x20000018       0x38 cmake/stm32cubemx/CMakeFiles/USB_Device_Library.dir/__/__/Middlewares/ST/STM32_USB_Device_Library/Class/CDC/Src/usbd_cdc.c.obj
                0x20000018                USBD_CDC
 .data.USBD_CDC_CfgHSDesc
                0x20000050       0x43 cmake/stm32cubemx/CMakeFiles/USB_Device_Library.dir/__/__/Middlewares/ST/STM32_USB_Device_Library/Class/CDC/Src/usbd_cdc.c.obj
                0x20000050                USBD_CDC_CfgHSDesc
 *fill*         0x20000093        0x1 
 .data.USBD_CDC_CfgFSDesc
                0x20000094       0x43 cmake/stm32cubemx/CMakeFiles/USB_Device_Library.dir/__/__/Middlewares/ST/STM32_USB_Device_Library/Class/CDC/Src/usbd_cdc.c.obj
                0x20000094                USBD_CDC_CfgFSDesc
 *fill*         0x200000d7        0x1 
 .data.USBD_CDC_OtherSpeedCfgDesc
                0x200000d8       0x43 cmake/stm32cubemx/CMakeFiles/USB_Device_Library.dir/__/__/Middlewares/ST/STM32_USB_Device_Library/Class/CDC/Src/usbd_cdc.c.obj
                0x200000d8                USBD_CDC_OtherSpeedCfgDesc
 *fill*         0x2000011b        0x1 
 .data.FS_Desc  0x2000011c       0x1c CMakeFiles/Multi_Controller.dir/USB_DEVICE/App/usbd_desc.c.obj
                0x2000011c                FS_Desc
 .data.USBD_FS_DeviceDesc
                0x20000138       0x12 CMakeFiles/Multi_Controller.dir/USB_DEVICE/App/usbd_desc.c.obj
                0x20000138                USBD_FS_DeviceDesc
 *fill*         0x2000014a        0x2 
 .data.USBD_LangIDDesc
                0x2000014c        0x4 CMakeFiles/Multi_Controller.dir/USB_DEVICE/App/usbd_desc.c.obj
                0x2000014c                USBD_LangIDDesc
 .data.USBD_StringSerial
                0x20000150       0x1a CMakeFiles/Multi_Controller.dir/USB_DEVICE/App/usbd_desc.c.obj
                0x20000150                USBD_StringSerial
 *fill*         0x2000016a        0x2 
 .data.USBD_Interface_fops_FS
                0x2000016c       0x10 CMakeFiles/Multi_Controller.dir/USB_DEVICE/App/usbd_cdc_if.c.obj
                0x2000016c                USBD_Interface_fops_FS
 *(.RamFunc)
 *(.RamFunc*)
                0x2000017c                        . = ALIGN (0x4)
                0x2000017c                        _edata = .

.igot.plt       0x2000017c        0x0 load address 0x0800a2d4
 .igot.plt      0x2000017c        0x0 C:/ST/STM32CubeCLT_1.18.0/GNU-tools-for-STM32/bin/../lib/gcc/arm-none-eabi/13.3.1/thumb/v7-m/nofp/crtbegin.o
                0x2000017c                        . = ALIGN (0x4)

.bss            0x2000017c     0x23fc load address 0x0800a2d4
                0x2000017c                        _sbss = .
                0x2000017c                        __bss_start__ = _sbss
 *(.bss)
 .bss           0x2000017c       0x1c C:/ST/STM32CubeCLT_1.18.0/GNU-tools-for-STM32/bin/../lib/gcc/arm-none-eabi/13.3.1/thumb/v7-m/nofp/crtbegin.o
 *(.bss*)
 .bss.uwTick    0x20000198        0x4 cmake/stm32cubemx/CMakeFiles/STM32_Drivers.dir/__/__/Drivers/STM32F1xx_HAL_Driver/Src/stm32f1xx_hal.c.obj
                0x20000198                uwTick
 .bss.cfgidx.0  0x2000019c        0x1 cmake/stm32cubemx/CMakeFiles/USB_Device_Library.dir/__/__/Middlewares/ST/STM32_USB_Device_Library/Core/Src/usbd_ctlreq.c.obj
 *fill*         0x2000019d        0x3 
 .bss.hpcd_USB_FS
                0x200001a0      0x2d8 CMakeFiles/Multi_Controller.dir/USB_DEVICE/Target/usbd_conf.c.obj
                0x200001a0                hpcd_USB_FS
 .bss.mem.0     0x20000478      0x220 CMakeFiles/Multi_Controller.dir/USB_DEVICE/Target/usbd_conf.c.obj
 .bss.hUsbDeviceFS
                0x20000698      0x2c4 CMakeFiles/Multi_Controller.dir/USB_DEVICE/App/usb_device.c.obj
                0x20000698                hUsbDeviceFS
 .bss.USBD_StrDesc
                0x2000095c      0x200 CMakeFiles/Multi_Controller.dir/USB_DEVICE/App/usbd_desc.c.obj
                0x2000095c                USBD_StrDesc
 .bss.UserRxBufferFS
                0x20000b5c      0x400 CMakeFiles/Multi_Controller.dir/USB_DEVICE/App/usbd_cdc_if.c.obj
                0x20000b5c                UserRxBufferFS
 .bss.UserTxBufferFS
                0x20000f5c      0x400 CMakeFiles/Multi_Controller.dir/USB_DEVICE/App/usbd_cdc_if.c.obj
                0x20000f5c                UserTxBufferFS
 .bss.htim1     0x2000135c       0x48 CMakeFiles/Multi_Controller.dir/Core/Src/main.c.obj
                0x2000135c                htim1
 .bss.huart1    0x200013a4       0x48 CMakeFiles/Multi_Controller.dir/Core/Src/main.c.obj
                0x200013a4                huart1
 .bss.gGlobal_Buffer
                0x200013ec      0x800 CMakeFiles/Multi_Controller.dir/Core/Src/main.c.obj
                0x200013ec                gGlobal_Buffer
 .bss.gGlobal_usbToggle
                0x20001bec        0x1 CMakeFiles/Multi_Controller.dir/Core/Src/main.c.obj
                0x20001bec                gGlobal_usbToggle
 *fill*         0x20001bed        0x3 
 .bss.gGlobal_usbLen
                0x20001bf0        0x4 CMakeFiles/Multi_Controller.dir/Core/Src/main.c.obj
                0x20001bf0                gGlobal_usbLen
 .bss.gGlobal_upButton
                0x20001bf4        0x1 CMakeFiles/Multi_Controller.dir/Core/Src/main.c.obj
                0x20001bf4                gGlobal_upButton
 .bss.gGlobal_downButton
                0x20001bf5        0x1 CMakeFiles/Multi_Controller.dir/Core/Src/main.c.obj
                0x20001bf5                gGlobal_downButton
 .bss.gGlobal_powerButton
                0x20001bf6        0x1 CMakeFiles/Multi_Controller.dir/Core/Src/main.c.obj
                0x20001bf6                gGlobal_powerButton
 .bss.gGlobal_boostButton
                0x20001bf7        0x1 CMakeFiles/Multi_Controller.dir/Core/Src/main.c.obj
                0x20001bf7                gGlobal_boostButton
 .bss.gGlobal_pcmodeButton
                0x20001bf8        0x1 CMakeFiles/Multi_Controller.dir/Core/Src/main.c.obj
                0x20001bf8                gGlobal_pcmodeButton
 .bss.gGlobal_memory1Button
                0x20001bf9        0x1 CMakeFiles/Multi_Controller.dir/Core/Src/main.c.obj
                0x20001bf9                gGlobal_memory1Button
 .bss.gGlobal_memory2Button
                0x20001bfa        0x1 CMakeFiles/Multi_Controller.dir/Core/Src/main.c.obj
                0x20001bfa                gGlobal_memory2Button
 .bss.gGlobal_memory3Button
                0x20001bfb        0x1 CMakeFiles/Multi_Controller.dir/Core/Src/main.c.obj
                0x20001bfb                gGlobal_memory3Button
 .bss.gGlobal_memory4Button
                0x20001bfc        0x1 CMakeFiles/Multi_Controller.dir/Core/Src/main.c.obj
                0x20001bfc                gGlobal_memory4Button
 .bss.gGlobal_triggIn1
                0x20001bfd        0x1 CMakeFiles/Multi_Controller.dir/Core/Src/main.c.obj
                0x20001bfd                gGlobal_triggIn1
 .bss.gGlobal_triggIn2
                0x20001bfe        0x1 CMakeFiles/Multi_Controller.dir/Core/Src/main.c.obj
                0x20001bfe                gGlobal_triggIn2
 .bss.gGlobal_trigginState1
                0x20001bff        0x1 CMakeFiles/Multi_Controller.dir/Core/Src/main.c.obj
                0x20001bff                gGlobal_trigginState1
 .bss.gGlobal_trigginState2
                0x20001c00        0x1 CMakeFiles/Multi_Controller.dir/Core/Src/main.c.obj
                0x20001c00                gGlobal_trigginState2
 .bss.gGlobal_triggoutState1
                0x20001c01        0x1 CMakeFiles/Multi_Controller.dir/Core/Src/main.c.obj
                0x20001c01                gGlobal_triggoutState1
 .bss.gGlobal_triggoutState2
                0x20001c02        0x1 CMakeFiles/Multi_Controller.dir/Core/Src/main.c.obj
                0x20001c02                gGlobal_triggoutState2
 .bss.gGlobal_state
                0x20001c03        0x1 CMakeFiles/Multi_Controller.dir/Core/Src/main.c.obj
                0x20001c03                gGlobal_state
 .bss.gGlobal_sum
                0x20001c04        0x1 CMakeFiles/Multi_Controller.dir/Core/Src/main.c.obj
                0x20001c04                gGlobal_sum
 .bss.gGlobal_sum1
                0x20001c05        0x1 CMakeFiles/Multi_Controller.dir/Core/Src/main.c.obj
                0x20001c05                gGlobal_sum1
 .bss.gGlobal_sum2
                0x20001c06        0x1 CMakeFiles/Multi_Controller.dir/Core/Src/main.c.obj
                0x20001c06                gGlobal_sum2
 .bss.gGlobal_triggerState
                0x20001c07        0x1 CMakeFiles/Multi_Controller.dir/Core/Src/main.c.obj
                0x20001c07                gGlobal_triggerState
 .bss.gGlobal_triggerState2
                0x20001c08        0x1 CMakeFiles/Multi_Controller.dir/Core/Src/main.c.obj
                0x20001c08                gGlobal_triggerState2
 .bss.dtState   0x20001c09        0x1 CMakeFiles/Multi_Controller.dir/Core/Src/main.c.obj
                0x20001c09                dtState
 *fill*         0x20001c0a        0x2 
 .bss.gGlobal_Rxindx
                0x20001c0c        0x4 CMakeFiles/Multi_Controller.dir/Core/Src/main.c.obj
                0x20001c0c                gGlobal_Rxindx
 .bss.gGlobal_keyCount
                0x20001c10        0x4 CMakeFiles/Multi_Controller.dir/Core/Src/main.c.obj
                0x20001c10                gGlobal_keyCount
 .bss.gGlobal_longKeycount
                0x20001c14        0x4 CMakeFiles/Multi_Controller.dir/Core/Src/main.c.obj
                0x20001c14                gGlobal_longKeycount
 .bss.gGlobal_rxData
                0x20001c18        0x2 CMakeFiles/Multi_Controller.dir/Core/Src/main.c.obj
                0x20001c18                gGlobal_rxData
 *fill*         0x20001c1a        0x2 
 .bss.gGlobal_rxBuffer
                0x20001c1c       0x64 CMakeFiles/Multi_Controller.dir/Core/Src/main.c.obj
                0x20001c1c                gGlobal_rxBuffer
 .bss.gGlobal_tmpBuffer
                0x20001c80       0x64 CMakeFiles/Multi_Controller.dir/Core/Src/main.c.obj
                0x20001c80                gGlobal_tmpBuffer
 .bss.gGlobal_sendData
                0x20001ce4        0xc CMakeFiles/Multi_Controller.dir/Core/Src/main.c.obj
                0x20001ce4                gGlobal_sendData
 .bss.gGlobal_crc1
                0x20001cf0        0x1 CMakeFiles/Multi_Controller.dir/Core/Src/main.c.obj
                0x20001cf0                gGlobal_crc1
 .bss.gGlobal_crc2
                0x20001cf1        0x1 CMakeFiles/Multi_Controller.dir/Core/Src/main.c.obj
                0x20001cf1                gGlobal_crc2
 *fill*         0x20001cf2        0x2 
 .bss.currentStateCLK
                0x20001cf4        0x4 CMakeFiles/Multi_Controller.dir/Core/Src/main.c.obj
                0x20001cf4                currentStateCLK
 .bss.lastStateCLK
                0x20001cf8        0x4 CMakeFiles/Multi_Controller.dir/Core/Src/main.c.obj
                0x20001cf8                lastStateCLK
 .bss.gGlobal_keyTimer
                0x20001cfc        0x2 CMakeFiles/Multi_Controller.dir/Core/Src/main.c.obj
 .bss.gGlobal_longKey
                0x20001cfe        0x2 CMakeFiles/Multi_Controller.dir/Core/Src/main.c.obj
 .bss.gGlobal_jog
                0x20001d00        0x2 CMakeFiles/Multi_Controller.dir/Core/Src/main.c.obj
 .bss.gGlobal_jogTimer
                0x20001d02        0x2 CMakeFiles/Multi_Controller.dir/Core/Src/main.c.obj
 .bss.gGlobal_ledTimer
                0x20001d04        0x2 CMakeFiles/Multi_Controller.dir/Core/Src/main.c.obj
 .bss.gGlobal_ledCount
                0x20001d06        0x2 CMakeFiles/Multi_Controller.dir/Core/Src/main.c.obj
 .bss.gGlobal_encoderTimer
                0x20001d08        0x2 CMakeFiles/Multi_Controller.dir/Core/Src/main.c.obj
 .bss.gGlobal_encoderCount
                0x20001d0a        0x2 CMakeFiles/Multi_Controller.dir/Core/Src/main.c.obj
 .bss.Buzzer_timer
                0x20001d0c        0x2 CMakeFiles/Multi_Controller.dir/Core/Src/main.c.obj
 .bss.Buzzer_count
                0x20001d0e        0x2 CMakeFiles/Multi_Controller.dir/Core/Src/main.c.obj
 .bss.collectBuffer
                0x20001d10      0x800 CMakeFiles/Multi_Controller.dir/Core/Src/main.c.obj
 .bss.collectIndex
                0x20002510        0x2 CMakeFiles/Multi_Controller.dir/Core/Src/main.c.obj
 .bss.isCollecting
                0x20002512        0x1 CMakeFiles/Multi_Controller.dir/Core/Src/main.c.obj
 *fill*         0x20002513        0x1 
 .bss.testbuf   0x20002514       0x64 CMakeFiles/Multi_Controller.dir/Core/Src/main.c.obj
                0x20002514                testbuf
 *(COMMON)
                0x20002578                        . = ALIGN (0x4)
                0x20002578                        _ebss = .
                0x20002578                        __bss_end__ = _ebss

._user_heap_stack
                0x20002578      0x600 load address 0x0800a2d4
                0x20002578                        . = ALIGN (0x8)
                [!provide]                        PROVIDE (end = .)
                0x20002578                        PROVIDE (_end = .)
                0x20002778                        . = (. + _Min_Heap_Size)
 *fill*         0x20002578      0x200 
                0x20002b78                        . = (. + _Min_Stack_Size)
 *fill*         0x20002778      0x400 
                0x20002b78                        . = ALIGN (0x8)

/DISCARD/
 libc.a(*)
 libm.a(*)
 libgcc.a(*)
OUTPUT(Multi_Controller.elf elf32-littlearm)
LOAD linker stubs
LOAD C:/ST/STM32CubeCLT_1.18.0/GNU-tools-for-STM32/bin/../lib/gcc/arm-none-eabi/13.3.1/../../../../arm-none-eabi/lib/thumb/v7-m/nofp\libc.a
LOAD C:/ST/STM32CubeCLT_1.18.0/GNU-tools-for-STM32/bin/../lib/gcc/arm-none-eabi/13.3.1/../../../../arm-none-eabi/lib/thumb/v7-m/nofp\libm.a
LOAD C:/ST/STM32CubeCLT_1.18.0/GNU-tools-for-STM32/bin/../lib/gcc/arm-none-eabi/13.3.1/thumb/v7-m/nofp\libgcc.a

.ARM.attributes
                0x00000000       0x29
 .ARM.attributes
                0x00000000       0x1d C:/ST/STM32CubeCLT_1.18.0/GNU-tools-for-STM32/bin/../lib/gcc/arm-none-eabi/13.3.1/thumb/v7-m/nofp/crti.o
 .ARM.attributes
                0x0000001d       0x2d C:/ST/STM32CubeCLT_1.18.0/GNU-tools-for-STM32/bin/../lib/gcc/arm-none-eabi/13.3.1/thumb/v7-m/nofp/crtbegin.o
 .ARM.attributes
                0x0000004a       0x2d C:/ST/STM32CubeCLT_1.18.0/GNU-tools-for-STM32/bin/../lib/gcc/arm-none-eabi/13.3.1/../../../../arm-none-eabi/lib/thumb/v7-m/nofp\libc_nano.a(libc_a-memset.o)
 .ARM.attributes
                0x00000077       0x2d C:/ST/STM32CubeCLT_1.18.0/GNU-tools-for-STM32/bin/../lib/gcc/arm-none-eabi/13.3.1/../../../../arm-none-eabi/lib/thumb/v7-m/nofp\libc_nano.a(libc_a-init.o)
 .ARM.attributes
                0x000000a4       0x2d cmake/stm32cubemx/CMakeFiles/STM32_Drivers.dir/__/__/Core/Src/system_stm32f1xx.c.obj
 .ARM.attributes
                0x000000d1       0x2d cmake/stm32cubemx/CMakeFiles/STM32_Drivers.dir/__/__/Drivers/STM32F1xx_HAL_Driver/Src/stm32f1xx_hal_pcd.c.obj
 .ARM.attributes
                0x000000fe       0x2d cmake/stm32cubemx/CMakeFiles/STM32_Drivers.dir/__/__/Drivers/STM32F1xx_HAL_Driver/Src/stm32f1xx_hal_pcd_ex.c.obj
 .ARM.attributes
                0x0000012b       0x2d cmake/stm32cubemx/CMakeFiles/STM32_Drivers.dir/__/__/Drivers/STM32F1xx_HAL_Driver/Src/stm32f1xx_ll_usb.c.obj
 .ARM.attributes
                0x00000158       0x2d cmake/stm32cubemx/CMakeFiles/STM32_Drivers.dir/__/__/Drivers/STM32F1xx_HAL_Driver/Src/stm32f1xx_hal.c.obj
 .ARM.attributes
                0x00000185       0x2d cmake/stm32cubemx/CMakeFiles/STM32_Drivers.dir/__/__/Drivers/STM32F1xx_HAL_Driver/Src/stm32f1xx_hal_rcc.c.obj
 .ARM.attributes
                0x000001b2       0x2d cmake/stm32cubemx/CMakeFiles/STM32_Drivers.dir/__/__/Drivers/STM32F1xx_HAL_Driver/Src/stm32f1xx_hal_rcc_ex.c.obj
 .ARM.attributes
                0x000001df       0x2d cmake/stm32cubemx/CMakeFiles/STM32_Drivers.dir/__/__/Drivers/STM32F1xx_HAL_Driver/Src/stm32f1xx_hal_gpio.c.obj
 .ARM.attributes
                0x0000020c       0x2d cmake/stm32cubemx/CMakeFiles/STM32_Drivers.dir/__/__/Drivers/STM32F1xx_HAL_Driver/Src/stm32f1xx_hal_dma.c.obj
 .ARM.attributes
                0x00000239       0x2d cmake/stm32cubemx/CMakeFiles/STM32_Drivers.dir/__/__/Drivers/STM32F1xx_HAL_Driver/Src/stm32f1xx_hal_cortex.c.obj
 .ARM.attributes
                0x00000266       0x2d cmake/stm32cubemx/CMakeFiles/STM32_Drivers.dir/__/__/Drivers/STM32F1xx_HAL_Driver/Src/stm32f1xx_hal_tim.c.obj
 .ARM.attributes
                0x00000293       0x2d cmake/stm32cubemx/CMakeFiles/STM32_Drivers.dir/__/__/Drivers/STM32F1xx_HAL_Driver/Src/stm32f1xx_hal_tim_ex.c.obj
 .ARM.attributes
                0x000002c0       0x2d cmake/stm32cubemx/CMakeFiles/STM32_Drivers.dir/__/__/Drivers/STM32F1xx_HAL_Driver/Src/stm32f1xx_hal_uart.c.obj
 .ARM.attributes
                0x000002ed       0x2d cmake/stm32cubemx/CMakeFiles/USB_Device_Library.dir/__/__/Middlewares/ST/STM32_USB_Device_Library/Core/Src/usbd_core.c.obj
 .ARM.attributes
                0x0000031a       0x2d cmake/stm32cubemx/CMakeFiles/USB_Device_Library.dir/__/__/Middlewares/ST/STM32_USB_Device_Library/Core/Src/usbd_ctlreq.c.obj
 .ARM.attributes
                0x00000347       0x2d cmake/stm32cubemx/CMakeFiles/USB_Device_Library.dir/__/__/Middlewares/ST/STM32_USB_Device_Library/Core/Src/usbd_ioreq.c.obj
 .ARM.attributes
                0x00000374       0x2d cmake/stm32cubemx/CMakeFiles/USB_Device_Library.dir/__/__/Middlewares/ST/STM32_USB_Device_Library/Class/CDC/Src/usbd_cdc.c.obj
 .ARM.attributes
                0x000003a1       0x2d CMakeFiles/Multi_Controller.dir/USB_DEVICE/Target/usbd_conf.c.obj
 .ARM.attributes
                0x000003ce       0x2d CMakeFiles/Multi_Controller.dir/USB_DEVICE/App/usb_device.c.obj
 .ARM.attributes
                0x000003fb       0x2d CMakeFiles/Multi_Controller.dir/USB_DEVICE/App/usbd_desc.c.obj
 .ARM.attributes
                0x00000428       0x2d CMakeFiles/Multi_Controller.dir/USB_DEVICE/App/usbd_cdc_if.c.obj
 .ARM.attributes
                0x00000455       0x2d CMakeFiles/Multi_Controller.dir/Core/Src/main.c.obj
 .ARM.attributes
                0x00000482       0x2d CMakeFiles/Multi_Controller.dir/Core/Src/stm32f1xx_it.c.obj
 .ARM.attributes
                0x000004af       0x2d CMakeFiles/Multi_Controller.dir/Core/Src/stm32f1xx_hal_msp.c.obj
 .ARM.attributes
                0x000004dc       0x21 CMakeFiles/Multi_Controller.dir/startup_stm32f103xb.s.obj
 .ARM.attributes
                0x000004fd       0x2d C:/ST/STM32CubeCLT_1.18.0/GNU-tools-for-STM32/bin/../lib/gcc/arm-none-eabi/13.3.1/../../../../arm-none-eabi/lib/thumb/v7-m/nofp\libg_nano.a(libc_a-memcpy-stub.o)
 .ARM.attributes
                0x0000052a       0x1d C:/ST/STM32CubeCLT_1.18.0/GNU-tools-for-STM32/bin/../lib/gcc/arm-none-eabi/13.3.1/thumb/v7-m/nofp/crtn.o

.comment        0x00000000       0x43
 .comment       0x00000000       0x43 cmake/stm32cubemx/CMakeFiles/STM32_Drivers.dir/__/__/Core/Src/system_stm32f1xx.c.obj
                                 0x44 (size before relaxing)
 .comment       0x00000043       0x44 cmake/stm32cubemx/CMakeFiles/STM32_Drivers.dir/__/__/Drivers/STM32F1xx_HAL_Driver/Src/stm32f1xx_hal_pcd.c.obj
 .comment       0x00000043       0x44 cmake/stm32cubemx/CMakeFiles/STM32_Drivers.dir/__/__/Drivers/STM32F1xx_HAL_Driver/Src/stm32f1xx_hal_pcd_ex.c.obj
 .comment       0x00000043       0x44 cmake/stm32cubemx/CMakeFiles/STM32_Drivers.dir/__/__/Drivers/STM32F1xx_HAL_Driver/Src/stm32f1xx_ll_usb.c.obj
 .comment       0x00000043       0x44 cmake/stm32cubemx/CMakeFiles/STM32_Drivers.dir/__/__/Drivers/STM32F1xx_HAL_Driver/Src/stm32f1xx_hal.c.obj
 .comment       0x00000043       0x44 cmake/stm32cubemx/CMakeFiles/STM32_Drivers.dir/__/__/Drivers/STM32F1xx_HAL_Driver/Src/stm32f1xx_hal_rcc.c.obj
 .comment       0x00000043       0x44 cmake/stm32cubemx/CMakeFiles/STM32_Drivers.dir/__/__/Drivers/STM32F1xx_HAL_Driver/Src/stm32f1xx_hal_rcc_ex.c.obj
 .comment       0x00000043       0x44 cmake/stm32cubemx/CMakeFiles/STM32_Drivers.dir/__/__/Drivers/STM32F1xx_HAL_Driver/Src/stm32f1xx_hal_gpio.c.obj
 .comment       0x00000043       0x44 cmake/stm32cubemx/CMakeFiles/STM32_Drivers.dir/__/__/Drivers/STM32F1xx_HAL_Driver/Src/stm32f1xx_hal_dma.c.obj
 .comment       0x00000043       0x44 cmake/stm32cubemx/CMakeFiles/STM32_Drivers.dir/__/__/Drivers/STM32F1xx_HAL_Driver/Src/stm32f1xx_hal_cortex.c.obj
 .comment       0x00000043       0x44 cmake/stm32cubemx/CMakeFiles/STM32_Drivers.dir/__/__/Drivers/STM32F1xx_HAL_Driver/Src/stm32f1xx_hal_tim.c.obj
 .comment       0x00000043       0x44 cmake/stm32cubemx/CMakeFiles/STM32_Drivers.dir/__/__/Drivers/STM32F1xx_HAL_Driver/Src/stm32f1xx_hal_tim_ex.c.obj
 .comment       0x00000043       0x44 cmake/stm32cubemx/CMakeFiles/STM32_Drivers.dir/__/__/Drivers/STM32F1xx_HAL_Driver/Src/stm32f1xx_hal_uart.c.obj
 .comment       0x00000043       0x44 cmake/stm32cubemx/CMakeFiles/USB_Device_Library.dir/__/__/Middlewares/ST/STM32_USB_Device_Library/Core/Src/usbd_core.c.obj
 .comment       0x00000043       0x44 cmake/stm32cubemx/CMakeFiles/USB_Device_Library.dir/__/__/Middlewares/ST/STM32_USB_Device_Library/Core/Src/usbd_ctlreq.c.obj
 .comment       0x00000043       0x44 cmake/stm32cubemx/CMakeFiles/USB_Device_Library.dir/__/__/Middlewares/ST/STM32_USB_Device_Library/Core/Src/usbd_ioreq.c.obj
 .comment       0x00000043       0x44 cmake/stm32cubemx/CMakeFiles/USB_Device_Library.dir/__/__/Middlewares/ST/STM32_USB_Device_Library/Class/CDC/Src/usbd_cdc.c.obj
 .comment       0x00000043       0x44 CMakeFiles/Multi_Controller.dir/USB_DEVICE/Target/usbd_conf.c.obj
 .comment       0x00000043       0x44 CMakeFiles/Multi_Controller.dir/USB_DEVICE/App/usb_device.c.obj
 .comment       0x00000043       0x44 CMakeFiles/Multi_Controller.dir/USB_DEVICE/App/usbd_desc.c.obj
 .comment       0x00000043       0x44 CMakeFiles/Multi_Controller.dir/USB_DEVICE/App/usbd_cdc_if.c.obj
 .comment       0x00000043       0x44 CMakeFiles/Multi_Controller.dir/Core/Src/main.c.obj
 .comment       0x00000043       0x44 CMakeFiles/Multi_Controller.dir/Core/Src/stm32f1xx_it.c.obj
 .comment       0x00000043       0x44 CMakeFiles/Multi_Controller.dir/Core/Src/stm32f1xx_hal_msp.c.obj
 .comment       0x00000043       0x44 C:/ST/STM32CubeCLT_1.18.0/GNU-tools-for-STM32/bin/../lib/gcc/arm-none-eabi/13.3.1/../../../../arm-none-eabi/lib/thumb/v7-m/nofp\libg_nano.a(libc_a-memcpy-stub.o)

.debug_frame    0x00000000     0x4db4
 .debug_frame   0x00000000       0x20 C:/ST/STM32CubeCLT_1.18.0/GNU-tools-for-STM32/bin/../lib/gcc/arm-none-eabi/13.3.1/../../../../arm-none-eabi/lib/thumb/v7-m/nofp\libc_nano.a(libc_a-memset.o)
 .debug_frame   0x00000020       0x2c C:/ST/STM32CubeCLT_1.18.0/GNU-tools-for-STM32/bin/../lib/gcc/arm-none-eabi/13.3.1/../../../../arm-none-eabi/lib/thumb/v7-m/nofp\libc_nano.a(libc_a-init.o)
 .debug_frame   0x0000004c       0x58 cmake/stm32cubemx/CMakeFiles/STM32_Drivers.dir/__/__/Core/Src/system_stm32f1xx.c.obj
 .debug_frame   0x000000a4      0x594 cmake/stm32cubemx/CMakeFiles/STM32_Drivers.dir/__/__/Drivers/STM32F1xx_HAL_Driver/Src/stm32f1xx_hal_pcd.c.obj
 .debug_frame   0x00000638       0xb0 cmake/stm32cubemx/CMakeFiles/STM32_Drivers.dir/__/__/Drivers/STM32F1xx_HAL_Driver/Src/stm32f1xx_hal_pcd_ex.c.obj
 .debug_frame   0x000006e8      0x470 cmake/stm32cubemx/CMakeFiles/STM32_Drivers.dir/__/__/Drivers/STM32F1xx_HAL_Driver/Src/stm32f1xx_ll_usb.c.obj
 .debug_frame   0x00000b58      0x334 cmake/stm32cubemx/CMakeFiles/STM32_Drivers.dir/__/__/Drivers/STM32F1xx_HAL_Driver/Src/stm32f1xx_hal.c.obj
 .debug_frame   0x00000e8c      0x218 cmake/stm32cubemx/CMakeFiles/STM32_Drivers.dir/__/__/Drivers/STM32F1xx_HAL_Driver/Src/stm32f1xx_hal_rcc.c.obj
 .debug_frame   0x000010a4       0x80 cmake/stm32cubemx/CMakeFiles/STM32_Drivers.dir/__/__/Drivers/STM32F1xx_HAL_Driver/Src/stm32f1xx_hal_rcc_ex.c.obj
 .debug_frame   0x00001124      0x14c cmake/stm32cubemx/CMakeFiles/STM32_Drivers.dir/__/__/Drivers/STM32F1xx_HAL_Driver/Src/stm32f1xx_hal_gpio.c.obj
 .debug_frame   0x00001270      0x208 cmake/stm32cubemx/CMakeFiles/STM32_Drivers.dir/__/__/Drivers/STM32F1xx_HAL_Driver/Src/stm32f1xx_hal_dma.c.obj
 .debug_frame   0x00001478      0x428 cmake/stm32cubemx/CMakeFiles/STM32_Drivers.dir/__/__/Drivers/STM32F1xx_HAL_Driver/Src/stm32f1xx_hal_cortex.c.obj
 .debug_frame   0x000018a0     0x11b8 cmake/stm32cubemx/CMakeFiles/STM32_Drivers.dir/__/__/Drivers/STM32F1xx_HAL_Driver/Src/stm32f1xx_hal_tim.c.obj
 .debug_frame   0x00002a58      0x638 cmake/stm32cubemx/CMakeFiles/STM32_Drivers.dir/__/__/Drivers/STM32F1xx_HAL_Driver/Src/stm32f1xx_hal_tim_ex.c.obj
 .debug_frame   0x00003090      0x944 cmake/stm32cubemx/CMakeFiles/STM32_Drivers.dir/__/__/Drivers/STM32F1xx_HAL_Driver/Src/stm32f1xx_hal_uart.c.obj
 .debug_frame   0x000039d4      0x300 cmake/stm32cubemx/CMakeFiles/USB_Device_Library.dir/__/__/Middlewares/ST/STM32_USB_Device_Library/Core/Src/usbd_core.c.obj
 .debug_frame   0x00003cd4      0x218 cmake/stm32cubemx/CMakeFiles/USB_Device_Library.dir/__/__/Middlewares/ST/STM32_USB_Device_Library/Core/Src/usbd_ctlreq.c.obj
 .debug_frame   0x00003eec      0x10c cmake/stm32cubemx/CMakeFiles/USB_Device_Library.dir/__/__/Middlewares/ST/STM32_USB_Device_Library/Core/Src/usbd_ioreq.c.obj
 .debug_frame   0x00003ff8      0x248 cmake/stm32cubemx/CMakeFiles/USB_Device_Library.dir/__/__/Middlewares/ST/STM32_USB_Device_Library/Class/CDC/Src/usbd_cdc.c.obj
 .debug_frame   0x00004240      0x4a4 CMakeFiles/Multi_Controller.dir/USB_DEVICE/Target/usbd_conf.c.obj
 .debug_frame   0x000046e4       0x2c CMakeFiles/Multi_Controller.dir/USB_DEVICE/App/usb_device.c.obj
 .debug_frame   0x00004710      0x160 CMakeFiles/Multi_Controller.dir/USB_DEVICE/App/usbd_desc.c.obj
 .debug_frame   0x00004870       0xbc CMakeFiles/Multi_Controller.dir/USB_DEVICE/App/usbd_cdc_if.c.obj
 .debug_frame   0x0000492c      0x240 CMakeFiles/Multi_Controller.dir/Core/Src/main.c.obj
 .debug_frame   0x00004b6c      0x158 CMakeFiles/Multi_Controller.dir/Core/Src/stm32f1xx_it.c.obj
 .debug_frame   0x00004cc4       0xc8 CMakeFiles/Multi_Controller.dir/Core/Src/stm32f1xx_hal_msp.c.obj
 .debug_frame   0x00004d8c       0x28 C:/ST/STM32CubeCLT_1.18.0/GNU-tools-for-STM32/bin/../lib/gcc/arm-none-eabi/13.3.1/../../../../arm-none-eabi/lib/thumb/v7-m/nofp\libg_nano.a(libc_a-memcpy-stub.o)

.debug_info     0x00000000    0x1556f
 .debug_info    0x00000000      0x222 cmake/stm32cubemx/CMakeFiles/STM32_Drivers.dir/__/__/Core/Src/system_stm32f1xx.c.obj
 .debug_info    0x00000222     0x16dc cmake/stm32cubemx/CMakeFiles/STM32_Drivers.dir/__/__/Drivers/STM32F1xx_HAL_Driver/Src/stm32f1xx_hal_pcd.c.obj
 .debug_info    0x000018fe      0x6c3 cmake/stm32cubemx/CMakeFiles/STM32_Drivers.dir/__/__/Drivers/STM32F1xx_HAL_Driver/Src/stm32f1xx_hal_pcd_ex.c.obj
 .debug_info    0x00001fc1     0x17ae cmake/stm32cubemx/CMakeFiles/STM32_Drivers.dir/__/__/Drivers/STM32F1xx_HAL_Driver/Src/stm32f1xx_ll_usb.c.obj
 .debug_info    0x0000376f      0x704 cmake/stm32cubemx/CMakeFiles/STM32_Drivers.dir/__/__/Drivers/STM32F1xx_HAL_Driver/Src/stm32f1xx_hal.c.obj
 .debug_info    0x00003e73      0x7d5 cmake/stm32cubemx/CMakeFiles/STM32_Drivers.dir/__/__/Drivers/STM32F1xx_HAL_Driver/Src/stm32f1xx_hal_rcc.c.obj
 .debug_info    0x00004648      0x3c0 cmake/stm32cubemx/CMakeFiles/STM32_Drivers.dir/__/__/Drivers/STM32F1xx_HAL_Driver/Src/stm32f1xx_hal_rcc_ex.c.obj
 .debug_info    0x00004a08      0x5ab cmake/stm32cubemx/CMakeFiles/STM32_Drivers.dir/__/__/Drivers/STM32F1xx_HAL_Driver/Src/stm32f1xx_hal_gpio.c.obj
 .debug_info    0x00004fb3      0x6d2 cmake/stm32cubemx/CMakeFiles/STM32_Drivers.dir/__/__/Drivers/STM32F1xx_HAL_Driver/Src/stm32f1xx_hal_dma.c.obj
 .debug_info    0x00005685      0xa87 cmake/stm32cubemx/CMakeFiles/STM32_Drivers.dir/__/__/Drivers/STM32F1xx_HAL_Driver/Src/stm32f1xx_hal_cortex.c.obj
 .debug_info    0x0000610c     0x2959 cmake/stm32cubemx/CMakeFiles/STM32_Drivers.dir/__/__/Drivers/STM32F1xx_HAL_Driver/Src/stm32f1xx_hal_tim.c.obj
 .debug_info    0x00008a65     0x149b cmake/stm32cubemx/CMakeFiles/STM32_Drivers.dir/__/__/Drivers/STM32F1xx_HAL_Driver/Src/stm32f1xx_hal_tim_ex.c.obj
 .debug_info    0x00009f00     0x2eed cmake/stm32cubemx/CMakeFiles/STM32_Drivers.dir/__/__/Drivers/STM32F1xx_HAL_Driver/Src/stm32f1xx_hal_uart.c.obj
 .debug_info    0x0000cded      0xa52 cmake/stm32cubemx/CMakeFiles/USB_Device_Library.dir/__/__/Middlewares/ST/STM32_USB_Device_Library/Core/Src/usbd_core.c.obj
 .debug_info    0x0000d83f      0x91c cmake/stm32cubemx/CMakeFiles/USB_Device_Library.dir/__/__/Middlewares/ST/STM32_USB_Device_Library/Core/Src/usbd_ctlreq.c.obj
 .debug_info    0x0000e15b      0x6a0 cmake/stm32cubemx/CMakeFiles/USB_Device_Library.dir/__/__/Middlewares/ST/STM32_USB_Device_Library/Core/Src/usbd_ioreq.c.obj
 .debug_info    0x0000e7fb     0x1043 cmake/stm32cubemx/CMakeFiles/USB_Device_Library.dir/__/__/Middlewares/ST/STM32_USB_Device_Library/Class/CDC/Src/usbd_cdc.c.obj
 .debug_info    0x0000f83e     0x1864 CMakeFiles/Multi_Controller.dir/USB_DEVICE/Target/usbd_conf.c.obj
 .debug_info    0x000110a2      0x63d CMakeFiles/Multi_Controller.dir/USB_DEVICE/App/usb_device.c.obj
 .debug_info    0x000116df      0x44a CMakeFiles/Multi_Controller.dir/USB_DEVICE/App/usbd_desc.c.obj
 .debug_info    0x00011b29      0x88b CMakeFiles/Multi_Controller.dir/USB_DEVICE/App/usbd_cdc_if.c.obj
 .debug_info    0x000123b4     0x154e CMakeFiles/Multi_Controller.dir/Core/Src/main.c.obj
 .debug_info    0x00013902      0xdef CMakeFiles/Multi_Controller.dir/Core/Src/stm32f1xx_it.c.obj
 .debug_info    0x000146f1      0xd2d CMakeFiles/Multi_Controller.dir/Core/Src/stm32f1xx_hal_msp.c.obj
 .debug_info    0x0001541e       0x30 CMakeFiles/Multi_Controller.dir/startup_stm32f103xb.s.obj
 .debug_info    0x0001544e      0x121 C:/ST/STM32CubeCLT_1.18.0/GNU-tools-for-STM32/bin/../lib/gcc/arm-none-eabi/13.3.1/../../../../arm-none-eabi/lib/thumb/v7-m/nofp\libg_nano.a(libc_a-memcpy-stub.o)

.debug_abbrev   0x00000000     0x3720
 .debug_abbrev  0x00000000      0x13f cmake/stm32cubemx/CMakeFiles/STM32_Drivers.dir/__/__/Core/Src/system_stm32f1xx.c.obj
 .debug_abbrev  0x0000013f      0x2d6 cmake/stm32cubemx/CMakeFiles/STM32_Drivers.dir/__/__/Drivers/STM32F1xx_HAL_Driver/Src/stm32f1xx_hal_pcd.c.obj
 .debug_abbrev  0x00000415      0x189 cmake/stm32cubemx/CMakeFiles/STM32_Drivers.dir/__/__/Drivers/STM32F1xx_HAL_Driver/Src/stm32f1xx_hal_pcd_ex.c.obj
 .debug_abbrev  0x0000059e      0x1de cmake/stm32cubemx/CMakeFiles/STM32_Drivers.dir/__/__/Drivers/STM32F1xx_HAL_Driver/Src/stm32f1xx_ll_usb.c.obj
 .debug_abbrev  0x0000077c      0x201 cmake/stm32cubemx/CMakeFiles/STM32_Drivers.dir/__/__/Drivers/STM32F1xx_HAL_Driver/Src/stm32f1xx_hal.c.obj
 .debug_abbrev  0x0000097d      0x2b3 cmake/stm32cubemx/CMakeFiles/STM32_Drivers.dir/__/__/Drivers/STM32F1xx_HAL_Driver/Src/stm32f1xx_hal_rcc.c.obj
 .debug_abbrev  0x00000c30      0x188 cmake/stm32cubemx/CMakeFiles/STM32_Drivers.dir/__/__/Drivers/STM32F1xx_HAL_Driver/Src/stm32f1xx_hal_rcc_ex.c.obj
 .debug_abbrev  0x00000db8      0x1ca cmake/stm32cubemx/CMakeFiles/STM32_Drivers.dir/__/__/Drivers/STM32F1xx_HAL_Driver/Src/stm32f1xx_hal_gpio.c.obj
 .debug_abbrev  0x00000f82      0x20b cmake/stm32cubemx/CMakeFiles/STM32_Drivers.dir/__/__/Drivers/STM32F1xx_HAL_Driver/Src/stm32f1xx_hal_dma.c.obj
 .debug_abbrev  0x0000118d      0x2f8 cmake/stm32cubemx/CMakeFiles/STM32_Drivers.dir/__/__/Drivers/STM32F1xx_HAL_Driver/Src/stm32f1xx_hal_cortex.c.obj
 .debug_abbrev  0x00001485      0x277 cmake/stm32cubemx/CMakeFiles/STM32_Drivers.dir/__/__/Drivers/STM32F1xx_HAL_Driver/Src/stm32f1xx_hal_tim.c.obj
 .debug_abbrev  0x000016fc      0x282 cmake/stm32cubemx/CMakeFiles/STM32_Drivers.dir/__/__/Drivers/STM32F1xx_HAL_Driver/Src/stm32f1xx_hal_tim_ex.c.obj
 .debug_abbrev  0x0000197e      0x2f8 cmake/stm32cubemx/CMakeFiles/STM32_Drivers.dir/__/__/Drivers/STM32F1xx_HAL_Driver/Src/stm32f1xx_hal_uart.c.obj
 .debug_abbrev  0x00001c76      0x24a cmake/stm32cubemx/CMakeFiles/USB_Device_Library.dir/__/__/Middlewares/ST/STM32_USB_Device_Library/Core/Src/usbd_core.c.obj
 .debug_abbrev  0x00001ec0      0x26b cmake/stm32cubemx/CMakeFiles/USB_Device_Library.dir/__/__/Middlewares/ST/STM32_USB_Device_Library/Core/Src/usbd_ctlreq.c.obj
 .debug_abbrev  0x0000212b      0x192 cmake/stm32cubemx/CMakeFiles/USB_Device_Library.dir/__/__/Middlewares/ST/STM32_USB_Device_Library/Core/Src/usbd_ioreq.c.obj
 .debug_abbrev  0x000022bd      0x2d3 cmake/stm32cubemx/CMakeFiles/USB_Device_Library.dir/__/__/Middlewares/ST/STM32_USB_Device_Library/Class/CDC/Src/usbd_cdc.c.obj
 .debug_abbrev  0x00002590      0x316 CMakeFiles/Multi_Controller.dir/USB_DEVICE/Target/usbd_conf.c.obj
 .debug_abbrev  0x000028a6      0x18d CMakeFiles/Multi_Controller.dir/USB_DEVICE/App/usb_device.c.obj
 .debug_abbrev  0x00002a33      0x1ff CMakeFiles/Multi_Controller.dir/USB_DEVICE/App/usbd_desc.c.obj
 .debug_abbrev  0x00002c32      0x271 CMakeFiles/Multi_Controller.dir/USB_DEVICE/App/usbd_cdc_if.c.obj
 .debug_abbrev  0x00002ea3      0x3ee CMakeFiles/Multi_Controller.dir/Core/Src/main.c.obj
 .debug_abbrev  0x00003291      0x1cd CMakeFiles/Multi_Controller.dir/Core/Src/stm32f1xx_it.c.obj
 .debug_abbrev  0x0000345e      0x1dd CMakeFiles/Multi_Controller.dir/Core/Src/stm32f1xx_hal_msp.c.obj
 .debug_abbrev  0x0000363b       0x24 CMakeFiles/Multi_Controller.dir/startup_stm32f103xb.s.obj
 .debug_abbrev  0x0000365f       0xc1 C:/ST/STM32CubeCLT_1.18.0/GNU-tools-for-STM32/bin/../lib/gcc/arm-none-eabi/13.3.1/../../../../arm-none-eabi/lib/thumb/v7-m/nofp\libg_nano.a(libc_a-memcpy-stub.o)

.debug_aranges  0x00000000     0x12e8
 .debug_aranges
                0x00000000       0x28 cmake/stm32cubemx/CMakeFiles/STM32_Drivers.dir/__/__/Core/Src/system_stm32f1xx.c.obj
 .debug_aranges
                0x00000028      0x140 cmake/stm32cubemx/CMakeFiles/STM32_Drivers.dir/__/__/Drivers/STM32F1xx_HAL_Driver/Src/stm32f1xx_hal_pcd.c.obj
 .debug_aranges
                0x00000168       0x38 cmake/stm32cubemx/CMakeFiles/STM32_Drivers.dir/__/__/Drivers/STM32F1xx_HAL_Driver/Src/stm32f1xx_hal_pcd_ex.c.obj
 .debug_aranges
                0x000001a0       0xf8 cmake/stm32cubemx/CMakeFiles/STM32_Drivers.dir/__/__/Drivers/STM32F1xx_HAL_Driver/Src/stm32f1xx_ll_usb.c.obj
 .debug_aranges
                0x00000298       0xe0 cmake/stm32cubemx/CMakeFiles/STM32_Drivers.dir/__/__/Drivers/STM32F1xx_HAL_Driver/Src/stm32f1xx_hal.c.obj
 .debug_aranges
                0x00000378       0x90 cmake/stm32cubemx/CMakeFiles/STM32_Drivers.dir/__/__/Drivers/STM32F1xx_HAL_Driver/Src/stm32f1xx_hal_rcc.c.obj
 .debug_aranges
                0x00000408       0x30 cmake/stm32cubemx/CMakeFiles/STM32_Drivers.dir/__/__/Drivers/STM32F1xx_HAL_Driver/Src/stm32f1xx_hal_rcc_ex.c.obj
 .debug_aranges
                0x00000438       0x58 cmake/stm32cubemx/CMakeFiles/STM32_Drivers.dir/__/__/Drivers/STM32F1xx_HAL_Driver/Src/stm32f1xx_hal_gpio.c.obj
 .debug_aranges
                0x00000490       0x80 cmake/stm32cubemx/CMakeFiles/STM32_Drivers.dir/__/__/Drivers/STM32F1xx_HAL_Driver/Src/stm32f1xx_hal_dma.c.obj
 .debug_aranges
                0x00000510      0x100 cmake/stm32cubemx/CMakeFiles/STM32_Drivers.dir/__/__/Drivers/STM32F1xx_HAL_Driver/Src/stm32f1xx_hal_cortex.c.obj
 .debug_aranges
                0x00000610      0x3d0 cmake/stm32cubemx/CMakeFiles/STM32_Drivers.dir/__/__/Drivers/STM32F1xx_HAL_Driver/Src/stm32f1xx_hal_tim.c.obj
 .debug_aranges
                0x000009e0      0x168 cmake/stm32cubemx/CMakeFiles/STM32_Drivers.dir/__/__/Drivers/STM32F1xx_HAL_Driver/Src/stm32f1xx_hal_tim_ex.c.obj